Archive member included because of file (symbol)

/usr/bin/../lib/gcc/arm-unknown-linux-gnu/4.3.4/libgcc.a(_udivsi3.o)
                              ./src/helpers.o (__udivsi3)
/usr/bin/../lib/gcc/arm-unknown-linux-gnu/4.3.4/libgcc.a(_divsi3.o)
                              ./src/games/games.o (__divsi3)
/usr/bin/../lib/gcc/arm-unknown-linux-gnu/4.3.4/libgcc.a(_modsi3.o)
                              ./src/gui.o (__modsi3)
/usr/bin/../lib/gcc/arm-unknown-linux-gnu/4.3.4/libgcc.a(_dvmd_tls.o)
                              /usr/bin/../lib/gcc/arm-unknown-linux-gnu/4.3.4/libgcc.a(_udivsi3.o) (__div0)
/usr/bin/../lib/gcc/arm-unknown-linux-gnu/4.3.4/libgcc.a(_addsubdf3.o)
                              ./src/print.o (__subdf3)
/usr/bin/../lib/gcc/arm-unknown-linux-gnu/4.3.4/libgcc.a(_muldivdf3.o)
                              ./src/cJSON.o (__muldf3)
/usr/bin/../lib/gcc/arm-unknown-linux-gnu/4.3.4/libgcc.a(_cmpdf2.o)
                              ./src/cJSON.o (__gedf2)
/usr/bin/../lib/gcc/arm-unknown-linux-gnu/4.3.4/libgcc.a(_fixdfsi.o)
                              ./src/cJSON.o (__fixdfsi)
/usr/bin/../lib/gcc/arm-unknown-linux-gnu/4.3.4/libgcc.a(_addsubsf3.o)
                              ./src/games/games.o (__addsf3)
/cygdrive/C/glibc-oabi-toolchain-arm-generic/arm-unknown-linux-gnu//sys-root/usr/lib/libc_nonshared.a(elf-init.oS)
                              /cygdrive/C/glibc-oabi-toolchain-arm-generic/arm-unknown-linux-gnu//sys-root/usr/lib/crt1.o (__libc_csu_fini)

Discarded input sections

 .note.GNU-stack
                0x00000000        0x0 /cygdrive/C/glibc-oabi-toolchain-arm-generic/arm-unknown-linux-gnu//sys-root/usr/lib/crt1.o
 .note.GNU-stack
                0x00000000        0x0 /cygdrive/C/glibc-oabi-toolchain-arm-generic/arm-unknown-linux-gnu//sys-root/usr/lib/crti.o
 .note.GNU-stack
                0x00000000        0x0 /usr/bin/../lib/gcc/arm-unknown-linux-gnu/4.3.4/crtbegin.o
 .note.GNU-stack
                0x00000000        0x0 ./src/games/games.o
 .note.GNU-stack
                0x00000000        0x0 ./src/MCNEW_POS.o
 .note.GNU-stack
                0x00000000        0x0 ./src/auth.o
 .note.GNU-stack
                0x00000000        0x0 ./src/cJSON.o
 .note.GNU-stack
                0x00000000        0x0 ./src/constants.o
 .note.GNU-stack
                0x00000000        0x0 ./src/gui.o
 .note.GNU-stack
                0x00000000        0x0 ./src/helpers.o
 .note.GNU-stack
                0x00000000        0x0 ./src/lkd.o
 .note.GNU-stack
                0x00000000        0x0 ./src/modalYesNo.o
 .note.GNU-stack
                0x00000000        0x0 ./src/print.o
 .note.GNU-stack
                0x00000000        0x0 /usr/bin/../lib/gcc/arm-unknown-linux-gnu/4.3.4/libgcc.a(_udivsi3.o)
 .note.GNU-stack
                0x00000000        0x0 /usr/bin/../lib/gcc/arm-unknown-linux-gnu/4.3.4/libgcc.a(_divsi3.o)
 .note.GNU-stack
                0x00000000        0x0 /usr/bin/../lib/gcc/arm-unknown-linux-gnu/4.3.4/libgcc.a(_modsi3.o)
 .note.GNU-stack
                0x00000000        0x0 /usr/bin/../lib/gcc/arm-unknown-linux-gnu/4.3.4/libgcc.a(_dvmd_tls.o)
 .note.GNU-stack
                0x00000000        0x0 /usr/bin/../lib/gcc/arm-unknown-linux-gnu/4.3.4/libgcc.a(_addsubdf3.o)
 .note.GNU-stack
                0x00000000        0x0 /usr/bin/../lib/gcc/arm-unknown-linux-gnu/4.3.4/libgcc.a(_muldivdf3.o)
 .note.GNU-stack
                0x00000000        0x0 /usr/bin/../lib/gcc/arm-unknown-linux-gnu/4.3.4/libgcc.a(_cmpdf2.o)
 .note.GNU-stack
                0x00000000        0x0 /usr/bin/../lib/gcc/arm-unknown-linux-gnu/4.3.4/libgcc.a(_fixdfsi.o)
 .note.GNU-stack
                0x00000000        0x0 /usr/bin/../lib/gcc/arm-unknown-linux-gnu/4.3.4/libgcc.a(_addsubsf3.o)
 .note.GNU-stack
                0x00000000        0x0 /cygdrive/C/glibc-oabi-toolchain-arm-generic/arm-unknown-linux-gnu//sys-root/usr/lib/libc_nonshared.a(elf-init.oS)
 .note.GNU-stack
                0x00000000        0x0 /usr/bin/../lib/gcc/arm-unknown-linux-gnu/4.3.4/crtend.o
 .note.GNU-stack
                0x00000000        0x0 /cygdrive/C/glibc-oabi-toolchain-arm-generic/arm-unknown-linux-gnu//sys-root/usr/lib/crtn.o

Memory Configuration

Name             Origin             Length             Attributes
*default*        0x00000000         0xffffffff

Linker script and memory map

LOAD /cygdrive/C/glibc-oabi-toolchain-arm-generic/arm-unknown-linux-gnu//sys-root/usr/lib/crt1.o
LOAD /cygdrive/C/glibc-oabi-toolchain-arm-generic/arm-unknown-linux-gnu//sys-root/usr/lib/crti.o
LOAD /usr/bin/../lib/gcc/arm-unknown-linux-gnu/4.3.4/crtbegin.o
LOAD ./src/games/games.o
LOAD ./src/MCNEW_POS.o
LOAD ./src/auth.o
LOAD ./src/cJSON.o
LOAD ./src/constants.o
LOAD ./src/gui.o
LOAD ./src/helpers.o
LOAD ./src/lkd.o
LOAD ./src/modalYesNo.o
LOAD ./src/print.o
LOAD C:\src\NEW8210\seos\lib/libseos.so
LOAD C:\src\NEW8210\sdk8210\lib/libcurl.so
LOAD C:\src\NEW8210\sdk8210\lib/libz.so
LOAD C:\src\NEW8210\sdk8210\lib/libpng.so
LOAD C:\src\NEW8210\sdk8210\lib/libpos.so
LOAD C:\src\NEW8210\sdk8210\lib/libfusion.so
LOAD C:\src\NEW8210\sdk8210\lib/libdirect.so
LOAD C:\src\NEW8210\sdk8210\lib/libdirectfb.so
LOAD C:\src\NEW8210\sdk8210\lib/libssl.so
LOAD C:\src\NEW8210\sdk8210\lib/libiccard.so
LOAD C:\src\NEW8210\sdk8210\lib/libnfc.so
LOAD C:\src\NEW8210\sdk8210\lib/libped.so
LOAD C:\src\NEW8210\sdk8210\lib/libemv.so
LOAD C:\src\NEW8210\sdk8210\lib/libcrypto.so
LOAD C:\src\NEW8210\fribidi\lib/libfribidi.so
LOAD /usr/bin/../lib/gcc/arm-unknown-linux-gnu/4.3.4/libgcc.a
LOAD /cygdrive/C/glibc-oabi-toolchain-arm-generic/arm-unknown-linux-gnu//sys-root/lib/libgcc_s.so
LOAD /cygdrive/C/glibc-oabi-toolchain-arm-generic/arm-unknown-linux-gnu//sys-root/usr/lib/libc.so
START GROUP
LOAD /cygdrive/C/glibc-oabi-toolchain-arm-generic/arm-unknown-linux-gnu//sys-root/lib/libc.so.6
LOAD /cygdrive/C/glibc-oabi-toolchain-arm-generic/arm-unknown-linux-gnu//sys-root/usr/lib/libc_nonshared.a
LOAD /cygdrive/C/glibc-oabi-toolchain-arm-generic/arm-unknown-linux-gnu//sys-root/lib/ld-linux.so.2
END GROUP
LOAD /usr/bin/../lib/gcc/arm-unknown-linux-gnu/4.3.4/libgcc.a
LOAD /cygdrive/C/glibc-oabi-toolchain-arm-generic/arm-unknown-linux-gnu//sys-root/lib/libgcc_s.so
LOAD /usr/bin/../lib/gcc/arm-unknown-linux-gnu/4.3.4/crtend.o
LOAD /cygdrive/C/glibc-oabi-toolchain-arm-generic/arm-unknown-linux-gnu//sys-root/usr/lib/crtn.o
                0x00008000                PROVIDE (__executable_start, 0x8000)
                0x00008154                . = (0x8000 + SIZEOF_HEADERS)

.interp         0x00008154       0x13
 *(.interp)
 .interp        0x00008154       0x13 /cygdrive/C/glibc-oabi-toolchain-arm-generic/arm-unknown-linux-gnu//sys-root/usr/lib/crti.o

.note.ABI-tag   0x00008168       0x20
 .note.ABI-tag  0x00008168       0x20 /cygdrive/C/glibc-oabi-toolchain-arm-generic/arm-unknown-linux-gnu//sys-root/usr/lib/crt1.o

.note.gnu.build-id
 *(.note.gnu.build-id)

.hash           0x00008188      0x298
 *(.hash)
 .hash          0x00008188      0x298 /cygdrive/C/glibc-oabi-toolchain-arm-generic/arm-unknown-linux-gnu//sys-root/usr/lib/crti.o

.gnu.hash
 *(.gnu.hash)

.dynsym         0x00008420      0x610
 *(.dynsym)
 .dynsym        0x00008420      0x610 /cygdrive/C/glibc-oabi-toolchain-arm-generic/arm-unknown-linux-gnu//sys-root/usr/lib/crti.o

.dynstr         0x00008a30      0x51d
 *(.dynstr)
 .dynstr        0x00008a30      0x51d /cygdrive/C/glibc-oabi-toolchain-arm-generic/arm-unknown-linux-gnu//sys-root/usr/lib/crti.o

.gnu.version    0x00008f4e       0xc2
 *(.gnu.version)
 .gnu.version   0x00008f4e       0xc2 /cygdrive/C/glibc-oabi-toolchain-arm-generic/arm-unknown-linux-gnu//sys-root/usr/lib/crti.o

.gnu.version_d  0x00009010        0x0
 *(.gnu.version_d)
 .gnu.version_d
                0x00000000        0x0 /cygdrive/C/glibc-oabi-toolchain-arm-generic/arm-unknown-linux-gnu//sys-root/usr/lib/crti.o

.gnu.version_r  0x00009010       0x40
 *(.gnu.version_r)
 .gnu.version_r
                0x00009010       0x40 /cygdrive/C/glibc-oabi-toolchain-arm-generic/arm-unknown-linux-gnu//sys-root/usr/lib/crti.o

.rel.dyn        0x00009050        0x8
 *(.rel.init)
 *(.rel.text .rel.text.* .rel.gnu.linkonce.t.*)
 *(.rel.fini)
 *(.rel.rodata .rel.rodata.* .rel.gnu.linkonce.r.*)
 *(.rel.data.rel.ro* .rel.gnu.linkonce.d.rel.ro.*)
 *(.rel.data .rel.data.* .rel.gnu.linkonce.d.*)
 *(.rel.tdata .rel.tdata.* .rel.gnu.linkonce.td.*)
 *(.rel.tbss .rel.tbss.* .rel.gnu.linkonce.tb.*)
 *(.rel.ctors)
 *(.rel.dtors)
 *(.rel.got)
 .rel.got       0x00009050        0x8 /cygdrive/C/glibc-oabi-toolchain-arm-generic/arm-unknown-linux-gnu//sys-root/usr/lib/crti.o
 *(.rel.bss .rel.bss.* .rel.gnu.linkonce.b.*)
 .rel.bss       0x00000000        0x0 /cygdrive/C/glibc-oabi-toolchain-arm-generic/arm-unknown-linux-gnu//sys-root/usr/lib/crti.o

.rela.dyn
 *(.rela.init)
 *(.rela.text .rela.text.* .rela.gnu.linkonce.t.*)
 *(.rela.fini)
 *(.rela.rodata .rela.rodata.* .rela.gnu.linkonce.r.*)
 *(.rela.data .rela.data.* .rela.gnu.linkonce.d.*)
 *(.rela.tdata .rela.tdata.* .rela.gnu.linkonce.td.*)
 *(.rela.tbss .rela.tbss.* .rela.gnu.linkonce.tb.*)
 *(.rela.ctors)
 *(.rela.dtors)
 *(.rela.got)
 *(.rela.bss .rela.bss.* .rela.gnu.linkonce.b.*)

.rel.plt        0x00009058      0x2a0
 *(.rel.plt)
 .rel.plt       0x00009058      0x2a0 /cygdrive/C/glibc-oabi-toolchain-arm-generic/arm-unknown-linux-gnu//sys-root/usr/lib/crti.o

.rela.plt
 *(.rela.plt)

.init           0x000092f8       0x14
 *(.init)
 .init          0x000092f8        0x8 /cygdrive/C/glibc-oabi-toolchain-arm-generic/arm-unknown-linux-gnu//sys-root/usr/lib/crti.o
                0x000092f8                _init
 .init          0x00009300        0x4 /usr/bin/../lib/gcc/arm-unknown-linux-gnu/4.3.4/crtbegin.o
 .init          0x00009304        0x4 /usr/bin/../lib/gcc/arm-unknown-linux-gnu/4.3.4/crtend.o
 .init          0x00009308        0x4 /cygdrive/C/glibc-oabi-toolchain-arm-generic/arm-unknown-linux-gnu//sys-root/usr/lib/crtn.o

.plt            0x0000930c      0x404
 *(.plt)
 .plt           0x0000930c      0x404 /cygdrive/C/glibc-oabi-toolchain-arm-generic/arm-unknown-linux-gnu//sys-root/usr/lib/crti.o
                0x00009320                fputs@@GLIBC_2.0
                0x0000932c                abort@@GLIBC_2.0
                0x00009338                sprintf@@GLIBC_2.0
                0x00009344                srand@@GLIBC_2.0
                0x00009350                charset_convert
                0x0000935c                curl_easy_getinfo
                0x00009368                dfb_get_primay_layer
                0x00009374                kbFlush
                0x00009380                curl_easy_setopt
                0x0000938c                lcdGetSize
                0x00009398                printer_open
                0x000093b0                fileExist
                0x000093bc                realloc@@GLIBC_2.0
                0x000093c8                lcdGetSurface
                0x000093d4                curl_global_cleanup
                0x000093e0                localtime@@GLIBC_2.0
                0x000093ec                strtod@@GLIBC_2.0
                0x000093f8                vsnprintf@@GLIBC_2.0
                0x00009404                sysReadSN
                0x00009410                prnInit
                0x0000941c                memset@@GLIBC_2.0
                0x00009428                prnPrintf
                0x00009434                fileSize
                0x00009440                __libc_start_main@@GLIBC_2.0
                0x0000944c                lcdFlip
                0x00009458                PPPCheck
                0x00009464                WnetInit
                0x00009470                printer_get_param
                0x0000947c                curl_easy_init
                0x00009488                usleep@@GLIBC_2.0
                0x00009494                free@@GLIBC_2.0
                0x000094a0                sys_battery_info
                0x000094ac                beep
                0x000094b8                access@@GLIBC_2.0
                0x000094c4                prnStart
                0x000094d0                __ctype_b_loc@@GLIBC_2.3
                0x000094dc                curl_slist_append
                0x000094e8                WnetCheckSim
                0x000094f4                fclose@@GLIBC_2.1
                0x00009500                application_exit
                0x0000950c                fileRead
                0x00009518                curl_slist_free_all
                0x00009524                memcpy@@GLIBC_2.0
                0x00009530                strlen@@GLIBC_2.0
                0x0000953c                fopen@@GLIBC_2.1
                0x00009548                lcdGetFontHeight
                0x00009554                kbGetKey
                0x00009560                strcpy@@GLIBC_2.0
                0x0000956c                printer_close
                0x00009578                dfb_get_directfb
                0x00009584                print_surface
                0x00009590                curl_easy_perform
                0x0000959c                lcdCls
                0x000095a8                atoi@@GLIBC_2.0
                0x000095b4                lcdGetFgWindow
                0x000095c0                curl_easy_cleanup
                0x000095cc                sys_get_status_bar_height
                0x000095d8                sysDelayMs
                0x000095e4                kbGetKeyMs
                0x000095f0                time@@GLIBC_2.0
                0x000095fc                strncat@@GLIBC_2.0
                0x00009608                malloc@@GLIBC_2.0
                0x00009614                lcdSetFont
                0x00009620                lcdSetFgColor
                0x0000962c                prnStatus
                0x00009638                fileOpen
                0x00009644                memmove@@GLIBC_2.0
                0x00009650                printer_get_status
                0x0000965c                dfb_create_font
                0x00009668                lcdSetBgColor
                0x00009674                puts@@GLIBC_2.0
                0x00009680                PPPLogin
                0x0000968c                application_init
                0x00009698                sscanf@@GLIBC_2.0
                0x000096a4                strncmp@@GLIBC_2.0
                0x000096b0                curl_global_init
                0x000096bc                prnClose
                0x000096c8                PPPLogout
                0x000096d4                prnStep
                0x000096e0                tolower@@GLIBC_2.0
                0x000096ec                strcmp@@GLIBC_2.0
                0x000096f8                curl_easy_strerror
                0x00009704                fileClose

.text           0x00009710    0x1b27c
 *(.text .stub .text.* .gnu.linkonce.t.*)
 .text          0x00009710       0x38 /cygdrive/C/glibc-oabi-toolchain-arm-generic/arm-unknown-linux-gnu//sys-root/usr/lib/crt1.o
                0x00009710                _start
 .text          0x00009748       0x24 /cygdrive/C/glibc-oabi-toolchain-arm-generic/arm-unknown-linux-gnu//sys-root/usr/lib/crti.o
 .text          0x0000976c       0xb4 /usr/bin/../lib/gcc/arm-unknown-linux-gnu/4.3.4/crtbegin.o
 .text          0x00009820     0x7130 ./src/games/games.o
                0x0000dcd8                getLotsByDate
                0x0000e7c0                getReports
                0x0000f904                getTicketsWon
                0x0000a0c8                getTirageType
                0x0000d8bc                getLotsGagnants
                0x0000b178                postFiches
                0x0000d3a0                make_post_fiches
                0x0001045c                getFiches
                0x000099a0                getConfiguration
 .text          0x00010950      0x930 ./src/MCNEW_POS.o
                0x00010ad0                main
 .text          0x00011280      0x99c ./src/auth.o
                0x00011400                postHandleLogin
 .text          0x00011c1c     0x6314 ./src/cJSON.o
                0x00013f24                cJSON_PrintUnformatted
                0x00013ab8                cJSON_ParseWithOpts
                0x0001796c                cJSON_IsObject
                0x00016b54                cJSON_CreateRaw
                0x00013ef0                cJSON_Print
                0x00013ccc                cJSON_Parse
                0x000178bc                cJSON_IsString
                0x00016794                cJSON_CreateTrue
                0x00015eb0                cJSON_AddNumberToObject
                0x000177b4                cJSON_IsBool
                0x00017ec8                cJSON_malloc
                0x00017864                cJSON_IsNumber
                0x00015534                cJSON_GetArraySize
                0x00016214                cJSON_DetachItemFromArray
                0x0001775c                cJSON_IsTrue
                0x00011c4c                cJSON_GetStringValue
                0x00016bf0                cJSON_CreateArray
                0x000162fc                cJSON_DetachItemFromObjectCaseSensitive
                0x00017378                cJSON_Minify
                0x00016a84                cJSON_CreateObjectReference
                0x000167dc                cJSON_CreateFalse
                0x00015f3c                cJSON_AddStringToObject
                0x00015d34                cJSON_AddTrueToObject
                0x00015e2c                cJSON_AddBoolToObject
                0x0001714c                cJSON_Duplicate
                0x000166dc                cJSON_ReplaceItemInObject
                0x000160c0                cJSON_AddArrayToObject
                0x00011c1c                cJSON_GetErrorPtr
                0x0001674c                cJSON_CreateNull
                0x0001627c                cJSON_DeleteItemFromArray
                0x0001780c                cJSON_IsNull
                0x00015cb8                cJSON_AddNullToObject
                0x00016714                cJSON_ReplaceItemInObjectCaseSensitive
                0x00015808                cJSON_HasObjectItem
                0x000159f0                cJSON_AddItemToArray
                0x00013f58                cJSON_PrintBuffered
                0x000176ac                cJSON_IsInvalid
                0x00015c50                cJSON_AddItemReferenceToObject
                0x000163b4                cJSON_InsertItemInArray
                0x0001647c                cJSON_ReplaceItemViaPointer
                0x00017914                cJSON_IsArray
                0x00015bc0                cJSON_AddItemToObjectCS
                0x00015fc0                cJSON_AddRawToObject
                0x00011fdc                cJSON_Delete
                0x00015b7c                cJSON_AddItemToObject
                0x0001659c                cJSON_ReplaceItemInArray
                0x00016dbc                cJSON_CreateFloatArray
                0x00017a1c                cJSON_Compare
                0x00016c80                cJSON_CreateIntArray
                0x00016a1c                cJSON_CreateStringReference
                0x000179c4                cJSON_IsRaw
                0x00017024                cJSON_CreateStringArray
                0x00015db0                cJSON_AddFalseToObject
                0x000162b4                cJSON_DetachItemFromObject
                0x00011e8c                cJSON_InitHooks
                0x000157d0                cJSON_GetObjectItemCaseSensitive
                0x00016824                cJSON_CreateBool
                0x00016344                cJSON_DeleteItemFromObject
                0x00016980                cJSON_CreateString
                0x00016044                cJSON_AddObjectToObject
                0x00016aec                cJSON_CreateArrayReference
                0x00012478                cJSON_SetNumberHelper
                0x0001564c                cJSON_GetArrayItem
                0x00011c9c                cJSON_Version
                0x00017f00                cJSON_free
                0x00016894                cJSON_CreateNumber
                0x00015798                cJSON_GetObjectItem
                0x00016c38                cJSON_CreateObject
                0x00017704                cJSON_IsFalse
                0x00015c04                cJSON_AddItemReferenceToArray
                0x0001613c                cJSON_DetachItemViaPointer
                0x0001637c                cJSON_DeleteItemFromObjectCaseSensitive
                0x00014078                cJSON_PrintPreallocated
                0x00016ef8                cJSON_CreateDoubleArray
 .text          0x00017f30        0x0 ./src/constants.o
 .text          0x00017f30     0x154c ./src/gui.o
                0x00018758                handleDDateInput
                0x000180b0                renderDDate
                0x0001882c                handleEntryInput
                0x00018434                renderEntry
 .text          0x0001947c     0x532c ./src/helpers.o
                0x0001e720                kb_getkey
                0x0001de4c                setOptionBouleItem
                0x0001a99c                lcd_draw_rectangle
                0x0001a220                write_to_file
                0x0001e538                freeTirageItems
                0x0001bddc                lcdmenu_ticket
                0x00019c3c                make_post_request
                0x0001995c                make_get_request
                0x0001c7a4                bouleItemPrintf
                0x0001b840                lcdmenu_tirage
                0x0001d82c                freeItems
                0x0001a81c                drawpicture
                0x0001a42c                string_len
                0x0001dcf4                readServer
                0x0001e314                addTirageItem
                0x000195fc                check_connection
                0x0001d9f8                hasInfoTirageByName
                0x0001a59c                get_current_y
                0x0001df00                setPrnY
                0x0001df48                printerprintf
                0x0001ccf8                editableList
                0x0001ab00                lcdprintfon
                0x0001b3fc                lcdprintfex
                0x00019f18                make_http_request
                0x0001a2a0                read_from_file
                0x0001dbdc                deleteInfoTirageByIndex
                0x0001df28                getPrnY
                0x0001a5e0                lcd_header
                0x0001dd98                removeCharAtIndex
                0x0001af88                lcdprintf
                0x0001d8ac                deleteInfoTirageByName
                0x0001a5bc                lcdclean
                0x0001da94                addItem
                0x0001e5d0                deleteTirageByIndex
                0x0001d800                Beep
                0x0001a490                string_covert
                0x0001b470                lcdmenu
 .text          0x0001e7a8     0x1704 ./src/lkd.o
                0x0001f584                addBouleMarriage
                0x0001f24c                addBouleRevers
                0x0001ea34                getElement
                0x0001eb58                addElement
                0x0001f8b8                addBouleL4
                0x0001f024                addBouleTriple
                0x0001fc88                addPwent
                0x0001e9f8                destroyList
                0x0001ee04                addBoulePaire
                0x0001ec8c                deleteByIndex
                0x0001e928                createList
 .text          0x0001feac      0x720 ./src/modalYesNo.o
                0x0002002c                yesNo
 .text          0x000205cc     0x3288 ./src/print.o
                0x00021ab0                print_rapport
                0x000226f0                reprint_fiche
                0x000208f4                print_fiche
                0x0002074c                TestPrinter
 .text          0x00023854      0x110 /usr/bin/../lib/gcc/arm-unknown-linux-gnu/4.3.4/libgcc.a(_udivsi3.o)
                0x00023854                __udivsi3
                0x00023854                __aeabi_uidiv
                0x0002394c                __aeabi_uidivmod
 .text          0x00023964      0x140 /usr/bin/../lib/gcc/arm-unknown-linux-gnu/4.3.4/libgcc.a(_divsi3.o)
                0x00023964                __divsi3
                0x00023a8c                __aeabi_idivmod
                0x00023964                __aeabi_idiv
 .text          0x00023aa4       0xe4 /usr/bin/../lib/gcc/arm-unknown-linux-gnu/4.3.4/libgcc.a(_modsi3.o)
                0x00023aa4                __modsi3
 .text          0x00023b88        0x4 /usr/bin/../lib/gcc/arm-unknown-linux-gnu/4.3.4/libgcc.a(_dvmd_tls.o)
                0x00023b88                __div0
                0x00023b88                __aeabi_idiv0
                0x00023b88                __aeabi_ldiv0
 .text          0x00023b8c      0x400 /usr/bin/../lib/gcc/arm-unknown-linux-gnu/4.3.4/libgcc.a(_addsubdf3.o)
                0x00023f0c                __floatundidf
                0x00023ea0                __floatsidf
                0x00023e78                __aeabi_ui2d
                0x00023ea0                __aeabi_i2d
                0x00023e78                __floatunsidf
                0x00023b94                __subdf3
                0x00023f20                __floatdidf
                0x00023b98                __adddf3
                0x00023f20                __aeabi_l2d
                0x00023ecc                __aeabi_f2d
                0x00023f0c                __aeabi_ul2d
                0x00023b8c                __aeabi_drsub
                0x00023ecc                __extendsfdf2
                0x00023b98                __aeabi_dadd
                0x00023b94                __aeabi_dsub
 .text          0x00023f8c      0x52c /usr/bin/../lib/gcc/arm-unknown-linux-gnu/4.3.4/libgcc.a(_muldivdf3.o)
                0x00023f8c                __muldf3
                0x000242b4                __divdf3
                0x00023f8c                __aeabi_dmul
                0x000242b4                __aeabi_ddiv
 .text          0x000244b8      0x128 /usr/bin/../lib/gcc/arm-unknown-linux-gnu/4.3.4/libgcc.a(_cmpdf2.o)
                0x000244b8                __gtdf2
                0x000244c0                __ltdf2
                0x00024568                __aeabi_cdcmple
                0x000244b8                __gedf2
                0x000245cc                __aeabi_dcmpgt
                0x000244c0                __ledf2
                0x00024568                __aeabi_cdcmpeq
                0x0002457c                __aeabi_dcmpeq
                0x000245a4                __aeabi_dcmple
                0x000245b8                __aeabi_dcmpge
                0x000244c8                __cmpdf2
                0x00024590                __aeabi_dcmplt
                0x000244c8                __nedf2
                0x0002454c                __aeabi_cdrcmple
                0x000244c8                __eqdf2
 .text          0x000245e0       0x5c /usr/bin/../lib/gcc/arm-unknown-linux-gnu/4.3.4/libgcc.a(_fixdfsi.o)
                0x000245e0                __fixdfsi
                0x000245e0                __aeabi_d2iz
 .text          0x0002463c      0x2ac /usr/bin/../lib/gcc/arm-unknown-linux-gnu/4.3.4/libgcc.a(_addsubsf3.o)
                0x00024648                __aeabi_fadd
                0x0002483c                __aeabi_l2f
                0x0002482c                __aeabi_ul2f
                0x00024644                __subsf3
                0x0002480c                __floatsisf
                0x00024648                __addsf3
                0x0002463c                __aeabi_frsub
                0x0002483c                __floatdisf
                0x00024644                __aeabi_fsub
                0x00024804                __aeabi_ui2f
                0x0002480c                __aeabi_i2f
                0x00024804                __floatunsisf
                0x0002482c                __floatundisf
 .text          0x000248e8       0x70 /cygdrive/C/glibc-oabi-toolchain-arm-generic/arm-unknown-linux-gnu//sys-root/usr/lib/libc_nonshared.a(elf-init.oS)
                0x000248e8                __libc_csu_fini
                0x000248ec                __libc_csu_init
 .text          0x00024958       0x34 /usr/bin/../lib/gcc/arm-unknown-linux-gnu/4.3.4/crtend.o
 .text          0x0002498c        0x0 /cygdrive/C/glibc-oabi-toolchain-arm-generic/arm-unknown-linux-gnu//sys-root/usr/lib/crtn.o
 *(.gnu.warning)
 *(.glue_7t)
 .glue_7t       0x0002498c        0x0 /cygdrive/C/glibc-oabi-toolchain-arm-generic/arm-unknown-linux-gnu//sys-root/usr/lib/crt1.o
 .glue_7t       0x0002498c        0x0 /cygdrive/C/glibc-oabi-toolchain-arm-generic/arm-unknown-linux-gnu//sys-root/usr/lib/crti.o
 .glue_7t       0x0002498c        0x0 /usr/bin/../lib/gcc/arm-unknown-linux-gnu/4.3.4/crtbegin.o
 .glue_7t       0x0002498c        0x0 ./src/games/games.o
 .glue_7t       0x0002498c        0x0 ./src/MCNEW_POS.o
 .glue_7t       0x0002498c        0x0 ./src/auth.o
 .glue_7t       0x0002498c        0x0 ./src/cJSON.o
 .glue_7t       0x0002498c        0x0 ./src/constants.o
 .glue_7t       0x0002498c        0x0 ./src/gui.o
 .glue_7t       0x0002498c        0x0 ./src/helpers.o
 .glue_7t       0x0002498c        0x0 ./src/lkd.o
 .glue_7t       0x0002498c        0x0 ./src/modalYesNo.o
 .glue_7t       0x0002498c        0x0 ./src/print.o
 .glue_7t       0x0002498c        0x0 C:\src\NEW8210\seos\lib/libseos.so
 .glue_7t       0x0002498c        0x0 C:\src\NEW8210\sdk8210\lib/libcurl.so
 .glue_7t       0x0002498c        0x0 C:\src\NEW8210\sdk8210\lib/libz.so
 .glue_7t       0x0002498c        0x0 C:\src\NEW8210\sdk8210\lib/libpng.so
 .glue_7t       0x0002498c        0x0 C:\src\NEW8210\sdk8210\lib/libpos.so
 .glue_7t       0x0002498c        0x0 C:\src\NEW8210\sdk8210\lib/libfusion.so
 .glue_7t       0x0002498c        0x0 C:\src\NEW8210\sdk8210\lib/libdirect.so
 .glue_7t       0x0002498c        0x0 C:\src\NEW8210\sdk8210\lib/libdirectfb.so
 .glue_7t       0x0002498c        0x0 C:\src\NEW8210\sdk8210\lib/libssl.so
 .glue_7t       0x0002498c        0x0 C:\src\NEW8210\sdk8210\lib/libiccard.so
 .glue_7t       0x0002498c        0x0 C:\src\NEW8210\sdk8210\lib/libnfc.so
 .glue_7t       0x0002498c        0x0 C:\src\NEW8210\sdk8210\lib/libped.so
 .glue_7t       0x0002498c        0x0 C:\src\NEW8210\sdk8210\lib/libemv.so
 .glue_7t       0x0002498c        0x0 C:\src\NEW8210\sdk8210\lib/libcrypto.so
 .glue_7t       0x0002498c        0x0 C:\src\NEW8210\fribidi\lib/libfribidi.so
 .glue_7t       0x0002498c        0x0 /usr/bin/../lib/gcc/arm-unknown-linux-gnu/4.3.4/libgcc.a(_udivsi3.o)
 .glue_7t       0x0002498c        0x0 /usr/bin/../lib/gcc/arm-unknown-linux-gnu/4.3.4/libgcc.a(_divsi3.o)
 .glue_7t       0x0002498c        0x0 /usr/bin/../lib/gcc/arm-unknown-linux-gnu/4.3.4/libgcc.a(_modsi3.o)
 .glue_7t       0x0002498c        0x0 /usr/bin/../lib/gcc/arm-unknown-linux-gnu/4.3.4/libgcc.a(_dvmd_tls.o)
 .glue_7t       0x0002498c        0x0 /usr/bin/../lib/gcc/arm-unknown-linux-gnu/4.3.4/libgcc.a(_addsubdf3.o)
 .glue_7t       0x0002498c        0x0 /usr/bin/../lib/gcc/arm-unknown-linux-gnu/4.3.4/libgcc.a(_muldivdf3.o)
 .glue_7t       0x0002498c        0x0 /usr/bin/../lib/gcc/arm-unknown-linux-gnu/4.3.4/libgcc.a(_cmpdf2.o)
 .glue_7t       0x0002498c        0x0 /usr/bin/../lib/gcc/arm-unknown-linux-gnu/4.3.4/libgcc.a(_fixdfsi.o)
 .glue_7t       0x0002498c        0x0 /usr/bin/../lib/gcc/arm-unknown-linux-gnu/4.3.4/libgcc.a(_addsubsf3.o)
 .glue_7t       0x0002498c        0x0 /cygdrive/C/glibc-oabi-toolchain-arm-generic/arm-unknown-linux-gnu//sys-root/lib/libgcc_s.so
 .glue_7t       0x0002498c        0x0 /cygdrive/C/glibc-oabi-toolchain-arm-generic/arm-unknown-linux-gnu//sys-root/lib/libc.so.6
 .glue_7t       0x0002498c        0x0 /cygdrive/C/glibc-oabi-toolchain-arm-generic/arm-unknown-linux-gnu//sys-root/usr/lib/libc_nonshared.a(elf-init.oS)
 .glue_7t       0x0002498c        0x0 /cygdrive/C/glibc-oabi-toolchain-arm-generic/arm-unknown-linux-gnu//sys-root/lib/ld-linux.so.2
 .glue_7t       0x0002498c        0x0 /cygdrive/C/glibc-oabi-toolchain-arm-generic/arm-unknown-linux-gnu//sys-root/lib/libgcc_s.so
 .glue_7t       0x0002498c        0x0 /usr/bin/../lib/gcc/arm-unknown-linux-gnu/4.3.4/crtend.o
 .glue_7t       0x0002498c        0x0 /cygdrive/C/glibc-oabi-toolchain-arm-generic/arm-unknown-linux-gnu//sys-root/usr/lib/crtn.o
 *(.glue_7)
 .glue_7        0x0002498c        0x0 /cygdrive/C/glibc-oabi-toolchain-arm-generic/arm-unknown-linux-gnu//sys-root/usr/lib/crt1.o
 .glue_7        0x0002498c        0x0 /cygdrive/C/glibc-oabi-toolchain-arm-generic/arm-unknown-linux-gnu//sys-root/usr/lib/crti.o
 .glue_7        0x0002498c        0x0 /usr/bin/../lib/gcc/arm-unknown-linux-gnu/4.3.4/crtbegin.o
 .glue_7        0x0002498c        0x0 ./src/games/games.o
 .glue_7        0x0002498c        0x0 ./src/MCNEW_POS.o
 .glue_7        0x0002498c        0x0 ./src/auth.o
 .glue_7        0x0002498c        0x0 ./src/cJSON.o
 .glue_7        0x0002498c        0x0 ./src/constants.o
 .glue_7        0x0002498c        0x0 ./src/gui.o
 .glue_7        0x0002498c        0x0 ./src/helpers.o
 .glue_7        0x0002498c        0x0 ./src/lkd.o
 .glue_7        0x0002498c        0x0 ./src/modalYesNo.o
 .glue_7        0x0002498c        0x0 ./src/print.o
 .glue_7        0x0002498c        0x0 C:\src\NEW8210\seos\lib/libseos.so
 .glue_7        0x0002498c        0x0 C:\src\NEW8210\sdk8210\lib/libcurl.so
 .glue_7        0x0002498c        0x0 C:\src\NEW8210\sdk8210\lib/libz.so
 .glue_7        0x0002498c        0x0 C:\src\NEW8210\sdk8210\lib/libpng.so
 .glue_7        0x0002498c        0x0 C:\src\NEW8210\sdk8210\lib/libpos.so
 .glue_7        0x0002498c        0x0 C:\src\NEW8210\sdk8210\lib/libfusion.so
 .glue_7        0x0002498c        0x0 C:\src\NEW8210\sdk8210\lib/libdirect.so
 .glue_7        0x0002498c        0x0 C:\src\NEW8210\sdk8210\lib/libdirectfb.so
 .glue_7        0x0002498c        0x0 C:\src\NEW8210\sdk8210\lib/libssl.so
 .glue_7        0x0002498c        0x0 C:\src\NEW8210\sdk8210\lib/libiccard.so
 .glue_7        0x0002498c        0x0 C:\src\NEW8210\sdk8210\lib/libnfc.so
 .glue_7        0x0002498c        0x0 C:\src\NEW8210\sdk8210\lib/libped.so
 .glue_7        0x0002498c        0x0 C:\src\NEW8210\sdk8210\lib/libemv.so
 .glue_7        0x0002498c        0x0 C:\src\NEW8210\sdk8210\lib/libcrypto.so
 .glue_7        0x0002498c        0x0 C:\src\NEW8210\fribidi\lib/libfribidi.so
 .glue_7        0x0002498c        0x0 /usr/bin/../lib/gcc/arm-unknown-linux-gnu/4.3.4/libgcc.a(_udivsi3.o)
 .glue_7        0x0002498c        0x0 /usr/bin/../lib/gcc/arm-unknown-linux-gnu/4.3.4/libgcc.a(_divsi3.o)
 .glue_7        0x0002498c        0x0 /usr/bin/../lib/gcc/arm-unknown-linux-gnu/4.3.4/libgcc.a(_modsi3.o)
 .glue_7        0x0002498c        0x0 /usr/bin/../lib/gcc/arm-unknown-linux-gnu/4.3.4/libgcc.a(_dvmd_tls.o)
 .glue_7        0x0002498c        0x0 /usr/bin/../lib/gcc/arm-unknown-linux-gnu/4.3.4/libgcc.a(_addsubdf3.o)
 .glue_7        0x0002498c        0x0 /usr/bin/../lib/gcc/arm-unknown-linux-gnu/4.3.4/libgcc.a(_muldivdf3.o)
 .glue_7        0x0002498c        0x0 /usr/bin/../lib/gcc/arm-unknown-linux-gnu/4.3.4/libgcc.a(_cmpdf2.o)
 .glue_7        0x0002498c        0x0 /usr/bin/../lib/gcc/arm-unknown-linux-gnu/4.3.4/libgcc.a(_fixdfsi.o)
 .glue_7        0x0002498c        0x0 /usr/bin/../lib/gcc/arm-unknown-linux-gnu/4.3.4/libgcc.a(_addsubsf3.o)
 .glue_7        0x0002498c        0x0 /cygdrive/C/glibc-oabi-toolchain-arm-generic/arm-unknown-linux-gnu//sys-root/lib/libgcc_s.so
 .glue_7        0x0002498c        0x0 /cygdrive/C/glibc-oabi-toolchain-arm-generic/arm-unknown-linux-gnu//sys-root/lib/libc.so.6
 .glue_7        0x0002498c        0x0 /cygdrive/C/glibc-oabi-toolchain-arm-generic/arm-unknown-linux-gnu//sys-root/usr/lib/libc_nonshared.a(elf-init.oS)
 .glue_7        0x0002498c        0x0 /cygdrive/C/glibc-oabi-toolchain-arm-generic/arm-unknown-linux-gnu//sys-root/lib/ld-linux.so.2
 .glue_7        0x0002498c        0x0 /cygdrive/C/glibc-oabi-toolchain-arm-generic/arm-unknown-linux-gnu//sys-root/lib/libgcc_s.so
 .glue_7        0x0002498c        0x0 /usr/bin/../lib/gcc/arm-unknown-linux-gnu/4.3.4/crtend.o
 .glue_7        0x0002498c        0x0 /cygdrive/C/glibc-oabi-toolchain-arm-generic/arm-unknown-linux-gnu//sys-root/usr/lib/crtn.o
 *(.vfp11_veneer)
 .vfp11_veneer  0x0002498c        0x0 /cygdrive/C/glibc-oabi-toolchain-arm-generic/arm-unknown-linux-gnu//sys-root/usr/lib/crt1.o
 .vfp11_veneer  0x0002498c        0x0 /cygdrive/C/glibc-oabi-toolchain-arm-generic/arm-unknown-linux-gnu//sys-root/usr/lib/crti.o
 .vfp11_veneer  0x0002498c        0x0 /usr/bin/../lib/gcc/arm-unknown-linux-gnu/4.3.4/crtbegin.o
 .vfp11_veneer  0x0002498c        0x0 ./src/games/games.o
 .vfp11_veneer  0x0002498c        0x0 ./src/MCNEW_POS.o
 .vfp11_veneer  0x0002498c        0x0 ./src/auth.o
 .vfp11_veneer  0x0002498c        0x0 ./src/cJSON.o
 .vfp11_veneer  0x0002498c        0x0 ./src/constants.o
 .vfp11_veneer  0x0002498c        0x0 ./src/gui.o
 .vfp11_veneer  0x0002498c        0x0 ./src/helpers.o
 .vfp11_veneer  0x0002498c        0x0 ./src/lkd.o
 .vfp11_veneer  0x0002498c        0x0 ./src/modalYesNo.o
 .vfp11_veneer  0x0002498c        0x0 ./src/print.o
 .vfp11_veneer  0x0002498c        0x0 C:\src\NEW8210\seos\lib/libseos.so
 .vfp11_veneer  0x0002498c        0x0 C:\src\NEW8210\sdk8210\lib/libcurl.so
 .vfp11_veneer  0x0002498c        0x0 C:\src\NEW8210\sdk8210\lib/libz.so
 .vfp11_veneer  0x0002498c        0x0 C:\src\NEW8210\sdk8210\lib/libpng.so
 .vfp11_veneer  0x0002498c        0x0 C:\src\NEW8210\sdk8210\lib/libpos.so
 .vfp11_veneer  0x0002498c        0x0 C:\src\NEW8210\sdk8210\lib/libfusion.so
 .vfp11_veneer  0x0002498c        0x0 C:\src\NEW8210\sdk8210\lib/libdirect.so
 .vfp11_veneer  0x0002498c        0x0 C:\src\NEW8210\sdk8210\lib/libdirectfb.so
 .vfp11_veneer  0x0002498c        0x0 C:\src\NEW8210\sdk8210\lib/libssl.so
 .vfp11_veneer  0x0002498c        0x0 C:\src\NEW8210\sdk8210\lib/libiccard.so
 .vfp11_veneer  0x0002498c        0x0 C:\src\NEW8210\sdk8210\lib/libnfc.so
 .vfp11_veneer  0x0002498c        0x0 C:\src\NEW8210\sdk8210\lib/libped.so
 .vfp11_veneer  0x0002498c        0x0 C:\src\NEW8210\sdk8210\lib/libemv.so
 .vfp11_veneer  0x0002498c        0x0 C:\src\NEW8210\sdk8210\lib/libcrypto.so
 .vfp11_veneer  0x0002498c        0x0 C:\src\NEW8210\fribidi\lib/libfribidi.so
 .vfp11_veneer  0x0002498c        0x0 /usr/bin/../lib/gcc/arm-unknown-linux-gnu/4.3.4/libgcc.a(_udivsi3.o)
 .vfp11_veneer  0x0002498c        0x0 /usr/bin/../lib/gcc/arm-unknown-linux-gnu/4.3.4/libgcc.a(_divsi3.o)
 .vfp11_veneer  0x0002498c        0x0 /usr/bin/../lib/gcc/arm-unknown-linux-gnu/4.3.4/libgcc.a(_modsi3.o)
 .vfp11_veneer  0x0002498c        0x0 /usr/bin/../lib/gcc/arm-unknown-linux-gnu/4.3.4/libgcc.a(_dvmd_tls.o)
 .vfp11_veneer  0x0002498c        0x0 /usr/bin/../lib/gcc/arm-unknown-linux-gnu/4.3.4/libgcc.a(_addsubdf3.o)
 .vfp11_veneer  0x0002498c        0x0 /usr/bin/../lib/gcc/arm-unknown-linux-gnu/4.3.4/libgcc.a(_muldivdf3.o)
 .vfp11_veneer  0x0002498c        0x0 /usr/bin/../lib/gcc/arm-unknown-linux-gnu/4.3.4/libgcc.a(_cmpdf2.o)
 .vfp11_veneer  0x0002498c        0x0 /usr/bin/../lib/gcc/arm-unknown-linux-gnu/4.3.4/libgcc.a(_fixdfsi.o)
 .vfp11_veneer  0x0002498c        0x0 /usr/bin/../lib/gcc/arm-unknown-linux-gnu/4.3.4/libgcc.a(_addsubsf3.o)
 .vfp11_veneer  0x0002498c        0x0 /cygdrive/C/glibc-oabi-toolchain-arm-generic/arm-unknown-linux-gnu//sys-root/lib/libgcc_s.so
 .vfp11_veneer  0x0002498c        0x0 /cygdrive/C/glibc-oabi-toolchain-arm-generic/arm-unknown-linux-gnu//sys-root/lib/libc.so.6
 .vfp11_veneer  0x0002498c        0x0 /cygdrive/C/glibc-oabi-toolchain-arm-generic/arm-unknown-linux-gnu//sys-root/usr/lib/libc_nonshared.a(elf-init.oS)
 .vfp11_veneer  0x0002498c        0x0 /cygdrive/C/glibc-oabi-toolchain-arm-generic/arm-unknown-linux-gnu//sys-root/lib/ld-linux.so.2
 .vfp11_veneer  0x0002498c        0x0 /cygdrive/C/glibc-oabi-toolchain-arm-generic/arm-unknown-linux-gnu//sys-root/lib/libgcc_s.so
 .vfp11_veneer  0x0002498c        0x0 /usr/bin/../lib/gcc/arm-unknown-linux-gnu/4.3.4/crtend.o
 .vfp11_veneer  0x0002498c        0x0 /cygdrive/C/glibc-oabi-toolchain-arm-generic/arm-unknown-linux-gnu//sys-root/usr/lib/crtn.o
 *(.v4_bx)
 .v4_bx         0x0002498c        0x0 /cygdrive/C/glibc-oabi-toolchain-arm-generic/arm-unknown-linux-gnu//sys-root/usr/lib/crt1.o
 .v4_bx         0x0002498c        0x0 /cygdrive/C/glibc-oabi-toolchain-arm-generic/arm-unknown-linux-gnu//sys-root/usr/lib/crti.o
 .v4_bx         0x0002498c        0x0 /usr/bin/../lib/gcc/arm-unknown-linux-gnu/4.3.4/crtbegin.o
 .v4_bx         0x0002498c        0x0 ./src/games/games.o
 .v4_bx         0x0002498c        0x0 ./src/MCNEW_POS.o
 .v4_bx         0x0002498c        0x0 ./src/auth.o
 .v4_bx         0x0002498c        0x0 ./src/cJSON.o
 .v4_bx         0x0002498c        0x0 ./src/constants.o
 .v4_bx         0x0002498c        0x0 ./src/gui.o
 .v4_bx         0x0002498c        0x0 ./src/helpers.o
 .v4_bx         0x0002498c        0x0 ./src/lkd.o
 .v4_bx         0x0002498c        0x0 ./src/modalYesNo.o
 .v4_bx         0x0002498c        0x0 ./src/print.o
 .v4_bx         0x0002498c        0x0 C:\src\NEW8210\seos\lib/libseos.so
 .v4_bx         0x0002498c        0x0 C:\src\NEW8210\sdk8210\lib/libcurl.so
 .v4_bx         0x0002498c        0x0 C:\src\NEW8210\sdk8210\lib/libz.so
 .v4_bx         0x0002498c        0x0 C:\src\NEW8210\sdk8210\lib/libpng.so
 .v4_bx         0x0002498c        0x0 C:\src\NEW8210\sdk8210\lib/libpos.so
 .v4_bx         0x0002498c        0x0 C:\src\NEW8210\sdk8210\lib/libfusion.so
 .v4_bx         0x0002498c        0x0 C:\src\NEW8210\sdk8210\lib/libdirect.so
 .v4_bx         0x0002498c        0x0 C:\src\NEW8210\sdk8210\lib/libdirectfb.so
 .v4_bx         0x0002498c        0x0 C:\src\NEW8210\sdk8210\lib/libssl.so
 .v4_bx         0x0002498c        0x0 C:\src\NEW8210\sdk8210\lib/libiccard.so
 .v4_bx         0x0002498c        0x0 C:\src\NEW8210\sdk8210\lib/libnfc.so
 .v4_bx         0x0002498c        0x0 C:\src\NEW8210\sdk8210\lib/libped.so
 .v4_bx         0x0002498c        0x0 C:\src\NEW8210\sdk8210\lib/libemv.so
 .v4_bx         0x0002498c        0x0 C:\src\NEW8210\sdk8210\lib/libcrypto.so
 .v4_bx         0x0002498c        0x0 C:\src\NEW8210\fribidi\lib/libfribidi.so
 .v4_bx         0x0002498c        0x0 /usr/bin/../lib/gcc/arm-unknown-linux-gnu/4.3.4/libgcc.a(_udivsi3.o)
 .v4_bx         0x0002498c        0x0 /usr/bin/../lib/gcc/arm-unknown-linux-gnu/4.3.4/libgcc.a(_divsi3.o)
 .v4_bx         0x0002498c        0x0 /usr/bin/../lib/gcc/arm-unknown-linux-gnu/4.3.4/libgcc.a(_modsi3.o)
 .v4_bx         0x0002498c        0x0 /usr/bin/../lib/gcc/arm-unknown-linux-gnu/4.3.4/libgcc.a(_dvmd_tls.o)
 .v4_bx         0x0002498c        0x0 /usr/bin/../lib/gcc/arm-unknown-linux-gnu/4.3.4/libgcc.a(_addsubdf3.o)
 .v4_bx         0x0002498c        0x0 /usr/bin/../lib/gcc/arm-unknown-linux-gnu/4.3.4/libgcc.a(_muldivdf3.o)
 .v4_bx         0x0002498c        0x0 /usr/bin/../lib/gcc/arm-unknown-linux-gnu/4.3.4/libgcc.a(_cmpdf2.o)
 .v4_bx         0x0002498c        0x0 /usr/bin/../lib/gcc/arm-unknown-linux-gnu/4.3.4/libgcc.a(_fixdfsi.o)
 .v4_bx         0x0002498c        0x0 /usr/bin/../lib/gcc/arm-unknown-linux-gnu/4.3.4/libgcc.a(_addsubsf3.o)
 .v4_bx         0x0002498c        0x0 /cygdrive/C/glibc-oabi-toolchain-arm-generic/arm-unknown-linux-gnu//sys-root/lib/libgcc_s.so
 .v4_bx         0x0002498c        0x0 /cygdrive/C/glibc-oabi-toolchain-arm-generic/arm-unknown-linux-gnu//sys-root/lib/libc.so.6
 .v4_bx         0x0002498c        0x0 /cygdrive/C/glibc-oabi-toolchain-arm-generic/arm-unknown-linux-gnu//sys-root/usr/lib/libc_nonshared.a(elf-init.oS)
 .v4_bx         0x0002498c        0x0 /cygdrive/C/glibc-oabi-toolchain-arm-generic/arm-unknown-linux-gnu//sys-root/lib/ld-linux.so.2
 .v4_bx         0x0002498c        0x0 /cygdrive/C/glibc-oabi-toolchain-arm-generic/arm-unknown-linux-gnu//sys-root/lib/libgcc_s.so
 .v4_bx         0x0002498c        0x0 /usr/bin/../lib/gcc/arm-unknown-linux-gnu/4.3.4/crtend.o
 .v4_bx         0x0002498c        0x0 /cygdrive/C/glibc-oabi-toolchain-arm-generic/arm-unknown-linux-gnu//sys-root/usr/lib/crtn.o

.fini           0x0002498c        0xc
 *(.fini)
 .fini          0x0002498c        0x4 /cygdrive/C/glibc-oabi-toolchain-arm-generic/arm-unknown-linux-gnu//sys-root/usr/lib/crti.o
                0x0002498c                _fini
 .fini          0x00024990        0x4 /usr/bin/../lib/gcc/arm-unknown-linux-gnu/4.3.4/crtbegin.o
 .fini          0x00024994        0x4 /cygdrive/C/glibc-oabi-toolchain-arm-generic/arm-unknown-linux-gnu//sys-root/usr/lib/crtn.o
                0x00024998                PROVIDE (__etext, .)
                0x00024998                PROVIDE (_etext, .)
                0x00024998                PROVIDE (etext, .)

.rodata         0x00024998     0x135c
 *(.rodata .rodata.* .gnu.linkonce.r.*)
 .rodata.cst4   0x00024998        0x4 /cygdrive/C/glibc-oabi-toolchain-arm-generic/arm-unknown-linux-gnu//sys-root/usr/lib/crt1.o
                0x00024998                _IO_stdin_used
 .rodata        0x0002499c      0x6f4 ./src/games/games.o
 .rodata        0x00025090      0x100 ./src/MCNEW_POS.o
 .rodata        0x00025190      0x124 ./src/auth.o
 .rodata        0x000252b4       0xb0 ./src/cJSON.o
 .rodata        0x00025364      0x1d8 ./src/helpers.o
 .rodata        0x0002553c       0xdc ./src/lkd.o
 .rodata        0x00025618       0xac ./src/modalYesNo.o
 .rodata        0x000256c4      0x630 ./src/print.o

.rodata1
 *(.rodata1)

.eh_frame_hdr
 *(.eh_frame_hdr)

.eh_frame       0x00025cf4        0x4
 *(.eh_frame)
 .eh_frame      0x00025cf4        0x4 /usr/bin/../lib/gcc/arm-unknown-linux-gnu/4.3.4/crtend.o

.gcc_except_table
 *(.gcc_except_table .gcc_except_table.*)
                0x00025cf8                . = (ALIGN (0x8000) - ((0x8000 - .) & 0x7fff))
                0x0002deac                . = (0x8000 DATA_SEGMENT_ALIGN 0x1000)

.eh_frame
 *(.eh_frame)

.gcc_except_table
 *(.gcc_except_table .gcc_except_table.*)

.tdata
 *(.tdata .tdata.* .gnu.linkonce.td.*)

.tbss
 *(.tbss .tbss.* .gnu.linkonce.tb.*)
 *(.tcommon)

.preinit_array  0x0002deac        0x0
                0x0002deac                PROVIDE (__preinit_array_start, .)
 *(.preinit_array)
                0x0002deac                PROVIDE (__preinit_array_end, .)

.init_array     0x0002deac        0x0
                0x0002deac                PROVIDE (__init_array_start, .)
 *(SORT(.init_array.*))
 *(.init_array)
                0x0002deac                PROVIDE (__init_array_end, .)

.fini_array     0x0002deac        0x0
                0x0002deac                PROVIDE (__fini_array_start, .)
 *(.fini_array)
 *(SORT(.fini_array.*))
                0x0002deac                PROVIDE (__fini_array_end, .)

.ctors          0x0002deac        0x8
 *crtbegin.o(.ctors)
 .ctors         0x0002deac        0x4 /usr/bin/../lib/gcc/arm-unknown-linux-gnu/4.3.4/crtbegin.o
 *crtbegin?.o(.ctors)
 *(EXCLUDE_FILE(*crtend?.o *crtend.o) .ctors)
 *(SORT(.ctors.*))
 *(.ctors)
 .ctors         0x0002deb0        0x4 /usr/bin/../lib/gcc/arm-unknown-linux-gnu/4.3.4/crtend.o

.dtors          0x0002deb4        0x8
 *crtbegin.o(.dtors)
 .dtors         0x0002deb4        0x4 /usr/bin/../lib/gcc/arm-unknown-linux-gnu/4.3.4/crtbegin.o
 *crtbegin?.o(.dtors)
 *(EXCLUDE_FILE(*crtend?.o *crtend.o) .dtors)
 *(SORT(.dtors.*))
 *(.dtors)
 .dtors         0x0002deb8        0x4 /usr/bin/../lib/gcc/arm-unknown-linux-gnu/4.3.4/crtend.o
                0x0002deb8                __DTOR_END__

.jcr            0x0002debc        0x4
 *(.jcr)
 .jcr           0x0002debc        0x0 /usr/bin/../lib/gcc/arm-unknown-linux-gnu/4.3.4/crtbegin.o
 .jcr           0x0002debc        0x4 /usr/bin/../lib/gcc/arm-unknown-linux-gnu/4.3.4/crtend.o

.data.rel.ro
 *(.data.rel.ro.local* .gnu.linkonce.d.rel.ro.local.*)
 *(.data.rel.ro* .gnu.linkonce.d.rel.ro.*)

.dynamic        0x0002dec0      0x140
 *(.dynamic)
 .dynamic       0x0002dec0      0x140 /cygdrive/C/glibc-oabi-toolchain-arm-generic/arm-unknown-linux-gnu//sys-root/usr/lib/crti.o
                0x0002dec0                _DYNAMIC
                0x0002e000                . = (. DATA_SEGMENT_RELRO_END 0x0)

.got            0x0002e000      0x160
 *(.got.plt)
 .got.plt       0x0002e000      0x15c /cygdrive/C/glibc-oabi-toolchain-arm-generic/arm-unknown-linux-gnu//sys-root/usr/lib/crti.o
                0x0002e000                _GLOBAL_OFFSET_TABLE_
 *(.got)
 .got           0x0002e15c        0x4 /cygdrive/C/glibc-oabi-toolchain-arm-generic/arm-unknown-linux-gnu//sys-root/usr/lib/crti.o

.data           0x0002e160       0x50
                0x0002e160                __data_start = .
 *(.data .data.* .gnu.linkonce.d.*)
 .data          0x0002e160        0x4 /cygdrive/C/glibc-oabi-toolchain-arm-generic/arm-unknown-linux-gnu//sys-root/usr/lib/crt1.o
                0x0002e160                data_start
 .data          0x0002e164        0x0 /cygdrive/C/glibc-oabi-toolchain-arm-generic/arm-unknown-linux-gnu//sys-root/usr/lib/crti.o
 .data          0x0002e164        0x8 /usr/bin/../lib/gcc/arm-unknown-linux-gnu/4.3.4/crtbegin.o
                0x0002e168                __dso_handle
 .data          0x0002e16c        0x0 ./src/games/games.o
 .data          0x0002e16c        0x0 ./src/MCNEW_POS.o
 .data          0x0002e16c        0x0 ./src/auth.o
 .data          0x0002e16c        0xc ./src/cJSON.o
 .data          0x0002e178       0x2c ./src/constants.o
                0x0002e17c                colorWhite
                0x0002e194                colorWarning
                0x0002e19c                colorSuccess
                0x0002e188                colorSecondary
                0x0002e1a0                colorGrey
                0x0002e190                colorInfo
                0x0002e18c                colorLight
                0x0002e198                colorDanger
                0x0002e184                colorPrimary
                0x0002e180                colorBlack
                0x0002e178                SIZE_WIDGET
 .data          0x0002e1a4        0x0 ./src/gui.o
 .data          0x0002e1a4        0x8 ./src/helpers.o
                0x0002e1a8                prn_current_y
 .data          0x0002e1ac        0x0 ./src/lkd.o
 .data          0x0002e1ac        0x0 ./src/modalYesNo.o
 .data          0x0002e1ac        0x0 ./src/print.o
 .data          0x0002e1ac        0x0 /usr/bin/../lib/gcc/arm-unknown-linux-gnu/4.3.4/libgcc.a(_udivsi3.o)
 .data          0x0002e1ac        0x0 /usr/bin/../lib/gcc/arm-unknown-linux-gnu/4.3.4/libgcc.a(_divsi3.o)
 .data          0x0002e1ac        0x0 /usr/bin/../lib/gcc/arm-unknown-linux-gnu/4.3.4/libgcc.a(_modsi3.o)
 .data          0x0002e1ac        0x0 /usr/bin/../lib/gcc/arm-unknown-linux-gnu/4.3.4/libgcc.a(_dvmd_tls.o)
 .data          0x0002e1ac        0x0 /usr/bin/../lib/gcc/arm-unknown-linux-gnu/4.3.4/libgcc.a(_addsubdf3.o)
 .data          0x0002e1ac        0x0 /usr/bin/../lib/gcc/arm-unknown-linux-gnu/4.3.4/libgcc.a(_muldivdf3.o)
 .data          0x0002e1ac        0x0 /usr/bin/../lib/gcc/arm-unknown-linux-gnu/4.3.4/libgcc.a(_cmpdf2.o)
 .data          0x0002e1ac        0x0 /usr/bin/../lib/gcc/arm-unknown-linux-gnu/4.3.4/libgcc.a(_fixdfsi.o)
 .data          0x0002e1ac        0x0 /usr/bin/../lib/gcc/arm-unknown-linux-gnu/4.3.4/libgcc.a(_addsubsf3.o)
 .data          0x0002e1ac        0x0 /cygdrive/C/glibc-oabi-toolchain-arm-generic/arm-unknown-linux-gnu//sys-root/usr/lib/libc_nonshared.a(elf-init.oS)
 .data          0x0002e1ac        0x4 /usr/bin/../lib/gcc/arm-unknown-linux-gnu/4.3.4/crtend.o
 .data          0x0002e1b0        0x0 /cygdrive/C/glibc-oabi-toolchain-arm-generic/arm-unknown-linux-gnu//sys-root/usr/lib/crtn.o

.data1
 *(.data1)
                0x0002e1b0                _edata = .
                0x0002e1b0                PROVIDE (edata, .)
                0x0002e1b0                __bss_start = .
                0x0002e1b0                __bss_start__ = .

.bss            0x0002e1b0       0x2c
 *(.dynbss)
 .dynbss        0x00000000        0x0 /cygdrive/C/glibc-oabi-toolchain-arm-generic/arm-unknown-linux-gnu//sys-root/usr/lib/crti.o
 *(.bss .bss.* .gnu.linkonce.b.*)
 .bss           0x0002e1b0        0x0 /cygdrive/C/glibc-oabi-toolchain-arm-generic/arm-unknown-linux-gnu//sys-root/usr/lib/crt1.o
 .bss           0x0002e1b0        0x0 /cygdrive/C/glibc-oabi-toolchain-arm-generic/arm-unknown-linux-gnu//sys-root/usr/lib/crti.o
 .bss           0x0002e1b0        0x8 /usr/bin/../lib/gcc/arm-unknown-linux-gnu/4.3.4/crtbegin.o
 .bss           0x0002e1b8        0x0 ./src/games/games.o
 .bss           0x0002e1b8        0x0 ./src/MCNEW_POS.o
 .bss           0x0002e1b8        0x0 ./src/auth.o
 .bss           0x0002e1b8       0x18 ./src/cJSON.o
 .bss           0x0002e1d0        0x0 ./src/constants.o
 .bss           0x0002e1d0        0x8 ./src/gui.o
 .bss           0x0002e1d8        0x4 ./src/helpers.o
 .bss           0x0002e1dc        0x0 ./src/lkd.o
 .bss           0x0002e1dc        0x0 ./src/modalYesNo.o
 .bss           0x0002e1dc        0x0 ./src/print.o
 .bss           0x0002e1dc        0x0 /usr/bin/../lib/gcc/arm-unknown-linux-gnu/4.3.4/libgcc.a(_udivsi3.o)
 .bss           0x0002e1dc        0x0 /usr/bin/../lib/gcc/arm-unknown-linux-gnu/4.3.4/libgcc.a(_divsi3.o)
 .bss           0x0002e1dc        0x0 /usr/bin/../lib/gcc/arm-unknown-linux-gnu/4.3.4/libgcc.a(_modsi3.o)
 .bss           0x0002e1dc        0x0 /usr/bin/../lib/gcc/arm-unknown-linux-gnu/4.3.4/libgcc.a(_dvmd_tls.o)
 .bss           0x0002e1dc        0x0 /usr/bin/../lib/gcc/arm-unknown-linux-gnu/4.3.4/libgcc.a(_addsubdf3.o)
 .bss           0x0002e1dc        0x0 /usr/bin/../lib/gcc/arm-unknown-linux-gnu/4.3.4/libgcc.a(_muldivdf3.o)
 .bss           0x0002e1dc        0x0 /usr/bin/../lib/gcc/arm-unknown-linux-gnu/4.3.4/libgcc.a(_cmpdf2.o)
 .bss           0x0002e1dc        0x0 /usr/bin/../lib/gcc/arm-unknown-linux-gnu/4.3.4/libgcc.a(_fixdfsi.o)
 .bss           0x0002e1dc        0x0 /usr/bin/../lib/gcc/arm-unknown-linux-gnu/4.3.4/libgcc.a(_addsubsf3.o)
 .bss           0x0002e1dc        0x0 /cygdrive/C/glibc-oabi-toolchain-arm-generic/arm-unknown-linux-gnu//sys-root/usr/lib/libc_nonshared.a(elf-init.oS)
 .bss           0x0002e1dc        0x0 /usr/bin/../lib/gcc/arm-unknown-linux-gnu/4.3.4/crtend.o
 .bss           0x0002e1dc        0x0 /cygdrive/C/glibc-oabi-toolchain-arm-generic/arm-unknown-linux-gnu//sys-root/usr/lib/crtn.o
 *(COMMON)
                0x0002e1dc                . = ALIGN ((. != 0x0)?0x4:0x1)
                0x0002e1dc                _bss_end__ = .
                0x0002e1dc                __bss_end__ = .
                0x0002e1dc                . = ALIGN (0x4)
                0x0002e1dc                . = ALIGN (0x4)
                0x0002e1dc                __end__ = .
                0x0002e1dc                _end = .
                0x0002e1dc                PROVIDE (end, .)
                0x0002e1dc                . = DATA_SEGMENT_END (.)

.stab
 *(.stab)

.stabstr
 *(.stabstr)

.stab.excl
 *(.stab.excl)

.stab.exclstr
 *(.stab.exclstr)

.stab.index
 *(.stab.index)

.stab.indexstr
 *(.stab.indexstr)

.comment        0x00000000      0x200
 *(.comment)
 .comment       0x00000000       0x20 /cygdrive/C/glibc-oabi-toolchain-arm-generic/arm-unknown-linux-gnu//sys-root/usr/lib/crt1.o
 .comment       0x00000020       0x20 /cygdrive/C/glibc-oabi-toolchain-arm-generic/arm-unknown-linux-gnu//sys-root/usr/lib/crti.o
 .comment       0x00000040       0x20 /usr/bin/../lib/gcc/arm-unknown-linux-gnu/4.3.4/crtbegin.o
 .comment       0x00000060       0x20 ./src/games/games.o
 .comment       0x00000080       0x20 ./src/MCNEW_POS.o
 .comment       0x000000a0       0x20 ./src/auth.o
 .comment       0x000000c0       0x20 ./src/cJSON.o
 .comment       0x000000e0       0x20 ./src/constants.o
 .comment       0x00000100       0x20 ./src/gui.o
 .comment       0x00000120       0x20 ./src/helpers.o
 .comment       0x00000140       0x20 ./src/lkd.o
 .comment       0x00000160       0x20 ./src/modalYesNo.o
 .comment       0x00000180       0x20 ./src/print.o
 .comment       0x000001a0       0x20 /cygdrive/C/glibc-oabi-toolchain-arm-generic/arm-unknown-linux-gnu//sys-root/usr/lib/libc_nonshared.a(elf-init.oS)
 .comment       0x000001c0       0x20 /usr/bin/../lib/gcc/arm-unknown-linux-gnu/4.3.4/crtend.o
 .comment       0x000001e0       0x20 /cygdrive/C/glibc-oabi-toolchain-arm-generic/arm-unknown-linux-gnu//sys-root/usr/lib/crtn.o

.debug
 *(.debug)

.line
 *(.line)

.debug_srcinfo
 *(.debug_srcinfo)

.debug_sfnames
 *(.debug_sfnames)

.debug_aranges  0x00000000      0x298
 *(.debug_aranges)
 .debug_aranges
                0x00000000       0x30 /cygdrive/C/glibc-oabi-toolchain-arm-generic/arm-unknown-linux-gnu//sys-root/usr/lib/crti.o
 .debug_aranges
                0x00000030       0x20 ./src/games/games.o
 .debug_aranges
                0x00000050       0x20 ./src/MCNEW_POS.o
 .debug_aranges
                0x00000070       0x20 ./src/auth.o
 .debug_aranges
                0x00000090       0x20 ./src/cJSON.o
 .debug_aranges
                0x000000b0       0x20 ./src/gui.o
 .debug_aranges
                0x000000d0       0x20 ./src/helpers.o
 .debug_aranges
                0x000000f0       0x20 ./src/lkd.o
 .debug_aranges
                0x00000110       0x20 ./src/modalYesNo.o
 .debug_aranges
                0x00000130       0x20 ./src/print.o
 .debug_aranges
                0x00000150       0x20 /usr/bin/../lib/gcc/arm-unknown-linux-gnu/4.3.4/libgcc.a(_udivsi3.o)
 .debug_aranges
                0x00000170       0x20 /usr/bin/../lib/gcc/arm-unknown-linux-gnu/4.3.4/libgcc.a(_divsi3.o)
 .debug_aranges
                0x00000190       0x20 /usr/bin/../lib/gcc/arm-unknown-linux-gnu/4.3.4/libgcc.a(_modsi3.o)
 .debug_aranges
                0x000001b0       0x20 /usr/bin/../lib/gcc/arm-unknown-linux-gnu/4.3.4/libgcc.a(_dvmd_tls.o)
 .debug_aranges
                0x000001d0       0x20 /usr/bin/../lib/gcc/arm-unknown-linux-gnu/4.3.4/libgcc.a(_addsubdf3.o)
 .debug_aranges
                0x000001f0       0x20 /usr/bin/../lib/gcc/arm-unknown-linux-gnu/4.3.4/libgcc.a(_muldivdf3.o)
 .debug_aranges
                0x00000210       0x20 /usr/bin/../lib/gcc/arm-unknown-linux-gnu/4.3.4/libgcc.a(_cmpdf2.o)
 .debug_aranges
                0x00000230       0x20 /usr/bin/../lib/gcc/arm-unknown-linux-gnu/4.3.4/libgcc.a(_fixdfsi.o)
 .debug_aranges
                0x00000250       0x20 /usr/bin/../lib/gcc/arm-unknown-linux-gnu/4.3.4/libgcc.a(_addsubsf3.o)
 .debug_aranges
                0x00000270       0x28 /cygdrive/C/glibc-oabi-toolchain-arm-generic/arm-unknown-linux-gnu//sys-root/usr/lib/crtn.o

.debug_pubnames
                0x00000000      0xd58
 *(.debug_pubnames)
 .debug_pubnames
                0x00000000       0xb2 ./src/games/games.o
 .debug_pubnames
                0x000000b2       0x1b ./src/MCNEW_POS.o
 .debug_pubnames
                0x000000cd       0x26 ./src/auth.o
 .debug_pubnames
                0x000000f3      0x74e ./src/cJSON.o
 .debug_pubnames
                0x00000841       0xc1 ./src/constants.o
 .debug_pubnames
                0x00000902       0x5c ./src/gui.o
 .debug_pubnames
                0x0000095e      0x2be ./src/helpers.o
 .debug_pubnames
                0x00000c1c       0xca ./src/lkd.o
 .debug_pubnames
                0x00000ce6       0x1c ./src/modalYesNo.o
 .debug_pubnames
                0x00000d02       0x56 ./src/print.o

.debug_info     0x00000000    0x337df
 *(.debug_info .gnu.linkonce.wi.*)
 .debug_info    0x00000000       0xb8 /cygdrive/C/glibc-oabi-toolchain-arm-generic/arm-unknown-linux-gnu//sys-root/usr/lib/crti.o
 .debug_info    0x000000b8     0x99a9 ./src/games/games.o
 .debug_info    0x00009a61      0x384 ./src/MCNEW_POS.o
 .debug_info    0x00009de5     0x825d ./src/auth.o
 .debug_info    0x00012042     0x22e6 ./src/cJSON.o
 .debug_info    0x00014328      0x1b4 ./src/constants.o
 .debug_info    0x000144dc     0x3095 ./src/gui.o
 .debug_info    0x00017571     0xa8c7 ./src/helpers.o
 .debug_info    0x00021e38      0x76c ./src/lkd.o
 .debug_info    0x000225a4     0x8087 ./src/modalYesNo.o
 .debug_info    0x0002a62b     0x889a ./src/print.o
 .debug_info    0x00032ec5       0xef /usr/bin/../lib/gcc/arm-unknown-linux-gnu/4.3.4/libgcc.a(_udivsi3.o)
 .debug_info    0x00032fb4       0xef /usr/bin/../lib/gcc/arm-unknown-linux-gnu/4.3.4/libgcc.a(_divsi3.o)
 .debug_info    0x000330a3       0xef /usr/bin/../lib/gcc/arm-unknown-linux-gnu/4.3.4/libgcc.a(_modsi3.o)
 .debug_info    0x00033192       0xef /usr/bin/../lib/gcc/arm-unknown-linux-gnu/4.3.4/libgcc.a(_dvmd_tls.o)
 .debug_info    0x00033281       0xee /usr/bin/../lib/gcc/arm-unknown-linux-gnu/4.3.4/libgcc.a(_addsubdf3.o)
 .debug_info    0x0003336f       0xee /usr/bin/../lib/gcc/arm-unknown-linux-gnu/4.3.4/libgcc.a(_muldivdf3.o)
 .debug_info    0x0003345d       0xee /usr/bin/../lib/gcc/arm-unknown-linux-gnu/4.3.4/libgcc.a(_cmpdf2.o)
 .debug_info    0x0003354b       0xee /usr/bin/../lib/gcc/arm-unknown-linux-gnu/4.3.4/libgcc.a(_fixdfsi.o)
 .debug_info    0x00033639       0xee /usr/bin/../lib/gcc/arm-unknown-linux-gnu/4.3.4/libgcc.a(_addsubsf3.o)
 .debug_info    0x00033727       0xb8 /cygdrive/C/glibc-oabi-toolchain-arm-generic/arm-unknown-linux-gnu//sys-root/usr/lib/crtn.o

.debug_abbrev   0x00000000     0x137a
 *(.debug_abbrev)
 .debug_abbrev  0x00000000       0x12 /cygdrive/C/glibc-oabi-toolchain-arm-generic/arm-unknown-linux-gnu//sys-root/usr/lib/crti.o
 .debug_abbrev  0x00000012      0x2cc ./src/games/games.o
 .debug_abbrev  0x000002de      0x10b ./src/MCNEW_POS.o
 .debug_abbrev  0x000003e9      0x1d4 ./src/auth.o
 .debug_abbrev  0x000005bd      0x229 ./src/cJSON.o
 .debug_abbrev  0x000007e6       0x89 ./src/constants.o
 .debug_abbrev  0x0000086f      0x1ba ./src/gui.o
 .debug_abbrev  0x00000a29      0x323 ./src/helpers.o
 .debug_abbrev  0x00000d4c      0x13c ./src/lkd.o
 .debug_abbrev  0x00000e88      0x1df ./src/modalYesNo.o
 .debug_abbrev  0x00001067      0x24d ./src/print.o
 .debug_abbrev  0x000012b4       0x14 /usr/bin/../lib/gcc/arm-unknown-linux-gnu/4.3.4/libgcc.a(_udivsi3.o)
 .debug_abbrev  0x000012c8       0x14 /usr/bin/../lib/gcc/arm-unknown-linux-gnu/4.3.4/libgcc.a(_divsi3.o)
 .debug_abbrev  0x000012dc       0x14 /usr/bin/../lib/gcc/arm-unknown-linux-gnu/4.3.4/libgcc.a(_modsi3.o)
 .debug_abbrev  0x000012f0       0x14 /usr/bin/../lib/gcc/arm-unknown-linux-gnu/4.3.4/libgcc.a(_dvmd_tls.o)
 .debug_abbrev  0x00001304       0x14 /usr/bin/../lib/gcc/arm-unknown-linux-gnu/4.3.4/libgcc.a(_addsubdf3.o)
 .debug_abbrev  0x00001318       0x14 /usr/bin/../lib/gcc/arm-unknown-linux-gnu/4.3.4/libgcc.a(_muldivdf3.o)
 .debug_abbrev  0x0000132c       0x14 /usr/bin/../lib/gcc/arm-unknown-linux-gnu/4.3.4/libgcc.a(_cmpdf2.o)
 .debug_abbrev  0x00001340       0x14 /usr/bin/../lib/gcc/arm-unknown-linux-gnu/4.3.4/libgcc.a(_fixdfsi.o)
 .debug_abbrev  0x00001354       0x14 /usr/bin/../lib/gcc/arm-unknown-linux-gnu/4.3.4/libgcc.a(_addsubsf3.o)
 .debug_abbrev  0x00001368       0x12 /cygdrive/C/glibc-oabi-toolchain-arm-generic/arm-unknown-linux-gnu//sys-root/usr/lib/crtn.o

.debug_line     0x00000000     0x7b93
 *(.debug_line)
 .debug_line    0x00000000       0xae /cygdrive/C/glibc-oabi-toolchain-arm-generic/arm-unknown-linux-gnu//sys-root/usr/lib/crti.o
 .debug_line    0x000000ae      0xfea ./src/games/games.o
 .debug_line    0x00001098      0xaa8 ./src/MCNEW_POS.o
 .debug_line    0x00001b40      0xa5f ./src/auth.o
 .debug_line    0x0000259f      0xa77 ./src/cJSON.o
 .debug_line    0x00003016      0x62d ./src/constants.o
 .debug_line    0x00003643      0xad6 ./src/gui.o
 .debug_line    0x00004119      0xe23 ./src/helpers.o
 .debug_line    0x00004f3c      0xa97 ./src/lkd.o
 .debug_line    0x000059d3      0xa2f ./src/modalYesNo.o
 .debug_line    0x00006402      0xcd3 ./src/print.o
 .debug_line    0x000070d5       0xb9 /usr/bin/../lib/gcc/arm-unknown-linux-gnu/4.3.4/libgcc.a(_udivsi3.o)
 .debug_line    0x0000718e       0xc5 /usr/bin/../lib/gcc/arm-unknown-linux-gnu/4.3.4/libgcc.a(_divsi3.o)
 .debug_line    0x00007253       0xa8 /usr/bin/../lib/gcc/arm-unknown-linux-gnu/4.3.4/libgcc.a(_modsi3.o)
 .debug_line    0x000072fb       0x8d /usr/bin/../lib/gcc/arm-unknown-linux-gnu/4.3.4/libgcc.a(_dvmd_tls.o)
 .debug_line    0x00007388      0x218 /usr/bin/../lib/gcc/arm-unknown-linux-gnu/4.3.4/libgcc.a(_addsubdf3.o)
 .debug_line    0x000075a0      0x257 /usr/bin/../lib/gcc/arm-unknown-linux-gnu/4.3.4/libgcc.a(_muldivdf3.o)
 .debug_line    0x000077f7      0x11f /usr/bin/../lib/gcc/arm-unknown-linux-gnu/4.3.4/libgcc.a(_cmpdf2.o)
 .debug_line    0x00007916       0xa2 /usr/bin/../lib/gcc/arm-unknown-linux-gnu/4.3.4/libgcc.a(_fixdfsi.o)
 .debug_line    0x000079b8      0x143 /usr/bin/../lib/gcc/arm-unknown-linux-gnu/4.3.4/libgcc.a(_addsubsf3.o)
 .debug_line    0x00007afb       0x98 /cygdrive/C/glibc-oabi-toolchain-arm-generic/arm-unknown-linux-gnu//sys-root/usr/lib/crtn.o

.debug_frame    0x00000000     0x2fb4
 *(.debug_frame)
 .debug_frame   0x00000000      0x4c8 ./src/games/games.o
 .debug_frame   0x000004c8      0x330 ./src/MCNEW_POS.o
 .debug_frame   0x000007f8      0x330 ./src/auth.o
 .debug_frame   0x00000b28      0xd10 ./src/cJSON.o
 .debug_frame   0x00001838      0x390 ./src/gui.o
 .debug_frame   0x00001bc8      0x810 ./src/helpers.o
 .debug_frame   0x000023d8      0x490 ./src/lkd.o
 .debug_frame   0x00002868      0x334 ./src/modalYesNo.o
 .debug_frame   0x00002b9c      0x3a0 ./src/print.o
 .debug_frame   0x00002f3c       0x28 /usr/bin/../lib/gcc/arm-unknown-linux-gnu/4.3.4/libgcc.a(_udivsi3.o)
 .debug_frame   0x00002f64       0x28 /usr/bin/../lib/gcc/arm-unknown-linux-gnu/4.3.4/libgcc.a(_divsi3.o)
 .debug_frame   0x00002f8c       0x28 /usr/bin/../lib/gcc/arm-unknown-linux-gnu/4.3.4/libgcc.a(_modsi3.o)

.debug_str      0x00000000     0xa30e
 *(.debug_str)
 .debug_str     0x00000000     0x6f4c ./src/games/games.o
                               0x71ed (size before relaxing)
 .debug_str     0x00006f4c       0x4a ./src/MCNEW_POS.o
                                0x457 (size before relaxing)
 .debug_str     0x00006f96       0x62 ./src/auth.o
                               0x6d58 (size before relaxing)
 .debug_str     0x00006ff8      0xb87 ./src/cJSON.o
                                0xd4a (size before relaxing)
 .debug_str     0x00007b7f       0x6a ./src/constants.o
                                0x189 (size before relaxing)
 .debug_str     0x00007be9       0x77 ./src/gui.o
                               0x33de (size before relaxing)
 .debug_str     0x00007c60     0x23e4 ./src/helpers.o
                               0x9208 (size before relaxing)
 .debug_str     0x0000a044       0xc7 ./src/lkd.o
                                0x4ec (size before relaxing)
 .debug_str     0x0000a10b       0x49 ./src/modalYesNo.o
                               0x6c6e (size before relaxing)
 .debug_str     0x0000a154      0x1ba ./src/print.o
                               0x6e8a (size before relaxing)

.debug_loc      0x00000000     0x3cde
 *(.debug_loc)
 .debug_loc     0x00000000      0x612 ./src/games/games.o
 .debug_loc     0x00000612      0x41a ./src/MCNEW_POS.o
 .debug_loc     0x00000a2c      0x41a ./src/auth.o
 .debug_loc     0x00000e46     0x1110 ./src/cJSON.o
 .debug_loc     0x00001f56      0x498 ./src/gui.o
 .debug_loc     0x000023ee      0xa56 ./src/helpers.o
 .debug_loc     0x00002e44      0x5e8 ./src/lkd.o
 .debug_loc     0x0000342c      0x41a ./src/modalYesNo.o
 .debug_loc     0x00003846      0x498 ./src/print.o

.debug_macinfo  0x00000000    0xe46d1
 *(.debug_macinfo)
 .debug_macinfo
                0x00000000    0x1b27a ./src/games/games.o
 .debug_macinfo
                0x0001b27a    0x1aeb6 ./src/MCNEW_POS.o
 .debug_macinfo
                0x00036130    0x1a460 ./src/auth.o
 .debug_macinfo
                0x00050590     0x6947 ./src/cJSON.o
 .debug_macinfo
                0x00056ed7     0x91f6 ./src/constants.o
 .debug_macinfo
                0x000600cd    0x1a6cd ./src/gui.o
 .debug_macinfo
                0x0007a79a    0x1a53e ./src/helpers.o
 .debug_macinfo
                0x00094cd8    0x1a53e ./src/lkd.o
 .debug_macinfo
                0x000af216    0x1a553 ./src/modalYesNo.o
 .debug_macinfo
                0x000c9769    0x1af68 ./src/print.o

.debug_weaknames
 *(.debug_weaknames)

.debug_funcnames
 *(.debug_funcnames)

.debug_typenames
 *(.debug_typenames)

.debug_varnames
 *(.debug_varnames)

.debug_pubtypes
 *(.debug_pubtypes)

.debug_ranges   0x00000000       0x48
 *(.debug_ranges)
 .debug_ranges  0x00000000       0x28 /cygdrive/C/glibc-oabi-toolchain-arm-generic/arm-unknown-linux-gnu//sys-root/usr/lib/crti.o
 .debug_ranges  0x00000028       0x20 /cygdrive/C/glibc-oabi-toolchain-arm-generic/arm-unknown-linux-gnu//sys-root/usr/lib/crtn.o

.gnu.attributes
 *(.gnu.attributes)

.note.gnu.arm.ident
 *(.note.gnu.arm.ident)

/DISCARD/
 *(.note.GNU-stack)
 *(.gnu_debuglink)
OUTPUT(MCNEW_POS elf32-littlearm)

.ARM.attributes
                0x00000000       0x10
 .ARM.attributes
                0x00000000       0x10 /cygdrive/C/glibc-oabi-toolchain-arm-generic/arm-unknown-linux-gnu//sys-root/usr/lib/crt1.o
 .ARM.attributes
                0x00000010       0x10 /cygdrive/C/glibc-oabi-toolchain-arm-generic/arm-unknown-linux-gnu//sys-root/usr/lib/crti.o
 .ARM.attributes
                0x00000020       0x10 /usr/bin/../lib/gcc/arm-unknown-linux-gnu/4.3.4/crtbegin.o
 .ARM.attributes
                0x00000030       0x10 ./src/games/games.o
 .ARM.attributes
                0x00000040       0x10 ./src/MCNEW_POS.o
 .ARM.attributes
                0x00000050       0x10 ./src/auth.o
 .ARM.attributes
                0x00000060       0x10 ./src/cJSON.o
 .ARM.attributes
                0x00000070       0x10 ./src/constants.o
 .ARM.attributes
                0x00000080       0x10 ./src/gui.o
 .ARM.attributes
                0x00000090       0x10 ./src/helpers.o
 .ARM.attributes
                0x000000a0       0x10 ./src/lkd.o
 .ARM.attributes
                0x000000b0       0x10 ./src/modalYesNo.o
 .ARM.attributes
                0x000000c0       0x10 ./src/print.o
 .ARM.attributes
                0x000000d0       0x10 /usr/bin/../lib/gcc/arm-unknown-linux-gnu/4.3.4/libgcc.a(_udivsi3.o)
 .ARM.attributes
                0x000000e0       0x10 /usr/bin/../lib/gcc/arm-unknown-linux-gnu/4.3.4/libgcc.a(_divsi3.o)
 .ARM.attributes
                0x000000f0       0x10 /usr/bin/../lib/gcc/arm-unknown-linux-gnu/4.3.4/libgcc.a(_modsi3.o)
 .ARM.attributes
                0x00000100       0x10 /usr/bin/../lib/gcc/arm-unknown-linux-gnu/4.3.4/libgcc.a(_dvmd_tls.o)
 .ARM.attributes
                0x00000110       0x10 /usr/bin/../lib/gcc/arm-unknown-linux-gnu/4.3.4/libgcc.a(_addsubdf3.o)
 .ARM.attributes
                0x00000120       0x10 /usr/bin/../lib/gcc/arm-unknown-linux-gnu/4.3.4/libgcc.a(_muldivdf3.o)
 .ARM.attributes
                0x00000130       0x10 /usr/bin/../lib/gcc/arm-unknown-linux-gnu/4.3.4/libgcc.a(_cmpdf2.o)
 .ARM.attributes
                0x00000140       0x10 /usr/bin/../lib/gcc/arm-unknown-linux-gnu/4.3.4/libgcc.a(_fixdfsi.o)
 .ARM.attributes
                0x00000150       0x10 /usr/bin/../lib/gcc/arm-unknown-linux-gnu/4.3.4/libgcc.a(_addsubsf3.o)
 .ARM.attributes
                0x00000160       0x10 /cygdrive/C/glibc-oabi-toolchain-arm-generic/arm-unknown-linux-gnu//sys-root/usr/lib/libc_nonshared.a(elf-init.oS)
 .ARM.attributes
                0x00000170       0x10 /usr/bin/../lib/gcc/arm-unknown-linux-gnu/4.3.4/crtend.o
 .ARM.attributes
                0x00000180       0x10 /cygdrive/C/glibc-oabi-toolchain-arm-generic/arm-unknown-linux-gnu//sys-root/usr/lib/crtn.o
