Archive member included because of file (symbol)

/usr/bin/../lib/gcc/arm-unknown-linux-gnu/4.3.4/libgcc.a(_udivsi3.o)
                              ./src/helpers.o (__udivsi3)
/usr/bin/../lib/gcc/arm-unknown-linux-gnu/4.3.4/libgcc.a(_divsi3.o)
                              ./src/games/games.o (__divsi3)
/usr/bin/../lib/gcc/arm-unknown-linux-gnu/4.3.4/libgcc.a(_modsi3.o)
                              ./src/gui.o (__modsi3)
/usr/bin/../lib/gcc/arm-unknown-linux-gnu/4.3.4/libgcc.a(_dvmd_tls.o)
                              /usr/bin/../lib/gcc/arm-unknown-linux-gnu/4.3.4/libgcc.a(_udivsi3.o) (__div0)
/usr/bin/../lib/gcc/arm-unknown-linux-gnu/4.3.4/libgcc.a(_addsubdf3.o)
                              ./src/helpers.o (__adddf3)
/usr/bin/../lib/gcc/arm-unknown-linux-gnu/4.3.4/libgcc.a(_muldivdf3.o)
                              ./src/cJSON.o (__muldf3)
/usr/bin/../lib/gcc/arm-unknown-linux-gnu/4.3.4/libgcc.a(_cmpdf2.o)
                              ./src/cJSON.o (__gedf2)
/usr/bin/../lib/gcc/arm-unknown-linux-gnu/4.3.4/libgcc.a(_fixdfsi.o)
                              ./src/cJSON.o (__fixdfsi)
/usr/bin/../lib/gcc/arm-unknown-linux-gnu/4.3.4/libgcc.a(_addsubsf3.o)
                              ./src/games/games.o (__addsf3)
/cygdrive/C/glibc-oabi-toolchain-arm-generic/arm-unknown-linux-gnu//sys-root/usr/lib/libc_nonshared.a(elf-init.oS)
                              /cygdrive/C/glibc-oabi-toolchain-arm-generic/arm-unknown-linux-gnu//sys-root/usr/lib/crt1.o (__libc_csu_fini)

Discarded input sections

 .note.GNU-stack
                0x00000000        0x0 /cygdrive/C/glibc-oabi-toolchain-arm-generic/arm-unknown-linux-gnu//sys-root/usr/lib/crt1.o
 .note.GNU-stack
                0x00000000        0x0 /cygdrive/C/glibc-oabi-toolchain-arm-generic/arm-unknown-linux-gnu//sys-root/usr/lib/crti.o
 .note.GNU-stack
                0x00000000        0x0 /usr/bin/../lib/gcc/arm-unknown-linux-gnu/4.3.4/crtbegin.o
 .note.GNU-stack
                0x00000000        0x0 ./src/games/games.o
 .note.GNU-stack
                0x00000000        0x0 ./src/MCNEW_POS.o
 .note.GNU-stack
                0x00000000        0x0 ./src/auth.o
 .note.GNU-stack
                0x00000000        0x0 ./src/cJSON.o
 .note.GNU-stack
                0x00000000        0x0 ./src/constants.o
 .note.GNU-stack
                0x00000000        0x0 ./src/gui.o
 .note.GNU-stack
                0x00000000        0x0 ./src/helpers.o
 .note.GNU-stack
                0x00000000        0x0 ./src/lkd.o
 .note.GNU-stack
                0x00000000        0x0 ./src/print.o
 .note.GNU-stack
                0x00000000        0x0 /usr/bin/../lib/gcc/arm-unknown-linux-gnu/4.3.4/libgcc.a(_udivsi3.o)
 .note.GNU-stack
                0x00000000        0x0 /usr/bin/../lib/gcc/arm-unknown-linux-gnu/4.3.4/libgcc.a(_divsi3.o)
 .note.GNU-stack
                0x00000000        0x0 /usr/bin/../lib/gcc/arm-unknown-linux-gnu/4.3.4/libgcc.a(_modsi3.o)
 .note.GNU-stack
                0x00000000        0x0 /usr/bin/../lib/gcc/arm-unknown-linux-gnu/4.3.4/libgcc.a(_dvmd_tls.o)
 .note.GNU-stack
                0x00000000        0x0 /usr/bin/../lib/gcc/arm-unknown-linux-gnu/4.3.4/libgcc.a(_addsubdf3.o)
 .note.GNU-stack
                0x00000000        0x0 /usr/bin/../lib/gcc/arm-unknown-linux-gnu/4.3.4/libgcc.a(_muldivdf3.o)
 .note.GNU-stack
                0x00000000        0x0 /usr/bin/../lib/gcc/arm-unknown-linux-gnu/4.3.4/libgcc.a(_cmpdf2.o)
 .note.GNU-stack
                0x00000000        0x0 /usr/bin/../lib/gcc/arm-unknown-linux-gnu/4.3.4/libgcc.a(_fixdfsi.o)
 .note.GNU-stack
                0x00000000        0x0 /usr/bin/../lib/gcc/arm-unknown-linux-gnu/4.3.4/libgcc.a(_addsubsf3.o)
 .note.GNU-stack
                0x00000000        0x0 /cygdrive/C/glibc-oabi-toolchain-arm-generic/arm-unknown-linux-gnu//sys-root/usr/lib/libc_nonshared.a(elf-init.oS)
 .note.GNU-stack
                0x00000000        0x0 /usr/bin/../lib/gcc/arm-unknown-linux-gnu/4.3.4/crtend.o
 .note.GNU-stack
                0x00000000        0x0 /cygdrive/C/glibc-oabi-toolchain-arm-generic/arm-unknown-linux-gnu//sys-root/usr/lib/crtn.o

Memory Configuration

Name             Origin             Length             Attributes
*default*        0x00000000         0xffffffff

Linker script and memory map

LOAD /cygdrive/C/glibc-oabi-toolchain-arm-generic/arm-unknown-linux-gnu//sys-root/usr/lib/crt1.o
LOAD /cygdrive/C/glibc-oabi-toolchain-arm-generic/arm-unknown-linux-gnu//sys-root/usr/lib/crti.o
LOAD /usr/bin/../lib/gcc/arm-unknown-linux-gnu/4.3.4/crtbegin.o
LOAD ./src/games/games.o
LOAD ./src/MCNEW_POS.o
LOAD ./src/auth.o
LOAD ./src/cJSON.o
LOAD ./src/constants.o
LOAD ./src/gui.o
LOAD ./src/helpers.o
LOAD ./src/lkd.o
LOAD ./src/print.o
LOAD C:\src\NEW8210\seos\lib/libseos.so
LOAD C:\src\NEW8210\sdk8210\lib/libcurl.so
LOAD C:\src\NEW8210\sdk8210\lib/libz.so
LOAD C:\src\NEW8210\sdk8210\lib/libpng.so
LOAD C:\src\NEW8210\sdk8210\lib/libpos.so
LOAD C:\src\NEW8210\sdk8210\lib/libfusion.so
LOAD C:\src\NEW8210\sdk8210\lib/libdirect.so
LOAD C:\src\NEW8210\sdk8210\lib/libdirectfb.so
LOAD C:\src\NEW8210\sdk8210\lib/libssl.so
LOAD C:\src\NEW8210\sdk8210\lib/libiccard.so
LOAD C:\src\NEW8210\sdk8210\lib/libnfc.so
LOAD C:\src\NEW8210\sdk8210\lib/libped.so
LOAD C:\src\NEW8210\sdk8210\lib/libemv.so
LOAD C:\src\NEW8210\sdk8210\lib/libcrypto.so
LOAD C:\src\NEW8210\fribidi\lib/libfribidi.so
LOAD /usr/bin/../lib/gcc/arm-unknown-linux-gnu/4.3.4/libgcc.a
LOAD /cygdrive/C/glibc-oabi-toolchain-arm-generic/arm-unknown-linux-gnu//sys-root/lib/libgcc_s.so
LOAD /cygdrive/C/glibc-oabi-toolchain-arm-generic/arm-unknown-linux-gnu//sys-root/usr/lib/libc.so
START GROUP
LOAD /cygdrive/C/glibc-oabi-toolchain-arm-generic/arm-unknown-linux-gnu//sys-root/lib/libc.so.6
LOAD /cygdrive/C/glibc-oabi-toolchain-arm-generic/arm-unknown-linux-gnu//sys-root/usr/lib/libc_nonshared.a
LOAD /cygdrive/C/glibc-oabi-toolchain-arm-generic/arm-unknown-linux-gnu//sys-root/lib/ld-linux.so.2
END GROUP
LOAD /usr/bin/../lib/gcc/arm-unknown-linux-gnu/4.3.4/libgcc.a
LOAD /cygdrive/C/glibc-oabi-toolchain-arm-generic/arm-unknown-linux-gnu//sys-root/lib/libgcc_s.so
LOAD /usr/bin/../lib/gcc/arm-unknown-linux-gnu/4.3.4/crtend.o
LOAD /cygdrive/C/glibc-oabi-toolchain-arm-generic/arm-unknown-linux-gnu//sys-root/usr/lib/crtn.o
                0x00008000                PROVIDE (__executable_start, 0x8000)
                0x00008154                . = (0x8000 + SIZEOF_HEADERS)

.interp         0x00008154       0x13
 *(.interp)
 .interp        0x00008154       0x13 /cygdrive/C/glibc-oabi-toolchain-arm-generic/arm-unknown-linux-gnu//sys-root/usr/lib/crti.o

.note.ABI-tag   0x00008168       0x20
 .note.ABI-tag  0x00008168       0x20 /cygdrive/C/glibc-oabi-toolchain-arm-generic/arm-unknown-linux-gnu//sys-root/usr/lib/crt1.o

.note.gnu.build-id
 *(.note.gnu.build-id)

.hash           0x00008188      0x290
 *(.hash)
 .hash          0x00008188      0x290 /cygdrive/C/glibc-oabi-toolchain-arm-generic/arm-unknown-linux-gnu//sys-root/usr/lib/crti.o

.gnu.hash
 *(.gnu.hash)

.dynsym         0x00008418      0x5f0
 *(.dynsym)
 .dynsym        0x00008418      0x5f0 /cygdrive/C/glibc-oabi-toolchain-arm-generic/arm-unknown-linux-gnu//sys-root/usr/lib/crti.o

.dynstr         0x00008a08      0x4f9
 *(.dynstr)
 .dynstr        0x00008a08      0x4f9 /cygdrive/C/glibc-oabi-toolchain-arm-generic/arm-unknown-linux-gnu//sys-root/usr/lib/crti.o

.gnu.version    0x00008f02       0xbe
 *(.gnu.version)
 .gnu.version   0x00008f02       0xbe /cygdrive/C/glibc-oabi-toolchain-arm-generic/arm-unknown-linux-gnu//sys-root/usr/lib/crti.o

.gnu.version_d  0x00008fc0        0x0
 *(.gnu.version_d)
 .gnu.version_d
                0x00000000        0x0 /cygdrive/C/glibc-oabi-toolchain-arm-generic/arm-unknown-linux-gnu//sys-root/usr/lib/crti.o

.gnu.version_r  0x00008fc0       0x40
 *(.gnu.version_r)
 .gnu.version_r
                0x00008fc0       0x40 /cygdrive/C/glibc-oabi-toolchain-arm-generic/arm-unknown-linux-gnu//sys-root/usr/lib/crti.o

.rel.dyn        0x00009000        0x8
 *(.rel.init)
 *(.rel.text .rel.text.* .rel.gnu.linkonce.t.*)
 *(.rel.fini)
 *(.rel.rodata .rel.rodata.* .rel.gnu.linkonce.r.*)
 *(.rel.data.rel.ro* .rel.gnu.linkonce.d.rel.ro.*)
 *(.rel.data .rel.data.* .rel.gnu.linkonce.d.*)
 *(.rel.tdata .rel.tdata.* .rel.gnu.linkonce.td.*)
 *(.rel.tbss .rel.tbss.* .rel.gnu.linkonce.tb.*)
 *(.rel.ctors)
 *(.rel.dtors)
 *(.rel.got)
 .rel.got       0x00009000        0x8 /cygdrive/C/glibc-oabi-toolchain-arm-generic/arm-unknown-linux-gnu//sys-root/usr/lib/crti.o
 *(.rel.bss .rel.bss.* .rel.gnu.linkonce.b.*)
 .rel.bss       0x00000000        0x0 /cygdrive/C/glibc-oabi-toolchain-arm-generic/arm-unknown-linux-gnu//sys-root/usr/lib/crti.o

.rela.dyn
 *(.rela.init)
 *(.rela.text .rela.text.* .rela.gnu.linkonce.t.*)
 *(.rela.fini)
 *(.rela.rodata .rela.rodata.* .rela.gnu.linkonce.r.*)
 *(.rela.data .rela.data.* .rela.gnu.linkonce.d.*)
 *(.rela.tdata .rela.tdata.* .rela.gnu.linkonce.td.*)
 *(.rela.tbss .rela.tbss.* .rela.gnu.linkonce.tb.*)
 *(.rela.ctors)
 *(.rela.dtors)
 *(.rela.got)
 *(.rela.bss .rela.bss.* .rela.gnu.linkonce.b.*)

.rel.plt        0x00009008      0x290
 *(.rel.plt)
 .rel.plt       0x00009008      0x290 /cygdrive/C/glibc-oabi-toolchain-arm-generic/arm-unknown-linux-gnu//sys-root/usr/lib/crti.o

.rela.plt
 *(.rela.plt)

.init           0x00009298       0x14
 *(.init)
 .init          0x00009298        0x8 /cygdrive/C/glibc-oabi-toolchain-arm-generic/arm-unknown-linux-gnu//sys-root/usr/lib/crti.o
                0x00009298                _init
 .init          0x000092a0        0x4 /usr/bin/../lib/gcc/arm-unknown-linux-gnu/4.3.4/crtbegin.o
 .init          0x000092a4        0x4 /usr/bin/../lib/gcc/arm-unknown-linux-gnu/4.3.4/crtend.o
 .init          0x000092a8        0x4 /cygdrive/C/glibc-oabi-toolchain-arm-generic/arm-unknown-linux-gnu//sys-root/usr/lib/crtn.o

.plt            0x000092ac      0x3ec
 *(.plt)
 .plt           0x000092ac      0x3ec /cygdrive/C/glibc-oabi-toolchain-arm-generic/arm-unknown-linux-gnu//sys-root/usr/lib/crti.o
                0x000092c0                fputs@@GLIBC_2.0
                0x000092cc                abort@@GLIBC_2.0
                0x000092d8                sprintf@@GLIBC_2.0
                0x000092e4                srand@@GLIBC_2.0
                0x000092f0                charset_convert
                0x000092fc                curl_easy_getinfo
                0x00009308                kbFlush
                0x00009314                curl_easy_setopt
                0x00009320                lcdGetSize
                0x0000932c                printer_open
                0x00009344                fileExist
                0x00009350                realloc@@GLIBC_2.0
                0x0000935c                lcdGetSurface
                0x00009368                curl_global_cleanup
                0x00009374                localtime@@GLIBC_2.0
                0x00009380                strtod@@GLIBC_2.0
                0x0000938c                vsnprintf@@GLIBC_2.0
                0x00009398                sysReadSN
                0x000093a4                prnInit
                0x000093b0                memset@@GLIBC_2.0
                0x000093bc                prnPrintf
                0x000093c8                fileSize
                0x000093d4                __libc_start_main@@GLIBC_2.0
                0x000093e0                lcdFlip
                0x000093ec                PPPCheck
                0x000093f8                WnetInit
                0x00009404                printer_get_param
                0x00009410                curl_easy_init
                0x0000941c                usleep@@GLIBC_2.0
                0x00009428                free@@GLIBC_2.0
                0x00009434                sys_battery_info
                0x00009440                beep
                0x0000944c                access@@GLIBC_2.0
                0x00009458                prnStart
                0x00009464                __ctype_b_loc@@GLIBC_2.3
                0x00009470                curl_slist_append
                0x0000947c                WnetCheckSim
                0x00009488                fclose@@GLIBC_2.1
                0x00009494                application_exit
                0x000094a0                fileRead
                0x000094ac                curl_slist_free_all
                0x000094b8                memcpy@@GLIBC_2.0
                0x000094c4                strlen@@GLIBC_2.0
                0x000094d0                fopen@@GLIBC_2.1
                0x000094dc                lcdGetFontHeight
                0x000094e8                kbGetKey
                0x000094f4                strcpy@@GLIBC_2.0
                0x00009500                printer_close
                0x0000950c                dfb_get_directfb
                0x00009518                print_surface
                0x00009524                curl_easy_perform
                0x00009530                lcdCls
                0x0000953c                atoi@@GLIBC_2.0
                0x00009548                curl_easy_cleanup
                0x00009554                sys_get_status_bar_height
                0x00009560                sysDelayMs
                0x0000956c                kbGetKeyMs
                0x00009578                time@@GLIBC_2.0
                0x00009584                strncat@@GLIBC_2.0
                0x00009590                malloc@@GLIBC_2.0
                0x0000959c                lcdSetFont
                0x000095a8                lcdSetFgColor
                0x000095b4                prnStatus
                0x000095c0                fileOpen
                0x000095cc                memmove@@GLIBC_2.0
                0x000095d8                printer_get_status
                0x000095e4                dfb_create_font
                0x000095f0                lcdSetBgColor
                0x000095fc                puts@@GLIBC_2.0
                0x00009608                PPPLogin
                0x00009614                application_init
                0x00009620                sscanf@@GLIBC_2.0
                0x0000962c                strncmp@@GLIBC_2.0
                0x00009638                curl_global_init
                0x00009644                prnClose
                0x00009650                PPPLogout
                0x0000965c                prnStep
                0x00009668                tolower@@GLIBC_2.0
                0x00009674                strcmp@@GLIBC_2.0
                0x00009680                curl_easy_strerror
                0x0000968c                fileClose

.text           0x00009698    0x166c0
 *(.text .stub .text.* .gnu.linkonce.t.*)
 .text          0x00009698       0x38 /cygdrive/C/glibc-oabi-toolchain-arm-generic/arm-unknown-linux-gnu//sys-root/usr/lib/crt1.o
                0x00009698                _start
 .text          0x000096d0       0x24 /cygdrive/C/glibc-oabi-toolchain-arm-generic/arm-unknown-linux-gnu//sys-root/usr/lib/crti.o
 .text          0x000096f4       0xb4 /usr/bin/../lib/gcc/arm-unknown-linux-gnu/4.3.4/crtbegin.o
 .text          0x000097a8     0x5140 ./src/games/games.o
                0x0000c600                getLotsByDate
                0x0000d0e8                getReports
                0x0000e248                getTicketsWon
                0x0000a050                getTirageType
                0x0000c1e4                getLotsGagnants
                0x0000a3e8                postFiches
                0x0000bcc4                make_post_fiches
                0x00009928                getConfiguration
 .text          0x0000e8e8      0x928 ./src/MCNEW_POS.o
                0x0000ea68                main
 .text          0x0000f210      0x99c ./src/auth.o
                0x0000f390                postHandleLogin
 .text          0x0000fbac     0x6314 ./src/cJSON.o
                0x00011eb4                cJSON_PrintUnformatted
                0x00011a48                cJSON_ParseWithOpts
                0x000158fc                cJSON_IsObject
                0x00014ae4                cJSON_CreateRaw
                0x00011e80                cJSON_Print
                0x00011c5c                cJSON_Parse
                0x0001584c                cJSON_IsString
                0x00014724                cJSON_CreateTrue
                0x00013e40                cJSON_AddNumberToObject
                0x00015744                cJSON_IsBool
                0x00015e58                cJSON_malloc
                0x000157f4                cJSON_IsNumber
                0x000134c4                cJSON_GetArraySize
                0x000141a4                cJSON_DetachItemFromArray
                0x000156ec                cJSON_IsTrue
                0x0000fbdc                cJSON_GetStringValue
                0x00014b80                cJSON_CreateArray
                0x0001428c                cJSON_DetachItemFromObjectCaseSensitive
                0x00015308                cJSON_Minify
                0x00014a14                cJSON_CreateObjectReference
                0x0001476c                cJSON_CreateFalse
                0x00013ecc                cJSON_AddStringToObject
                0x00013cc4                cJSON_AddTrueToObject
                0x00013dbc                cJSON_AddBoolToObject
                0x000150dc                cJSON_Duplicate
                0x0001466c                cJSON_ReplaceItemInObject
                0x00014050                cJSON_AddArrayToObject
                0x0000fbac                cJSON_GetErrorPtr
                0x000146dc                cJSON_CreateNull
                0x0001420c                cJSON_DeleteItemFromArray
                0x0001579c                cJSON_IsNull
                0x00013c48                cJSON_AddNullToObject
                0x000146a4                cJSON_ReplaceItemInObjectCaseSensitive
                0x00013798                cJSON_HasObjectItem
                0x00013980                cJSON_AddItemToArray
                0x00011ee8                cJSON_PrintBuffered
                0x0001563c                cJSON_IsInvalid
                0x00013be0                cJSON_AddItemReferenceToObject
                0x00014344                cJSON_InsertItemInArray
                0x0001440c                cJSON_ReplaceItemViaPointer
                0x000158a4                cJSON_IsArray
                0x00013b50                cJSON_AddItemToObjectCS
                0x00013f50                cJSON_AddRawToObject
                0x0000ff6c                cJSON_Delete
                0x00013b0c                cJSON_AddItemToObject
                0x0001452c                cJSON_ReplaceItemInArray
                0x00014d4c                cJSON_CreateFloatArray
                0x000159ac                cJSON_Compare
                0x00014c10                cJSON_CreateIntArray
                0x000149ac                cJSON_CreateStringReference
                0x00015954                cJSON_IsRaw
                0x00014fb4                cJSON_CreateStringArray
                0x00013d40                cJSON_AddFalseToObject
                0x00014244                cJSON_DetachItemFromObject
                0x0000fe1c                cJSON_InitHooks
                0x00013760                cJSON_GetObjectItemCaseSensitive
                0x000147b4                cJSON_CreateBool
                0x000142d4                cJSON_DeleteItemFromObject
                0x00014910                cJSON_CreateString
                0x00013fd4                cJSON_AddObjectToObject
                0x00014a7c                cJSON_CreateArrayReference
                0x00010408                cJSON_SetNumberHelper
                0x000135dc                cJSON_GetArrayItem
                0x0000fc2c                cJSON_Version
                0x00015e90                cJSON_free
                0x00014824                cJSON_CreateNumber
                0x00013728                cJSON_GetObjectItem
                0x00014bc8                cJSON_CreateObject
                0x00015694                cJSON_IsFalse
                0x00013b94                cJSON_AddItemReferenceToArray
                0x000140cc                cJSON_DetachItemViaPointer
                0x0001430c                cJSON_DeleteItemFromObjectCaseSensitive
                0x00012008                cJSON_PrintPreallocated
                0x00014e88                cJSON_CreateDoubleArray
 .text          0x00015ec0        0x0 ./src/constants.o
 .text          0x00015ec0     0x154c ./src/gui.o
                0x000166e8                handleDDateInput
                0x00016040                renderDDate
                0x000167bc                handleEntryInput
                0x000163c4                renderEntry
 .text          0x0001740c     0x4904 ./src/helpers.o
                0x0001b848                setOptionBouleItem
                0x0001892c                lcd_draw_rectangle
                0x000181b0                write_to_file
                0x00017bcc                make_post_request
                0x000178ec                make_get_request
                0x0001a19c                bouleItemPrintf
                0x000197d4                lcdmenu_tirage
                0x0001b228                freeItems
                0x000187ac                drawpicture
                0x000183bc                string_len
                0x0001b6f0                readServer
                0x0001758c                check_connection
                0x0001b3f4                hasInfoTirageByName
                0x0001852c                get_current_y
                0x0001b8fc                setPrnY
                0x0001b944                printerprintf
                0x0001a6f0                editableList
                0x00018a90                lcdprintfon
                0x0001938c                lcdprintfex
                0x00017ea8                make_http_request
                0x00018230                read_from_file
                0x0001b5d8                deleteInfoTirageByIndex
                0x0001b924                getPrnY
                0x00018570                lcd_header
                0x0001b794                removeCharAtIndex
                0x00018f18                lcdprintf
                0x0001b2a8                deleteInfoTirageByName
                0x0001854c                lcdclean
                0x0001b490                addItem
                0x0001b1fc                Beep
                0x00018420                string_covert
                0x00019400                lcdmenu
 .text          0x0001bd10     0x1700 ./src/lkd.o
                0x0001caec                addBouleMarriage
                0x0001c7b4                addBouleRevers
                0x0001bf9c                getElement
                0x0001c0c0                addElement
                0x0001ce20                addBouleL4
                0x0001c58c                addBouleTriple
                0x0001d1f0                addPwent
                0x0001bf60                destroyList
                0x0001c36c                addBoulePaire
                0x0001c1f4                deleteByIndex
                0x0001be90                createList
 .text          0x0001d410     0x1810 ./src/print.o
                0x0001dfe0                print_rapport
                0x0001d738                print_fiche
                0x0001d590                TestPrinter
 .text          0x0001ec20      0x110 /usr/bin/../lib/gcc/arm-unknown-linux-gnu/4.3.4/libgcc.a(_udivsi3.o)
                0x0001ec20                __udivsi3
                0x0001ec20                __aeabi_uidiv
                0x0001ed18                __aeabi_uidivmod
 .text          0x0001ed30      0x140 /usr/bin/../lib/gcc/arm-unknown-linux-gnu/4.3.4/libgcc.a(_divsi3.o)
                0x0001ed30                __divsi3
                0x0001ee58                __aeabi_idivmod
                0x0001ed30                __aeabi_idiv
 .text          0x0001ee70       0xe4 /usr/bin/../lib/gcc/arm-unknown-linux-gnu/4.3.4/libgcc.a(_modsi3.o)
                0x0001ee70                __modsi3
 .text          0x0001ef54        0x4 /usr/bin/../lib/gcc/arm-unknown-linux-gnu/4.3.4/libgcc.a(_dvmd_tls.o)
                0x0001ef54                __div0
                0x0001ef54                __aeabi_idiv0
                0x0001ef54                __aeabi_ldiv0
 .text          0x0001ef58      0x400 /usr/bin/../lib/gcc/arm-unknown-linux-gnu/4.3.4/libgcc.a(_addsubdf3.o)
                0x0001f2d8                __floatundidf
                0x0001f26c                __floatsidf
                0x0001f244                __aeabi_ui2d
                0x0001f26c                __aeabi_i2d
                0x0001f244                __floatunsidf
                0x0001ef60                __subdf3
                0x0001f2ec                __floatdidf
                0x0001ef64                __adddf3
                0x0001f2ec                __aeabi_l2d
                0x0001f298                __aeabi_f2d
                0x0001f2d8                __aeabi_ul2d
                0x0001ef58                __aeabi_drsub
                0x0001f298                __extendsfdf2
                0x0001ef64                __aeabi_dadd
                0x0001ef60                __aeabi_dsub
 .text          0x0001f358      0x52c /usr/bin/../lib/gcc/arm-unknown-linux-gnu/4.3.4/libgcc.a(_muldivdf3.o)
                0x0001f358                __muldf3
                0x0001f680                __divdf3
                0x0001f358                __aeabi_dmul
                0x0001f680                __aeabi_ddiv
 .text          0x0001f884      0x128 /usr/bin/../lib/gcc/arm-unknown-linux-gnu/4.3.4/libgcc.a(_cmpdf2.o)
                0x0001f884                __gtdf2
                0x0001f88c                __ltdf2
                0x0001f934                __aeabi_cdcmple
                0x0001f884                __gedf2
                0x0001f998                __aeabi_dcmpgt
                0x0001f88c                __ledf2
                0x0001f934                __aeabi_cdcmpeq
                0x0001f948                __aeabi_dcmpeq
                0x0001f970                __aeabi_dcmple
                0x0001f984                __aeabi_dcmpge
                0x0001f894                __cmpdf2
                0x0001f95c                __aeabi_dcmplt
                0x0001f894                __nedf2
                0x0001f918                __aeabi_cdrcmple
                0x0001f894                __eqdf2
 .text          0x0001f9ac       0x5c /usr/bin/../lib/gcc/arm-unknown-linux-gnu/4.3.4/libgcc.a(_fixdfsi.o)
                0x0001f9ac                __fixdfsi
                0x0001f9ac                __aeabi_d2iz
 .text          0x0001fa08      0x2ac /usr/bin/../lib/gcc/arm-unknown-linux-gnu/4.3.4/libgcc.a(_addsubsf3.o)
                0x0001fa14                __aeabi_fadd
                0x0001fc08                __aeabi_l2f
                0x0001fbf8                __aeabi_ul2f
                0x0001fa10                __subsf3
                0x0001fbd8                __floatsisf
                0x0001fa14                __addsf3
                0x0001fa08                __aeabi_frsub
                0x0001fc08                __floatdisf
                0x0001fa10                __aeabi_fsub
                0x0001fbd0                __aeabi_ui2f
                0x0001fbd8                __aeabi_i2f
                0x0001fbd0                __floatunsisf
                0x0001fbf8                __floatundisf
 .text          0x0001fcb4       0x70 /cygdrive/C/glibc-oabi-toolchain-arm-generic/arm-unknown-linux-gnu//sys-root/usr/lib/libc_nonshared.a(elf-init.oS)
                0x0001fcb4                __libc_csu_fini
                0x0001fcb8                __libc_csu_init
 .text          0x0001fd24       0x34 /usr/bin/../lib/gcc/arm-unknown-linux-gnu/4.3.4/crtend.o
 .text          0x0001fd58        0x0 /cygdrive/C/glibc-oabi-toolchain-arm-generic/arm-unknown-linux-gnu//sys-root/usr/lib/crtn.o
 *(.gnu.warning)
 *(.glue_7t)
 .glue_7t       0x0001fd58        0x0 /cygdrive/C/glibc-oabi-toolchain-arm-generic/arm-unknown-linux-gnu//sys-root/usr/lib/crt1.o
 .glue_7t       0x0001fd58        0x0 /cygdrive/C/glibc-oabi-toolchain-arm-generic/arm-unknown-linux-gnu//sys-root/usr/lib/crti.o
 .glue_7t       0x0001fd58        0x0 /usr/bin/../lib/gcc/arm-unknown-linux-gnu/4.3.4/crtbegin.o
 .glue_7t       0x0001fd58        0x0 ./src/games/games.o
 .glue_7t       0x0001fd58        0x0 ./src/MCNEW_POS.o
 .glue_7t       0x0001fd58        0x0 ./src/auth.o
 .glue_7t       0x0001fd58        0x0 ./src/cJSON.o
 .glue_7t       0x0001fd58        0x0 ./src/constants.o
 .glue_7t       0x0001fd58        0x0 ./src/gui.o
 .glue_7t       0x0001fd58        0x0 ./src/helpers.o
 .glue_7t       0x0001fd58        0x0 ./src/lkd.o
 .glue_7t       0x0001fd58        0x0 ./src/print.o
 .glue_7t       0x0001fd58        0x0 C:\src\NEW8210\seos\lib/libseos.so
 .glue_7t       0x0001fd58        0x0 C:\src\NEW8210\sdk8210\lib/libcurl.so
 .glue_7t       0x0001fd58        0x0 C:\src\NEW8210\sdk8210\lib/libz.so
 .glue_7t       0x0001fd58        0x0 C:\src\NEW8210\sdk8210\lib/libpng.so
 .glue_7t       0x0001fd58        0x0 C:\src\NEW8210\sdk8210\lib/libpos.so
 .glue_7t       0x0001fd58        0x0 C:\src\NEW8210\sdk8210\lib/libfusion.so
 .glue_7t       0x0001fd58        0x0 C:\src\NEW8210\sdk8210\lib/libdirect.so
 .glue_7t       0x0001fd58        0x0 C:\src\NEW8210\sdk8210\lib/libdirectfb.so
 .glue_7t       0x0001fd58        0x0 C:\src\NEW8210\sdk8210\lib/libssl.so
 .glue_7t       0x0001fd58        0x0 C:\src\NEW8210\sdk8210\lib/libiccard.so
 .glue_7t       0x0001fd58        0x0 C:\src\NEW8210\sdk8210\lib/libnfc.so
 .glue_7t       0x0001fd58        0x0 C:\src\NEW8210\sdk8210\lib/libped.so
 .glue_7t       0x0001fd58        0x0 C:\src\NEW8210\sdk8210\lib/libemv.so
 .glue_7t       0x0001fd58        0x0 C:\src\NEW8210\sdk8210\lib/libcrypto.so
 .glue_7t       0x0001fd58        0x0 C:\src\NEW8210\fribidi\lib/libfribidi.so
 .glue_7t       0x0001fd58        0x0 /usr/bin/../lib/gcc/arm-unknown-linux-gnu/4.3.4/libgcc.a(_udivsi3.o)
 .glue_7t       0x0001fd58        0x0 /usr/bin/../lib/gcc/arm-unknown-linux-gnu/4.3.4/libgcc.a(_divsi3.o)
 .glue_7t       0x0001fd58        0x0 /usr/bin/../lib/gcc/arm-unknown-linux-gnu/4.3.4/libgcc.a(_modsi3.o)
 .glue_7t       0x0001fd58        0x0 /usr/bin/../lib/gcc/arm-unknown-linux-gnu/4.3.4/libgcc.a(_dvmd_tls.o)
 .glue_7t       0x0001fd58        0x0 /usr/bin/../lib/gcc/arm-unknown-linux-gnu/4.3.4/libgcc.a(_addsubdf3.o)
 .glue_7t       0x0001fd58        0x0 /usr/bin/../lib/gcc/arm-unknown-linux-gnu/4.3.4/libgcc.a(_muldivdf3.o)
 .glue_7t       0x0001fd58        0x0 /usr/bin/../lib/gcc/arm-unknown-linux-gnu/4.3.4/libgcc.a(_cmpdf2.o)
 .glue_7t       0x0001fd58        0x0 /usr/bin/../lib/gcc/arm-unknown-linux-gnu/4.3.4/libgcc.a(_fixdfsi.o)
 .glue_7t       0x0001fd58        0x0 /usr/bin/../lib/gcc/arm-unknown-linux-gnu/4.3.4/libgcc.a(_addsubsf3.o)
 .glue_7t       0x0001fd58        0x0 /cygdrive/C/glibc-oabi-toolchain-arm-generic/arm-unknown-linux-gnu//sys-root/lib/libgcc_s.so
 .glue_7t       0x0001fd58        0x0 /cygdrive/C/glibc-oabi-toolchain-arm-generic/arm-unknown-linux-gnu//sys-root/lib/libc.so.6
 .glue_7t       0x0001fd58        0x0 /cygdrive/C/glibc-oabi-toolchain-arm-generic/arm-unknown-linux-gnu//sys-root/usr/lib/libc_nonshared.a(elf-init.oS)
 .glue_7t       0x0001fd58        0x0 /cygdrive/C/glibc-oabi-toolchain-arm-generic/arm-unknown-linux-gnu//sys-root/lib/ld-linux.so.2
 .glue_7t       0x0001fd58        0x0 /cygdrive/C/glibc-oabi-toolchain-arm-generic/arm-unknown-linux-gnu//sys-root/lib/libgcc_s.so
 .glue_7t       0x0001fd58        0x0 /usr/bin/../lib/gcc/arm-unknown-linux-gnu/4.3.4/crtend.o
 .glue_7t       0x0001fd58        0x0 /cygdrive/C/glibc-oabi-toolchain-arm-generic/arm-unknown-linux-gnu//sys-root/usr/lib/crtn.o
 *(.glue_7)
 .glue_7        0x0001fd58        0x0 /cygdrive/C/glibc-oabi-toolchain-arm-generic/arm-unknown-linux-gnu//sys-root/usr/lib/crt1.o
 .glue_7        0x0001fd58        0x0 /cygdrive/C/glibc-oabi-toolchain-arm-generic/arm-unknown-linux-gnu//sys-root/usr/lib/crti.o
 .glue_7        0x0001fd58        0x0 /usr/bin/../lib/gcc/arm-unknown-linux-gnu/4.3.4/crtbegin.o
 .glue_7        0x0001fd58        0x0 ./src/games/games.o
 .glue_7        0x0001fd58        0x0 ./src/MCNEW_POS.o
 .glue_7        0x0001fd58        0x0 ./src/auth.o
 .glue_7        0x0001fd58        0x0 ./src/cJSON.o
 .glue_7        0x0001fd58        0x0 ./src/constants.o
 .glue_7        0x0001fd58        0x0 ./src/gui.o
 .glue_7        0x0001fd58        0x0 ./src/helpers.o
 .glue_7        0x0001fd58        0x0 ./src/lkd.o
 .glue_7        0x0001fd58        0x0 ./src/print.o
 .glue_7        0x0001fd58        0x0 C:\src\NEW8210\seos\lib/libseos.so
 .glue_7        0x0001fd58        0x0 C:\src\NEW8210\sdk8210\lib/libcurl.so
 .glue_7        0x0001fd58        0x0 C:\src\NEW8210\sdk8210\lib/libz.so
 .glue_7        0x0001fd58        0x0 C:\src\NEW8210\sdk8210\lib/libpng.so
 .glue_7        0x0001fd58        0x0 C:\src\NEW8210\sdk8210\lib/libpos.so
 .glue_7        0x0001fd58        0x0 C:\src\NEW8210\sdk8210\lib/libfusion.so
 .glue_7        0x0001fd58        0x0 C:\src\NEW8210\sdk8210\lib/libdirect.so
 .glue_7        0x0001fd58        0x0 C:\src\NEW8210\sdk8210\lib/libdirectfb.so
 .glue_7        0x0001fd58        0x0 C:\src\NEW8210\sdk8210\lib/libssl.so
 .glue_7        0x0001fd58        0x0 C:\src\NEW8210\sdk8210\lib/libiccard.so
 .glue_7        0x0001fd58        0x0 C:\src\NEW8210\sdk8210\lib/libnfc.so
 .glue_7        0x0001fd58        0x0 C:\src\NEW8210\sdk8210\lib/libped.so
 .glue_7        0x0001fd58        0x0 C:\src\NEW8210\sdk8210\lib/libemv.so
 .glue_7        0x0001fd58        0x0 C:\src\NEW8210\sdk8210\lib/libcrypto.so
 .glue_7        0x0001fd58        0x0 C:\src\NEW8210\fribidi\lib/libfribidi.so
 .glue_7        0x0001fd58        0x0 /usr/bin/../lib/gcc/arm-unknown-linux-gnu/4.3.4/libgcc.a(_udivsi3.o)
 .glue_7        0x0001fd58        0x0 /usr/bin/../lib/gcc/arm-unknown-linux-gnu/4.3.4/libgcc.a(_divsi3.o)
 .glue_7        0x0001fd58        0x0 /usr/bin/../lib/gcc/arm-unknown-linux-gnu/4.3.4/libgcc.a(_modsi3.o)
 .glue_7        0x0001fd58        0x0 /usr/bin/../lib/gcc/arm-unknown-linux-gnu/4.3.4/libgcc.a(_dvmd_tls.o)
 .glue_7        0x0001fd58        0x0 /usr/bin/../lib/gcc/arm-unknown-linux-gnu/4.3.4/libgcc.a(_addsubdf3.o)
 .glue_7        0x0001fd58        0x0 /usr/bin/../lib/gcc/arm-unknown-linux-gnu/4.3.4/libgcc.a(_muldivdf3.o)
 .glue_7        0x0001fd58        0x0 /usr/bin/../lib/gcc/arm-unknown-linux-gnu/4.3.4/libgcc.a(_cmpdf2.o)
 .glue_7        0x0001fd58        0x0 /usr/bin/../lib/gcc/arm-unknown-linux-gnu/4.3.4/libgcc.a(_fixdfsi.o)
 .glue_7        0x0001fd58        0x0 /usr/bin/../lib/gcc/arm-unknown-linux-gnu/4.3.4/libgcc.a(_addsubsf3.o)
 .glue_7        0x0001fd58        0x0 /cygdrive/C/glibc-oabi-toolchain-arm-generic/arm-unknown-linux-gnu//sys-root/lib/libgcc_s.so
 .glue_7        0x0001fd58        0x0 /cygdrive/C/glibc-oabi-toolchain-arm-generic/arm-unknown-linux-gnu//sys-root/lib/libc.so.6
 .glue_7        0x0001fd58        0x0 /cygdrive/C/glibc-oabi-toolchain-arm-generic/arm-unknown-linux-gnu//sys-root/usr/lib/libc_nonshared.a(elf-init.oS)
 .glue_7        0x0001fd58        0x0 /cygdrive/C/glibc-oabi-toolchain-arm-generic/arm-unknown-linux-gnu//sys-root/lib/ld-linux.so.2
 .glue_7        0x0001fd58        0x0 /cygdrive/C/glibc-oabi-toolchain-arm-generic/arm-unknown-linux-gnu//sys-root/lib/libgcc_s.so
 .glue_7        0x0001fd58        0x0 /usr/bin/../lib/gcc/arm-unknown-linux-gnu/4.3.4/crtend.o
 .glue_7        0x0001fd58        0x0 /cygdrive/C/glibc-oabi-toolchain-arm-generic/arm-unknown-linux-gnu//sys-root/usr/lib/crtn.o
 *(.vfp11_veneer)
 .vfp11_veneer  0x0001fd58        0x0 /cygdrive/C/glibc-oabi-toolchain-arm-generic/arm-unknown-linux-gnu//sys-root/usr/lib/crt1.o
 .vfp11_veneer  0x0001fd58        0x0 /cygdrive/C/glibc-oabi-toolchain-arm-generic/arm-unknown-linux-gnu//sys-root/usr/lib/crti.o
 .vfp11_veneer  0x0001fd58        0x0 /usr/bin/../lib/gcc/arm-unknown-linux-gnu/4.3.4/crtbegin.o
 .vfp11_veneer  0x0001fd58        0x0 ./src/games/games.o
 .vfp11_veneer  0x0001fd58        0x0 ./src/MCNEW_POS.o
 .vfp11_veneer  0x0001fd58        0x0 ./src/auth.o
 .vfp11_veneer  0x0001fd58        0x0 ./src/cJSON.o
 .vfp11_veneer  0x0001fd58        0x0 ./src/constants.o
 .vfp11_veneer  0x0001fd58        0x0 ./src/gui.o
 .vfp11_veneer  0x0001fd58        0x0 ./src/helpers.o
 .vfp11_veneer  0x0001fd58        0x0 ./src/lkd.o
 .vfp11_veneer  0x0001fd58        0x0 ./src/print.o
 .vfp11_veneer  0x0001fd58        0x0 C:\src\NEW8210\seos\lib/libseos.so
 .vfp11_veneer  0x0001fd58        0x0 C:\src\NEW8210\sdk8210\lib/libcurl.so
 .vfp11_veneer  0x0001fd58        0x0 C:\src\NEW8210\sdk8210\lib/libz.so
 .vfp11_veneer  0x0001fd58        0x0 C:\src\NEW8210\sdk8210\lib/libpng.so
 .vfp11_veneer  0x0001fd58        0x0 C:\src\NEW8210\sdk8210\lib/libpos.so
 .vfp11_veneer  0x0001fd58        0x0 C:\src\NEW8210\sdk8210\lib/libfusion.so
 .vfp11_veneer  0x0001fd58        0x0 C:\src\NEW8210\sdk8210\lib/libdirect.so
 .vfp11_veneer  0x0001fd58        0x0 C:\src\NEW8210\sdk8210\lib/libdirectfb.so
 .vfp11_veneer  0x0001fd58        0x0 C:\src\NEW8210\sdk8210\lib/libssl.so
 .vfp11_veneer  0x0001fd58        0x0 C:\src\NEW8210\sdk8210\lib/libiccard.so
 .vfp11_veneer  0x0001fd58        0x0 C:\src\NEW8210\sdk8210\lib/libnfc.so
 .vfp11_veneer  0x0001fd58        0x0 C:\src\NEW8210\sdk8210\lib/libped.so
 .vfp11_veneer  0x0001fd58        0x0 C:\src\NEW8210\sdk8210\lib/libemv.so
 .vfp11_veneer  0x0001fd58        0x0 C:\src\NEW8210\sdk8210\lib/libcrypto.so
 .vfp11_veneer  0x0001fd58        0x0 C:\src\NEW8210\fribidi\lib/libfribidi.so
 .vfp11_veneer  0x0001fd58        0x0 /usr/bin/../lib/gcc/arm-unknown-linux-gnu/4.3.4/libgcc.a(_udivsi3.o)
 .vfp11_veneer  0x0001fd58        0x0 /usr/bin/../lib/gcc/arm-unknown-linux-gnu/4.3.4/libgcc.a(_divsi3.o)
 .vfp11_veneer  0x0001fd58        0x0 /usr/bin/../lib/gcc/arm-unknown-linux-gnu/4.3.4/libgcc.a(_modsi3.o)
 .vfp11_veneer  0x0001fd58        0x0 /usr/bin/../lib/gcc/arm-unknown-linux-gnu/4.3.4/libgcc.a(_dvmd_tls.o)
 .vfp11_veneer  0x0001fd58        0x0 /usr/bin/../lib/gcc/arm-unknown-linux-gnu/4.3.4/libgcc.a(_addsubdf3.o)
 .vfp11_veneer  0x0001fd58        0x0 /usr/bin/../lib/gcc/arm-unknown-linux-gnu/4.3.4/libgcc.a(_muldivdf3.o)
 .vfp11_veneer  0x0001fd58        0x0 /usr/bin/../lib/gcc/arm-unknown-linux-gnu/4.3.4/libgcc.a(_cmpdf2.o)
 .vfp11_veneer  0x0001fd58        0x0 /usr/bin/../lib/gcc/arm-unknown-linux-gnu/4.3.4/libgcc.a(_fixdfsi.o)
 .vfp11_veneer  0x0001fd58        0x0 /usr/bin/../lib/gcc/arm-unknown-linux-gnu/4.3.4/libgcc.a(_addsubsf3.o)
 .vfp11_veneer  0x0001fd58        0x0 /cygdrive/C/glibc-oabi-toolchain-arm-generic/arm-unknown-linux-gnu//sys-root/lib/libgcc_s.so
 .vfp11_veneer  0x0001fd58        0x0 /cygdrive/C/glibc-oabi-toolchain-arm-generic/arm-unknown-linux-gnu//sys-root/lib/libc.so.6
 .vfp11_veneer  0x0001fd58        0x0 /cygdrive/C/glibc-oabi-toolchain-arm-generic/arm-unknown-linux-gnu//sys-root/usr/lib/libc_nonshared.a(elf-init.oS)
 .vfp11_veneer  0x0001fd58        0x0 /cygdrive/C/glibc-oabi-toolchain-arm-generic/arm-unknown-linux-gnu//sys-root/lib/ld-linux.so.2
 .vfp11_veneer  0x0001fd58        0x0 /cygdrive/C/glibc-oabi-toolchain-arm-generic/arm-unknown-linux-gnu//sys-root/lib/libgcc_s.so
 .vfp11_veneer  0x0001fd58        0x0 /usr/bin/../lib/gcc/arm-unknown-linux-gnu/4.3.4/crtend.o
 .vfp11_veneer  0x0001fd58        0x0 /cygdrive/C/glibc-oabi-toolchain-arm-generic/arm-unknown-linux-gnu//sys-root/usr/lib/crtn.o
 *(.v4_bx)
 .v4_bx         0x0001fd58        0x0 /cygdrive/C/glibc-oabi-toolchain-arm-generic/arm-unknown-linux-gnu//sys-root/usr/lib/crt1.o
 .v4_bx         0x0001fd58        0x0 /cygdrive/C/glibc-oabi-toolchain-arm-generic/arm-unknown-linux-gnu//sys-root/usr/lib/crti.o
 .v4_bx         0x0001fd58        0x0 /usr/bin/../lib/gcc/arm-unknown-linux-gnu/4.3.4/crtbegin.o
 .v4_bx         0x0001fd58        0x0 ./src/games/games.o
 .v4_bx         0x0001fd58        0x0 ./src/MCNEW_POS.o
 .v4_bx         0x0001fd58        0x0 ./src/auth.o
 .v4_bx         0x0001fd58        0x0 ./src/cJSON.o
 .v4_bx         0x0001fd58        0x0 ./src/constants.o
 .v4_bx         0x0001fd58        0x0 ./src/gui.o
 .v4_bx         0x0001fd58        0x0 ./src/helpers.o
 .v4_bx         0x0001fd58        0x0 ./src/lkd.o
 .v4_bx         0x0001fd58        0x0 ./src/print.o
 .v4_bx         0x0001fd58        0x0 C:\src\NEW8210\seos\lib/libseos.so
 .v4_bx         0x0001fd58        0x0 C:\src\NEW8210\sdk8210\lib/libcurl.so
 .v4_bx         0x0001fd58        0x0 C:\src\NEW8210\sdk8210\lib/libz.so
 .v4_bx         0x0001fd58        0x0 C:\src\NEW8210\sdk8210\lib/libpng.so
 .v4_bx         0x0001fd58        0x0 C:\src\NEW8210\sdk8210\lib/libpos.so
 .v4_bx         0x0001fd58        0x0 C:\src\NEW8210\sdk8210\lib/libfusion.so
 .v4_bx         0x0001fd58        0x0 C:\src\NEW8210\sdk8210\lib/libdirect.so
 .v4_bx         0x0001fd58        0x0 C:\src\NEW8210\sdk8210\lib/libdirectfb.so
 .v4_bx         0x0001fd58        0x0 C:\src\NEW8210\sdk8210\lib/libssl.so
 .v4_bx         0x0001fd58        0x0 C:\src\NEW8210\sdk8210\lib/libiccard.so
 .v4_bx         0x0001fd58        0x0 C:\src\NEW8210\sdk8210\lib/libnfc.so
 .v4_bx         0x0001fd58        0x0 C:\src\NEW8210\sdk8210\lib/libped.so
 .v4_bx         0x0001fd58        0x0 C:\src\NEW8210\sdk8210\lib/libemv.so
 .v4_bx         0x0001fd58        0x0 C:\src\NEW8210\sdk8210\lib/libcrypto.so
 .v4_bx         0x0001fd58        0x0 C:\src\NEW8210\fribidi\lib/libfribidi.so
 .v4_bx         0x0001fd58        0x0 /usr/bin/../lib/gcc/arm-unknown-linux-gnu/4.3.4/libgcc.a(_udivsi3.o)
 .v4_bx         0x0001fd58        0x0 /usr/bin/../lib/gcc/arm-unknown-linux-gnu/4.3.4/libgcc.a(_divsi3.o)
 .v4_bx         0x0001fd58        0x0 /usr/bin/../lib/gcc/arm-unknown-linux-gnu/4.3.4/libgcc.a(_modsi3.o)
 .v4_bx         0x0001fd58        0x0 /usr/bin/../lib/gcc/arm-unknown-linux-gnu/4.3.4/libgcc.a(_dvmd_tls.o)
 .v4_bx         0x0001fd58        0x0 /usr/bin/../lib/gcc/arm-unknown-linux-gnu/4.3.4/libgcc.a(_addsubdf3.o)
 .v4_bx         0x0001fd58        0x0 /usr/bin/../lib/gcc/arm-unknown-linux-gnu/4.3.4/libgcc.a(_muldivdf3.o)
 .v4_bx         0x0001fd58        0x0 /usr/bin/../lib/gcc/arm-unknown-linux-gnu/4.3.4/libgcc.a(_cmpdf2.o)
 .v4_bx         0x0001fd58        0x0 /usr/bin/../lib/gcc/arm-unknown-linux-gnu/4.3.4/libgcc.a(_fixdfsi.o)
 .v4_bx         0x0001fd58        0x0 /usr/bin/../lib/gcc/arm-unknown-linux-gnu/4.3.4/libgcc.a(_addsubsf3.o)
 .v4_bx         0x0001fd58        0x0 /cygdrive/C/glibc-oabi-toolchain-arm-generic/arm-unknown-linux-gnu//sys-root/lib/libgcc_s.so
 .v4_bx         0x0001fd58        0x0 /cygdrive/C/glibc-oabi-toolchain-arm-generic/arm-unknown-linux-gnu//sys-root/lib/libc.so.6
 .v4_bx         0x0001fd58        0x0 /cygdrive/C/glibc-oabi-toolchain-arm-generic/arm-unknown-linux-gnu//sys-root/usr/lib/libc_nonshared.a(elf-init.oS)
 .v4_bx         0x0001fd58        0x0 /cygdrive/C/glibc-oabi-toolchain-arm-generic/arm-unknown-linux-gnu//sys-root/lib/ld-linux.so.2
 .v4_bx         0x0001fd58        0x0 /cygdrive/C/glibc-oabi-toolchain-arm-generic/arm-unknown-linux-gnu//sys-root/lib/libgcc_s.so
 .v4_bx         0x0001fd58        0x0 /usr/bin/../lib/gcc/arm-unknown-linux-gnu/4.3.4/crtend.o
 .v4_bx         0x0001fd58        0x0 /cygdrive/C/glibc-oabi-toolchain-arm-generic/arm-unknown-linux-gnu//sys-root/usr/lib/crtn.o

.fini           0x0001fd58        0xc
 *(.fini)
 .fini          0x0001fd58        0x4 /cygdrive/C/glibc-oabi-toolchain-arm-generic/arm-unknown-linux-gnu//sys-root/usr/lib/crti.o
                0x0001fd58                _fini
 .fini          0x0001fd5c        0x4 /usr/bin/../lib/gcc/arm-unknown-linux-gnu/4.3.4/crtbegin.o
 .fini          0x0001fd60        0x4 /cygdrive/C/glibc-oabi-toolchain-arm-generic/arm-unknown-linux-gnu//sys-root/usr/lib/crtn.o
                0x0001fd64                PROVIDE (__etext, .)
                0x0001fd64                PROVIDE (_etext, .)
                0x0001fd64                PROVIDE (etext, .)

.rodata         0x0001fd64      0xf38
 *(.rodata .rodata.* .gnu.linkonce.r.*)
 .rodata.cst4   0x0001fd64        0x4 /cygdrive/C/glibc-oabi-toolchain-arm-generic/arm-unknown-linux-gnu//sys-root/usr/lib/crt1.o
                0x0001fd64                _IO_stdin_used
 .rodata        0x0001fd68      0x4e4 ./src/games/games.o
 .rodata        0x0002024c      0x100 ./src/MCNEW_POS.o
 .rodata        0x0002034c      0x124 ./src/auth.o
 .rodata        0x00020470       0xb0 ./src/cJSON.o
 .rodata        0x00020520      0x1cc ./src/helpers.o
 .rodata        0x000206ec       0xdc ./src/lkd.o
 .rodata        0x000207c8      0x4d4 ./src/print.o

.rodata1
 *(.rodata1)

.eh_frame_hdr
 *(.eh_frame_hdr)

.eh_frame       0x00020c9c        0x4
 *(.eh_frame)
 .eh_frame      0x00020c9c        0x4 /usr/bin/../lib/gcc/arm-unknown-linux-gnu/4.3.4/crtend.o

.gcc_except_table
 *(.gcc_except_table .gcc_except_table.*)
                0x00020ca0                . = (ALIGN (0x8000) - ((0x8000 - .) & 0x7fff))
                0x00028eac                . = (0x8000 DATA_SEGMENT_ALIGN 0x1000)

.eh_frame
 *(.eh_frame)

.gcc_except_table
 *(.gcc_except_table .gcc_except_table.*)

.tdata
 *(.tdata .tdata.* .gnu.linkonce.td.*)

.tbss
 *(.tbss .tbss.* .gnu.linkonce.tb.*)
 *(.tcommon)

.preinit_array  0x00028eac        0x0
                0x00028eac                PROVIDE (__preinit_array_start, .)
 *(.preinit_array)
                0x00028eac                PROVIDE (__preinit_array_end, .)

.init_array     0x00028eac        0x0
                0x00028eac                PROVIDE (__init_array_start, .)
 *(SORT(.init_array.*))
 *(.init_array)
                0x00028eac                PROVIDE (__init_array_end, .)

.fini_array     0x00028eac        0x0
                0x00028eac                PROVIDE (__fini_array_start, .)
 *(.fini_array)
 *(SORT(.fini_array.*))
                0x00028eac                PROVIDE (__fini_array_end, .)

.ctors          0x00028eac        0x8
 *crtbegin.o(.ctors)
 .ctors         0x00028eac        0x4 /usr/bin/../lib/gcc/arm-unknown-linux-gnu/4.3.4/crtbegin.o
 *crtbegin?.o(.ctors)
 *(EXCLUDE_FILE(*crtend?.o *crtend.o) .ctors)
 *(SORT(.ctors.*))
 *(.ctors)
 .ctors         0x00028eb0        0x4 /usr/bin/../lib/gcc/arm-unknown-linux-gnu/4.3.4/crtend.o

.dtors          0x00028eb4        0x8
 *crtbegin.o(.dtors)
 .dtors         0x00028eb4        0x4 /usr/bin/../lib/gcc/arm-unknown-linux-gnu/4.3.4/crtbegin.o
 *crtbegin?.o(.dtors)
 *(EXCLUDE_FILE(*crtend?.o *crtend.o) .dtors)
 *(SORT(.dtors.*))
 *(.dtors)
 .dtors         0x00028eb8        0x4 /usr/bin/../lib/gcc/arm-unknown-linux-gnu/4.3.4/crtend.o
                0x00028eb8                __DTOR_END__

.jcr            0x00028ebc        0x4
 *(.jcr)
 .jcr           0x00028ebc        0x0 /usr/bin/../lib/gcc/arm-unknown-linux-gnu/4.3.4/crtbegin.o
 .jcr           0x00028ebc        0x4 /usr/bin/../lib/gcc/arm-unknown-linux-gnu/4.3.4/crtend.o

.data.rel.ro
 *(.data.rel.ro.local* .gnu.linkonce.d.rel.ro.local.*)
 *(.data.rel.ro* .gnu.linkonce.d.rel.ro.*)

.dynamic        0x00028ec0      0x140
 *(.dynamic)
 .dynamic       0x00028ec0      0x140 /cygdrive/C/glibc-oabi-toolchain-arm-generic/arm-unknown-linux-gnu//sys-root/usr/lib/crti.o
                0x00028ec0                _DYNAMIC
                0x00029000                . = (. DATA_SEGMENT_RELRO_END 0x0)

.got            0x00029000      0x158
 *(.got.plt)
 .got.plt       0x00029000      0x154 /cygdrive/C/glibc-oabi-toolchain-arm-generic/arm-unknown-linux-gnu//sys-root/usr/lib/crti.o
                0x00029000                _GLOBAL_OFFSET_TABLE_
 *(.got)
 .got           0x00029154        0x4 /cygdrive/C/glibc-oabi-toolchain-arm-generic/arm-unknown-linux-gnu//sys-root/usr/lib/crti.o

.data           0x00029158       0x50
                0x00029158                __data_start = .
 *(.data .data.* .gnu.linkonce.d.*)
 .data          0x00029158        0x4 /cygdrive/C/glibc-oabi-toolchain-arm-generic/arm-unknown-linux-gnu//sys-root/usr/lib/crt1.o
                0x00029158                data_start
 .data          0x0002915c        0x0 /cygdrive/C/glibc-oabi-toolchain-arm-generic/arm-unknown-linux-gnu//sys-root/usr/lib/crti.o
 .data          0x0002915c        0x8 /usr/bin/../lib/gcc/arm-unknown-linux-gnu/4.3.4/crtbegin.o
                0x00029160                __dso_handle
 .data          0x00029164        0x0 ./src/games/games.o
 .data          0x00029164        0x0 ./src/MCNEW_POS.o
 .data          0x00029164        0x0 ./src/auth.o
 .data          0x00029164        0xc ./src/cJSON.o
 .data          0x00029170       0x2c ./src/constants.o
                0x00029174                colorWhite
                0x0002918c                colorWarning
                0x00029194                colorSuccess
                0x00029180                colorSecondary
                0x00029198                colorGrey
                0x00029188                colorInfo
                0x00029184                colorLight
                0x00029190                colorDanger
                0x0002917c                colorPrimary
                0x00029178                colorBlack
                0x00029170                SIZE_WIDGET
 .data          0x0002919c        0x0 ./src/gui.o
 .data          0x0002919c        0x8 ./src/helpers.o
                0x000291a0                prn_current_y
 .data          0x000291a4        0x0 ./src/lkd.o
 .data          0x000291a4        0x0 ./src/print.o
 .data          0x000291a4        0x0 /usr/bin/../lib/gcc/arm-unknown-linux-gnu/4.3.4/libgcc.a(_udivsi3.o)
 .data          0x000291a4        0x0 /usr/bin/../lib/gcc/arm-unknown-linux-gnu/4.3.4/libgcc.a(_divsi3.o)
 .data          0x000291a4        0x0 /usr/bin/../lib/gcc/arm-unknown-linux-gnu/4.3.4/libgcc.a(_modsi3.o)
 .data          0x000291a4        0x0 /usr/bin/../lib/gcc/arm-unknown-linux-gnu/4.3.4/libgcc.a(_dvmd_tls.o)
 .data          0x000291a4        0x0 /usr/bin/../lib/gcc/arm-unknown-linux-gnu/4.3.4/libgcc.a(_addsubdf3.o)
 .data          0x000291a4        0x0 /usr/bin/../lib/gcc/arm-unknown-linux-gnu/4.3.4/libgcc.a(_muldivdf3.o)
 .data          0x000291a4        0x0 /usr/bin/../lib/gcc/arm-unknown-linux-gnu/4.3.4/libgcc.a(_cmpdf2.o)
 .data          0x000291a4        0x0 /usr/bin/../lib/gcc/arm-unknown-linux-gnu/4.3.4/libgcc.a(_fixdfsi.o)
 .data          0x000291a4        0x0 /usr/bin/../lib/gcc/arm-unknown-linux-gnu/4.3.4/libgcc.a(_addsubsf3.o)
 .data          0x000291a4        0x0 /cygdrive/C/glibc-oabi-toolchain-arm-generic/arm-unknown-linux-gnu//sys-root/usr/lib/libc_nonshared.a(elf-init.oS)
 .data          0x000291a4        0x4 /usr/bin/../lib/gcc/arm-unknown-linux-gnu/4.3.4/crtend.o
 .data          0x000291a8        0x0 /cygdrive/C/glibc-oabi-toolchain-arm-generic/arm-unknown-linux-gnu//sys-root/usr/lib/crtn.o

.data1
 *(.data1)
                0x000291a8                _edata = .
                0x000291a8                PROVIDE (edata, .)
                0x000291a8                __bss_start = .
                0x000291a8                __bss_start__ = .

.bss            0x000291a8       0x2c
 *(.dynbss)
 .dynbss        0x00000000        0x0 /cygdrive/C/glibc-oabi-toolchain-arm-generic/arm-unknown-linux-gnu//sys-root/usr/lib/crti.o
 *(.bss .bss.* .gnu.linkonce.b.*)
 .bss           0x000291a8        0x0 /cygdrive/C/glibc-oabi-toolchain-arm-generic/arm-unknown-linux-gnu//sys-root/usr/lib/crt1.o
 .bss           0x000291a8        0x0 /cygdrive/C/glibc-oabi-toolchain-arm-generic/arm-unknown-linux-gnu//sys-root/usr/lib/crti.o
 .bss           0x000291a8        0x8 /usr/bin/../lib/gcc/arm-unknown-linux-gnu/4.3.4/crtbegin.o
 .bss           0x000291b0        0x0 ./src/games/games.o
 .bss           0x000291b0        0x0 ./src/MCNEW_POS.o
 .bss           0x000291b0        0x0 ./src/auth.o
 .bss           0x000291b0       0x18 ./src/cJSON.o
 .bss           0x000291c8        0x0 ./src/constants.o
 .bss           0x000291c8        0x8 ./src/gui.o
 .bss           0x000291d0        0x4 ./src/helpers.o
 .bss           0x000291d4        0x0 ./src/lkd.o
 .bss           0x000291d4        0x0 ./src/print.o
 .bss           0x000291d4        0x0 /usr/bin/../lib/gcc/arm-unknown-linux-gnu/4.3.4/libgcc.a(_udivsi3.o)
 .bss           0x000291d4        0x0 /usr/bin/../lib/gcc/arm-unknown-linux-gnu/4.3.4/libgcc.a(_divsi3.o)
 .bss           0x000291d4        0x0 /usr/bin/../lib/gcc/arm-unknown-linux-gnu/4.3.4/libgcc.a(_modsi3.o)
 .bss           0x000291d4        0x0 /usr/bin/../lib/gcc/arm-unknown-linux-gnu/4.3.4/libgcc.a(_dvmd_tls.o)
 .bss           0x000291d4        0x0 /usr/bin/../lib/gcc/arm-unknown-linux-gnu/4.3.4/libgcc.a(_addsubdf3.o)
 .bss           0x000291d4        0x0 /usr/bin/../lib/gcc/arm-unknown-linux-gnu/4.3.4/libgcc.a(_muldivdf3.o)
 .bss           0x000291d4        0x0 /usr/bin/../lib/gcc/arm-unknown-linux-gnu/4.3.4/libgcc.a(_cmpdf2.o)
 .bss           0x000291d4        0x0 /usr/bin/../lib/gcc/arm-unknown-linux-gnu/4.3.4/libgcc.a(_fixdfsi.o)
 .bss           0x000291d4        0x0 /usr/bin/../lib/gcc/arm-unknown-linux-gnu/4.3.4/libgcc.a(_addsubsf3.o)
 .bss           0x000291d4        0x0 /cygdrive/C/glibc-oabi-toolchain-arm-generic/arm-unknown-linux-gnu//sys-root/usr/lib/libc_nonshared.a(elf-init.oS)
 .bss           0x000291d4        0x0 /usr/bin/../lib/gcc/arm-unknown-linux-gnu/4.3.4/crtend.o
 .bss           0x000291d4        0x0 /cygdrive/C/glibc-oabi-toolchain-arm-generic/arm-unknown-linux-gnu//sys-root/usr/lib/crtn.o
 *(COMMON)
                0x000291d4                . = ALIGN ((. != 0x0)?0x4:0x1)
                0x000291d4                _bss_end__ = .
                0x000291d4                __bss_end__ = .
                0x000291d4                . = ALIGN (0x4)
                0x000291d4                . = ALIGN (0x4)
                0x000291d4                __end__ = .
                0x000291d4                _end = .
                0x000291d4                PROVIDE (end, .)
                0x000291d4                . = DATA_SEGMENT_END (.)

.stab
 *(.stab)

.stabstr
 *(.stabstr)

.stab.excl
 *(.stab.excl)

.stab.exclstr
 *(.stab.exclstr)

.stab.index
 *(.stab.index)

.stab.indexstr
 *(.stab.indexstr)

.comment        0x00000000      0x1e0
 *(.comment)
 .comment       0x00000000       0x20 /cygdrive/C/glibc-oabi-toolchain-arm-generic/arm-unknown-linux-gnu//sys-root/usr/lib/crt1.o
 .comment       0x00000020       0x20 /cygdrive/C/glibc-oabi-toolchain-arm-generic/arm-unknown-linux-gnu//sys-root/usr/lib/crti.o
 .comment       0x00000040       0x20 /usr/bin/../lib/gcc/arm-unknown-linux-gnu/4.3.4/crtbegin.o
 .comment       0x00000060       0x20 ./src/games/games.o
 .comment       0x00000080       0x20 ./src/MCNEW_POS.o
 .comment       0x000000a0       0x20 ./src/auth.o
 .comment       0x000000c0       0x20 ./src/cJSON.o
 .comment       0x000000e0       0x20 ./src/constants.o
 .comment       0x00000100       0x20 ./src/gui.o
 .comment       0x00000120       0x20 ./src/helpers.o
 .comment       0x00000140       0x20 ./src/lkd.o
 .comment       0x00000160       0x20 ./src/print.o
 .comment       0x00000180       0x20 /cygdrive/C/glibc-oabi-toolchain-arm-generic/arm-unknown-linux-gnu//sys-root/usr/lib/libc_nonshared.a(elf-init.oS)
 .comment       0x000001a0       0x20 /usr/bin/../lib/gcc/arm-unknown-linux-gnu/4.3.4/crtend.o
 .comment       0x000001c0       0x20 /cygdrive/C/glibc-oabi-toolchain-arm-generic/arm-unknown-linux-gnu//sys-root/usr/lib/crtn.o

.debug
 *(.debug)

.line
 *(.line)

.debug_srcinfo
 *(.debug_srcinfo)

.debug_sfnames
 *(.debug_sfnames)

.debug_aranges  0x00000000      0x278
 *(.debug_aranges)
 .debug_aranges
                0x00000000       0x30 /cygdrive/C/glibc-oabi-toolchain-arm-generic/arm-unknown-linux-gnu//sys-root/usr/lib/crti.o
 .debug_aranges
                0x00000030       0x20 ./src/games/games.o
 .debug_aranges
                0x00000050       0x20 ./src/MCNEW_POS.o
 .debug_aranges
                0x00000070       0x20 ./src/auth.o
 .debug_aranges
                0x00000090       0x20 ./src/cJSON.o
 .debug_aranges
                0x000000b0       0x20 ./src/gui.o
 .debug_aranges
                0x000000d0       0x20 ./src/helpers.o
 .debug_aranges
                0x000000f0       0x20 ./src/lkd.o
 .debug_aranges
                0x00000110       0x20 ./src/print.o
 .debug_aranges
                0x00000130       0x20 /usr/bin/../lib/gcc/arm-unknown-linux-gnu/4.3.4/libgcc.a(_udivsi3.o)
 .debug_aranges
                0x00000150       0x20 /usr/bin/../lib/gcc/arm-unknown-linux-gnu/4.3.4/libgcc.a(_divsi3.o)
 .debug_aranges
                0x00000170       0x20 /usr/bin/../lib/gcc/arm-unknown-linux-gnu/4.3.4/libgcc.a(_modsi3.o)
 .debug_aranges
                0x00000190       0x20 /usr/bin/../lib/gcc/arm-unknown-linux-gnu/4.3.4/libgcc.a(_dvmd_tls.o)
 .debug_aranges
                0x000001b0       0x20 /usr/bin/../lib/gcc/arm-unknown-linux-gnu/4.3.4/libgcc.a(_addsubdf3.o)
 .debug_aranges
                0x000001d0       0x20 /usr/bin/../lib/gcc/arm-unknown-linux-gnu/4.3.4/libgcc.a(_muldivdf3.o)
 .debug_aranges
                0x000001f0       0x20 /usr/bin/../lib/gcc/arm-unknown-linux-gnu/4.3.4/libgcc.a(_cmpdf2.o)
 .debug_aranges
                0x00000210       0x20 /usr/bin/../lib/gcc/arm-unknown-linux-gnu/4.3.4/libgcc.a(_fixdfsi.o)
 .debug_aranges
                0x00000230       0x20 /usr/bin/../lib/gcc/arm-unknown-linux-gnu/4.3.4/libgcc.a(_addsubsf3.o)
 .debug_aranges
                0x00000250       0x28 /cygdrive/C/glibc-oabi-toolchain-arm-generic/arm-unknown-linux-gnu//sys-root/usr/lib/crtn.o

.debug_pubnames
                0x00000000      0xcbd
 *(.debug_pubnames)
 .debug_pubnames
                0x00000000       0xa4 ./src/games/games.o
 .debug_pubnames
                0x000000a4       0x1b ./src/MCNEW_POS.o
 .debug_pubnames
                0x000000bf       0x26 ./src/auth.o
 .debug_pubnames
                0x000000e5      0x74e ./src/cJSON.o
 .debug_pubnames
                0x00000833       0xc1 ./src/constants.o
 .debug_pubnames
                0x000008f4       0x5c ./src/gui.o
 .debug_pubnames
                0x00000950      0x25f ./src/helpers.o
 .debug_pubnames
                0x00000baf       0xca ./src/lkd.o
 .debug_pubnames
                0x00000c79       0x44 ./src/print.o

.debug_info     0x00000000    0x2a9e8
 *(.debug_info .gnu.linkonce.wi.*)
 .debug_info    0x00000000       0xb8 /cygdrive/C/glibc-oabi-toolchain-arm-generic/arm-unknown-linux-gnu//sys-root/usr/lib/crti.o
 .debug_info    0x000000b8     0x9322 ./src/games/games.o
 .debug_info    0x000093da      0x384 ./src/MCNEW_POS.o
 .debug_info    0x0000975e     0x825d ./src/auth.o
 .debug_info    0x000119bb     0x22e6 ./src/cJSON.o
 .debug_info    0x00013ca1      0x1b4 ./src/constants.o
 .debug_info    0x00013e55     0x3095 ./src/gui.o
 .debug_info    0x00016eea     0xa5bd ./src/helpers.o
 .debug_info    0x000214a7      0x76c ./src/lkd.o
 .debug_info    0x00021c13     0x84bb ./src/print.o
 .debug_info    0x0002a0ce       0xef /usr/bin/../lib/gcc/arm-unknown-linux-gnu/4.3.4/libgcc.a(_udivsi3.o)
 .debug_info    0x0002a1bd       0xef /usr/bin/../lib/gcc/arm-unknown-linux-gnu/4.3.4/libgcc.a(_divsi3.o)
 .debug_info    0x0002a2ac       0xef /usr/bin/../lib/gcc/arm-unknown-linux-gnu/4.3.4/libgcc.a(_modsi3.o)
 .debug_info    0x0002a39b       0xef /usr/bin/../lib/gcc/arm-unknown-linux-gnu/4.3.4/libgcc.a(_dvmd_tls.o)
 .debug_info    0x0002a48a       0xee /usr/bin/../lib/gcc/arm-unknown-linux-gnu/4.3.4/libgcc.a(_addsubdf3.o)
 .debug_info    0x0002a578       0xee /usr/bin/../lib/gcc/arm-unknown-linux-gnu/4.3.4/libgcc.a(_muldivdf3.o)
 .debug_info    0x0002a666       0xee /usr/bin/../lib/gcc/arm-unknown-linux-gnu/4.3.4/libgcc.a(_cmpdf2.o)
 .debug_info    0x0002a754       0xee /usr/bin/../lib/gcc/arm-unknown-linux-gnu/4.3.4/libgcc.a(_fixdfsi.o)
 .debug_info    0x0002a842       0xee /usr/bin/../lib/gcc/arm-unknown-linux-gnu/4.3.4/libgcc.a(_addsubsf3.o)
 .debug_info    0x0002a930       0xb8 /cygdrive/C/glibc-oabi-toolchain-arm-generic/arm-unknown-linux-gnu//sys-root/usr/lib/crtn.o

.debug_abbrev   0x00000000     0x1149
 *(.debug_abbrev)
 .debug_abbrev  0x00000000       0x12 /cygdrive/C/glibc-oabi-toolchain-arm-generic/arm-unknown-linux-gnu//sys-root/usr/lib/crti.o
 .debug_abbrev  0x00000012      0x29e ./src/games/games.o
 .debug_abbrev  0x000002b0      0x10b ./src/MCNEW_POS.o
 .debug_abbrev  0x000003bb      0x1d4 ./src/auth.o
 .debug_abbrev  0x0000058f      0x229 ./src/cJSON.o
 .debug_abbrev  0x000007b8       0x89 ./src/constants.o
 .debug_abbrev  0x00000841      0x1ba ./src/gui.o
 .debug_abbrev  0x000009fb      0x323 ./src/helpers.o
 .debug_abbrev  0x00000d1e      0x13c ./src/lkd.o
 .debug_abbrev  0x00000e5a      0x229 ./src/print.o
 .debug_abbrev  0x00001083       0x14 /usr/bin/../lib/gcc/arm-unknown-linux-gnu/4.3.4/libgcc.a(_udivsi3.o)
 .debug_abbrev  0x00001097       0x14 /usr/bin/../lib/gcc/arm-unknown-linux-gnu/4.3.4/libgcc.a(_divsi3.o)
 .debug_abbrev  0x000010ab       0x14 /usr/bin/../lib/gcc/arm-unknown-linux-gnu/4.3.4/libgcc.a(_modsi3.o)
 .debug_abbrev  0x000010bf       0x14 /usr/bin/../lib/gcc/arm-unknown-linux-gnu/4.3.4/libgcc.a(_dvmd_tls.o)
 .debug_abbrev  0x000010d3       0x14 /usr/bin/../lib/gcc/arm-unknown-linux-gnu/4.3.4/libgcc.a(_addsubdf3.o)
 .debug_abbrev  0x000010e7       0x14 /usr/bin/../lib/gcc/arm-unknown-linux-gnu/4.3.4/libgcc.a(_muldivdf3.o)
 .debug_abbrev  0x000010fb       0x14 /usr/bin/../lib/gcc/arm-unknown-linux-gnu/4.3.4/libgcc.a(_cmpdf2.o)
 .debug_abbrev  0x0000110f       0x14 /usr/bin/../lib/gcc/arm-unknown-linux-gnu/4.3.4/libgcc.a(_fixdfsi.o)
 .debug_abbrev  0x00001123       0x14 /usr/bin/../lib/gcc/arm-unknown-linux-gnu/4.3.4/libgcc.a(_addsubsf3.o)
 .debug_abbrev  0x00001137       0x12 /cygdrive/C/glibc-oabi-toolchain-arm-generic/arm-unknown-linux-gnu//sys-root/usr/lib/crtn.o

.debug_line     0x00000000     0x6ddc
 *(.debug_line)
 .debug_line    0x00000000       0xae /cygdrive/C/glibc-oabi-toolchain-arm-generic/arm-unknown-linux-gnu//sys-root/usr/lib/crti.o
 .debug_line    0x000000ae      0xe4b ./src/games/games.o
 .debug_line    0x00000ef9      0xa97 ./src/MCNEW_POS.o
 .debug_line    0x00001990      0xa5f ./src/auth.o
 .debug_line    0x000023ef      0xa77 ./src/cJSON.o
 .debug_line    0x00002e66      0x62d ./src/constants.o
 .debug_line    0x00003493      0xad6 ./src/gui.o
 .debug_line    0x00003f69      0xd9c ./src/helpers.o
 .debug_line    0x00004d05      0xa97 ./src/lkd.o
 .debug_line    0x0000579c      0xb82 ./src/print.o
 .debug_line    0x0000631e       0xb9 /usr/bin/../lib/gcc/arm-unknown-linux-gnu/4.3.4/libgcc.a(_udivsi3.o)
 .debug_line    0x000063d7       0xc5 /usr/bin/../lib/gcc/arm-unknown-linux-gnu/4.3.4/libgcc.a(_divsi3.o)
 .debug_line    0x0000649c       0xa8 /usr/bin/../lib/gcc/arm-unknown-linux-gnu/4.3.4/libgcc.a(_modsi3.o)
 .debug_line    0x00006544       0x8d /usr/bin/../lib/gcc/arm-unknown-linux-gnu/4.3.4/libgcc.a(_dvmd_tls.o)
 .debug_line    0x000065d1      0x218 /usr/bin/../lib/gcc/arm-unknown-linux-gnu/4.3.4/libgcc.a(_addsubdf3.o)
 .debug_line    0x000067e9      0x257 /usr/bin/../lib/gcc/arm-unknown-linux-gnu/4.3.4/libgcc.a(_muldivdf3.o)
 .debug_line    0x00006a40      0x11f /usr/bin/../lib/gcc/arm-unknown-linux-gnu/4.3.4/libgcc.a(_cmpdf2.o)
 .debug_line    0x00006b5f       0xa2 /usr/bin/../lib/gcc/arm-unknown-linux-gnu/4.3.4/libgcc.a(_fixdfsi.o)
 .debug_line    0x00006c01      0x143 /usr/bin/../lib/gcc/arm-unknown-linux-gnu/4.3.4/libgcc.a(_addsubsf3.o)
 .debug_line    0x00006d44       0x98 /cygdrive/C/glibc-oabi-toolchain-arm-generic/arm-unknown-linux-gnu//sys-root/usr/lib/crtn.o

.debug_frame    0x00000000     0x2b2c
 *(.debug_frame)
 .debug_frame   0x00000000      0x444 ./src/games/games.o
 .debug_frame   0x00000444      0x330 ./src/MCNEW_POS.o
 .debug_frame   0x00000774      0x330 ./src/auth.o
 .debug_frame   0x00000aa4      0xd10 ./src/cJSON.o
 .debug_frame   0x000017b4      0x390 ./src/gui.o
 .debug_frame   0x00001b44      0x770 ./src/helpers.o
 .debug_frame   0x000022b4      0x490 ./src/lkd.o
 .debug_frame   0x00002744      0x370 ./src/print.o
 .debug_frame   0x00002ab4       0x28 /usr/bin/../lib/gcc/arm-unknown-linux-gnu/4.3.4/libgcc.a(_udivsi3.o)
 .debug_frame   0x00002adc       0x28 /usr/bin/../lib/gcc/arm-unknown-linux-gnu/4.3.4/libgcc.a(_divsi3.o)
 .debug_frame   0x00002b04       0x28 /usr/bin/../lib/gcc/arm-unknown-linux-gnu/4.3.4/libgcc.a(_modsi3.o)

.debug_str      0x00000000     0xa192
 *(.debug_str)
 .debug_str     0x00000000     0x6eb3 ./src/games/games.o
                               0x7136 (size before relaxing)
 .debug_str     0x00006eb3       0x4a ./src/MCNEW_POS.o
                                0x457 (size before relaxing)
 .debug_str     0x00006efd       0x6e ./src/auth.o
                               0x6d58 (size before relaxing)
 .debug_str     0x00006f6b      0xb87 ./src/cJSON.o
                                0xd4a (size before relaxing)
 .debug_str     0x00007af2       0x6a ./src/constants.o
                                0x189 (size before relaxing)
 .debug_str     0x00007b5c       0x77 ./src/gui.o
                               0x33de (size before relaxing)
 .debug_str     0x00007bd3     0x238d ./src/helpers.o
                               0x917f (size before relaxing)
 .debug_str     0x00009f60       0xc7 ./src/lkd.o
                                0x4ec (size before relaxing)
 .debug_str     0x0000a027      0x16b ./src/print.o
                               0x6e04 (size before relaxing)

.debug_loc      0x00000000     0x3720
 *(.debug_loc)
 .debug_loc     0x00000000      0x56a ./src/games/games.o
 .debug_loc     0x0000056a      0x41a ./src/MCNEW_POS.o
 .debug_loc     0x00000984      0x41a ./src/auth.o
 .debug_loc     0x00000d9e     0x1110 ./src/cJSON.o
 .debug_loc     0x00001eae      0x498 ./src/gui.o
 .debug_loc     0x00002346      0x984 ./src/helpers.o
 .debug_loc     0x00002cca      0x5e8 ./src/lkd.o
 .debug_loc     0x000032b2      0x46e ./src/print.o

.debug_macinfo  0x00000000    0xca153
 *(.debug_macinfo)
 .debug_macinfo
                0x00000000    0x1b265 ./src/games/games.o
 .debug_macinfo
                0x0001b265    0x1aea0 ./src/MCNEW_POS.o
 .debug_macinfo
                0x00036105    0x1a460 ./src/auth.o
 .debug_macinfo
                0x00050565     0x6947 ./src/cJSON.o
 .debug_macinfo
                0x00056eac     0x91f6 ./src/constants.o
 .debug_macinfo
                0x000600a2    0x1a6cd ./src/gui.o
 .debug_macinfo
                0x0007a76f    0x1a53e ./src/helpers.o
 .debug_macinfo
                0x00094cad    0x1a53e ./src/lkd.o
 .debug_macinfo
                0x000af1eb    0x1af68 ./src/print.o

.debug_weaknames
 *(.debug_weaknames)

.debug_funcnames
 *(.debug_funcnames)

.debug_typenames
 *(.debug_typenames)

.debug_varnames
 *(.debug_varnames)

.debug_pubtypes
 *(.debug_pubtypes)

.debug_ranges   0x00000000       0x48
 *(.debug_ranges)
 .debug_ranges  0x00000000       0x28 /cygdrive/C/glibc-oabi-toolchain-arm-generic/arm-unknown-linux-gnu//sys-root/usr/lib/crti.o
 .debug_ranges  0x00000028       0x20 /cygdrive/C/glibc-oabi-toolchain-arm-generic/arm-unknown-linux-gnu//sys-root/usr/lib/crtn.o

.gnu.attributes
 *(.gnu.attributes)

.note.gnu.arm.ident
 *(.note.gnu.arm.ident)

/DISCARD/
 *(.note.GNU-stack)
 *(.gnu_debuglink)
OUTPUT(MCNEW_POS elf32-littlearm)

.ARM.attributes
                0x00000000       0x10
 .ARM.attributes
                0x00000000       0x10 /cygdrive/C/glibc-oabi-toolchain-arm-generic/arm-unknown-linux-gnu//sys-root/usr/lib/crt1.o
 .ARM.attributes
                0x00000010       0x10 /cygdrive/C/glibc-oabi-toolchain-arm-generic/arm-unknown-linux-gnu//sys-root/usr/lib/crti.o
 .ARM.attributes
                0x00000020       0x10 /usr/bin/../lib/gcc/arm-unknown-linux-gnu/4.3.4/crtbegin.o
 .ARM.attributes
                0x00000030       0x10 ./src/games/games.o
 .ARM.attributes
                0x00000040       0x10 ./src/MCNEW_POS.o
 .ARM.attributes
                0x00000050       0x10 ./src/auth.o
 .ARM.attributes
                0x00000060       0x10 ./src/cJSON.o
 .ARM.attributes
                0x00000070       0x10 ./src/constants.o
 .ARM.attributes
                0x00000080       0x10 ./src/gui.o
 .ARM.attributes
                0x00000090       0x10 ./src/helpers.o
 .ARM.attributes
                0x000000a0       0x10 ./src/lkd.o
 .ARM.attributes
                0x000000b0       0x10 ./src/print.o
 .ARM.attributes
                0x000000c0       0x10 /usr/bin/../lib/gcc/arm-unknown-linux-gnu/4.3.4/libgcc.a(_udivsi3.o)
 .ARM.attributes
                0x000000d0       0x10 /usr/bin/../lib/gcc/arm-unknown-linux-gnu/4.3.4/libgcc.a(_divsi3.o)
 .ARM.attributes
                0x000000e0       0x10 /usr/bin/../lib/gcc/arm-unknown-linux-gnu/4.3.4/libgcc.a(_modsi3.o)
 .ARM.attributes
                0x000000f0       0x10 /usr/bin/../lib/gcc/arm-unknown-linux-gnu/4.3.4/libgcc.a(_dvmd_tls.o)
 .ARM.attributes
                0x00000100       0x10 /usr/bin/../lib/gcc/arm-unknown-linux-gnu/4.3.4/libgcc.a(_addsubdf3.o)
 .ARM.attributes
                0x00000110       0x10 /usr/bin/../lib/gcc/arm-unknown-linux-gnu/4.3.4/libgcc.a(_muldivdf3.o)
 .ARM.attributes
                0x00000120       0x10 /usr/bin/../lib/gcc/arm-unknown-linux-gnu/4.3.4/libgcc.a(_cmpdf2.o)
 .ARM.attributes
                0x00000130       0x10 /usr/bin/../lib/gcc/arm-unknown-linux-gnu/4.3.4/libgcc.a(_fixdfsi.o)
 .ARM.attributes
                0x00000140       0x10 /usr/bin/../lib/gcc/arm-unknown-linux-gnu/4.3.4/libgcc.a(_addsubsf3.o)
 .ARM.attributes
                0x00000150       0x10 /cygdrive/C/glibc-oabi-toolchain-arm-generic/arm-unknown-linux-gnu//sys-root/usr/lib/libc_nonshared.a(elf-init.oS)
 .ARM.attributes
                0x00000160       0x10 /usr/bin/../lib/gcc/arm-unknown-linux-gnu/4.3.4/crtend.o
 .ARM.attributes
                0x00000170       0x10 /cygdrive/C/glibc-oabi-toolchain-arm-generic/arm-unknown-linux-gnu//sys-root/usr/lib/crtn.o
