Archive member included because of file (symbol)

/usr/bin/../lib/gcc/arm-unknown-linux-gnu/4.3.4/libgcc.a(_udivsi3.o)
                              ./src/helpers.o (__udivsi3)
/usr/bin/../lib/gcc/arm-unknown-linux-gnu/4.3.4/libgcc.a(_divsi3.o)
                              ./src/games/games.o (__divsi3)
/usr/bin/../lib/gcc/arm-unknown-linux-gnu/4.3.4/libgcc.a(_modsi3.o)
                              ./src/gui.o (__modsi3)
/usr/bin/../lib/gcc/arm-unknown-linux-gnu/4.3.4/libgcc.a(_dvmd_tls.o)
                              /usr/bin/../lib/gcc/arm-unknown-linux-gnu/4.3.4/libgcc.a(_udivsi3.o) (__div0)
/usr/bin/../lib/gcc/arm-unknown-linux-gnu/4.3.4/libgcc.a(_addsubdf3.o)
                              ./src/print.o (__subdf3)
/usr/bin/../lib/gcc/arm-unknown-linux-gnu/4.3.4/libgcc.a(_muldivdf3.o)
                              ./src/cJSON.o (__muldf3)
/usr/bin/../lib/gcc/arm-unknown-linux-gnu/4.3.4/libgcc.a(_cmpdf2.o)
                              ./src/cJSON.o (__gedf2)
/usr/bin/../lib/gcc/arm-unknown-linux-gnu/4.3.4/libgcc.a(_fixdfsi.o)
                              ./src/cJSON.o (__fixdfsi)
/usr/bin/../lib/gcc/arm-unknown-linux-gnu/4.3.4/libgcc.a(_addsubsf3.o)
                              ./src/games/games.o (__addsf3)
/cygdrive/C/glibc-oabi-toolchain-arm-generic/arm-unknown-linux-gnu//sys-root/usr/lib/libc_nonshared.a(elf-init.oS)
                              /cygdrive/C/glibc-oabi-toolchain-arm-generic/arm-unknown-linux-gnu//sys-root/usr/lib/crt1.o (__libc_csu_fini)

Discarded input sections

 .note.GNU-stack
                0x00000000        0x0 /cygdrive/C/glibc-oabi-toolchain-arm-generic/arm-unknown-linux-gnu//sys-root/usr/lib/crt1.o
 .note.GNU-stack
                0x00000000        0x0 /cygdrive/C/glibc-oabi-toolchain-arm-generic/arm-unknown-linux-gnu//sys-root/usr/lib/crti.o
 .note.GNU-stack
                0x00000000        0x0 /usr/bin/../lib/gcc/arm-unknown-linux-gnu/4.3.4/crtbegin.o
 .note.GNU-stack
                0x00000000        0x0 ./src/games/games.o
 .note.GNU-stack
                0x00000000        0x0 ./src/MCNEW_POS.o
 .note.GNU-stack
                0x00000000        0x0 ./src/auth.o
 .note.GNU-stack
                0x00000000        0x0 ./src/cJSON.o
 .note.GNU-stack
                0x00000000        0x0 ./src/constants.o
 .note.GNU-stack
                0x00000000        0x0 ./src/gui.o
 .note.GNU-stack
                0x00000000        0x0 ./src/helpers.o
 .note.GNU-stack
                0x00000000        0x0 ./src/lkd.o
 .note.GNU-stack
                0x00000000        0x0 ./src/modalYesNo.o
 .note.GNU-stack
                0x00000000        0x0 ./src/print.o
 .note.GNU-stack
                0x00000000        0x0 /usr/bin/../lib/gcc/arm-unknown-linux-gnu/4.3.4/libgcc.a(_udivsi3.o)
 .note.GNU-stack
                0x00000000        0x0 /usr/bin/../lib/gcc/arm-unknown-linux-gnu/4.3.4/libgcc.a(_divsi3.o)
 .note.GNU-stack
                0x00000000        0x0 /usr/bin/../lib/gcc/arm-unknown-linux-gnu/4.3.4/libgcc.a(_modsi3.o)
 .note.GNU-stack
                0x00000000        0x0 /usr/bin/../lib/gcc/arm-unknown-linux-gnu/4.3.4/libgcc.a(_dvmd_tls.o)
 .note.GNU-stack
                0x00000000        0x0 /usr/bin/../lib/gcc/arm-unknown-linux-gnu/4.3.4/libgcc.a(_addsubdf3.o)
 .note.GNU-stack
                0x00000000        0x0 /usr/bin/../lib/gcc/arm-unknown-linux-gnu/4.3.4/libgcc.a(_muldivdf3.o)
 .note.GNU-stack
                0x00000000        0x0 /usr/bin/../lib/gcc/arm-unknown-linux-gnu/4.3.4/libgcc.a(_cmpdf2.o)
 .note.GNU-stack
                0x00000000        0x0 /usr/bin/../lib/gcc/arm-unknown-linux-gnu/4.3.4/libgcc.a(_fixdfsi.o)
 .note.GNU-stack
                0x00000000        0x0 /usr/bin/../lib/gcc/arm-unknown-linux-gnu/4.3.4/libgcc.a(_addsubsf3.o)
 .note.GNU-stack
                0x00000000        0x0 /cygdrive/C/glibc-oabi-toolchain-arm-generic/arm-unknown-linux-gnu//sys-root/usr/lib/libc_nonshared.a(elf-init.oS)
 .note.GNU-stack
                0x00000000        0x0 /usr/bin/../lib/gcc/arm-unknown-linux-gnu/4.3.4/crtend.o
 .note.GNU-stack
                0x00000000        0x0 /cygdrive/C/glibc-oabi-toolchain-arm-generic/arm-unknown-linux-gnu//sys-root/usr/lib/crtn.o

Memory Configuration

Name             Origin             Length             Attributes
*default*        0x00000000         0xffffffff

Linker script and memory map

LOAD /cygdrive/C/glibc-oabi-toolchain-arm-generic/arm-unknown-linux-gnu//sys-root/usr/lib/crt1.o
LOAD /cygdrive/C/glibc-oabi-toolchain-arm-generic/arm-unknown-linux-gnu//sys-root/usr/lib/crti.o
LOAD /usr/bin/../lib/gcc/arm-unknown-linux-gnu/4.3.4/crtbegin.o
LOAD ./src/games/games.o
LOAD ./src/MCNEW_POS.o
LOAD ./src/auth.o
LOAD ./src/cJSON.o
LOAD ./src/constants.o
LOAD ./src/gui.o
LOAD ./src/helpers.o
LOAD ./src/lkd.o
LOAD ./src/modalYesNo.o
LOAD ./src/print.o
LOAD C:\src\NEW8210\seos\lib/libseos.so
LOAD C:\src\NEW8210\sdk8210\lib/libcurl.so
LOAD C:\src\NEW8210\sdk8210\lib/libz.so
LOAD C:\src\NEW8210\sdk8210\lib/libpng.so
LOAD C:\src\NEW8210\sdk8210\lib/libpos.so
LOAD C:\src\NEW8210\sdk8210\lib/libfusion.so
LOAD C:\src\NEW8210\sdk8210\lib/libdirect.so
LOAD C:\src\NEW8210\sdk8210\lib/libdirectfb.so
LOAD C:\src\NEW8210\sdk8210\lib/libssl.so
LOAD C:\src\NEW8210\sdk8210\lib/libiccard.so
LOAD C:\src\NEW8210\sdk8210\lib/libnfc.so
LOAD C:\src\NEW8210\sdk8210\lib/libped.so
LOAD C:\src\NEW8210\sdk8210\lib/libemv.so
LOAD C:\src\NEW8210\sdk8210\lib/libcrypto.so
LOAD C:\src\NEW8210\fribidi\lib/libfribidi.so
LOAD /usr/bin/../lib/gcc/arm-unknown-linux-gnu/4.3.4/libgcc.a
LOAD /cygdrive/C/glibc-oabi-toolchain-arm-generic/arm-unknown-linux-gnu//sys-root/lib/libgcc_s.so
LOAD /cygdrive/C/glibc-oabi-toolchain-arm-generic/arm-unknown-linux-gnu//sys-root/usr/lib/libc.so
START GROUP
LOAD /cygdrive/C/glibc-oabi-toolchain-arm-generic/arm-unknown-linux-gnu//sys-root/lib/libc.so.6
LOAD /cygdrive/C/glibc-oabi-toolchain-arm-generic/arm-unknown-linux-gnu//sys-root/usr/lib/libc_nonshared.a
LOAD /cygdrive/C/glibc-oabi-toolchain-arm-generic/arm-unknown-linux-gnu//sys-root/lib/ld-linux.so.2
END GROUP
LOAD /usr/bin/../lib/gcc/arm-unknown-linux-gnu/4.3.4/libgcc.a
LOAD /cygdrive/C/glibc-oabi-toolchain-arm-generic/arm-unknown-linux-gnu//sys-root/lib/libgcc_s.so
LOAD /usr/bin/../lib/gcc/arm-unknown-linux-gnu/4.3.4/crtend.o
LOAD /cygdrive/C/glibc-oabi-toolchain-arm-generic/arm-unknown-linux-gnu//sys-root/usr/lib/crtn.o
                0x00008000                PROVIDE (__executable_start, 0x8000)
                0x00008154                . = (0x8000 + SIZEOF_HEADERS)

.interp         0x00008154       0x13
 *(.interp)
 .interp        0x00008154       0x13 /cygdrive/C/glibc-oabi-toolchain-arm-generic/arm-unknown-linux-gnu//sys-root/usr/lib/crti.o

.note.ABI-tag   0x00008168       0x20
 .note.ABI-tag  0x00008168       0x20 /cygdrive/C/glibc-oabi-toolchain-arm-generic/arm-unknown-linux-gnu//sys-root/usr/lib/crt1.o

.note.gnu.build-id
 *(.note.gnu.build-id)

.hash           0x00008188      0x298
 *(.hash)
 .hash          0x00008188      0x298 /cygdrive/C/glibc-oabi-toolchain-arm-generic/arm-unknown-linux-gnu//sys-root/usr/lib/crti.o

.gnu.hash
 *(.gnu.hash)

.dynsym         0x00008420      0x610
 *(.dynsym)
 .dynsym        0x00008420      0x610 /cygdrive/C/glibc-oabi-toolchain-arm-generic/arm-unknown-linux-gnu//sys-root/usr/lib/crti.o

.dynstr         0x00008a30      0x51d
 *(.dynstr)
 .dynstr        0x00008a30      0x51d /cygdrive/C/glibc-oabi-toolchain-arm-generic/arm-unknown-linux-gnu//sys-root/usr/lib/crti.o

.gnu.version    0x00008f4e       0xc2
 *(.gnu.version)
 .gnu.version   0x00008f4e       0xc2 /cygdrive/C/glibc-oabi-toolchain-arm-generic/arm-unknown-linux-gnu//sys-root/usr/lib/crti.o

.gnu.version_d  0x00009010        0x0
 *(.gnu.version_d)
 .gnu.version_d
                0x00000000        0x0 /cygdrive/C/glibc-oabi-toolchain-arm-generic/arm-unknown-linux-gnu//sys-root/usr/lib/crti.o

.gnu.version_r  0x00009010       0x40
 *(.gnu.version_r)
 .gnu.version_r
                0x00009010       0x40 /cygdrive/C/glibc-oabi-toolchain-arm-generic/arm-unknown-linux-gnu//sys-root/usr/lib/crti.o

.rel.dyn        0x00009050        0x8
 *(.rel.init)
 *(.rel.text .rel.text.* .rel.gnu.linkonce.t.*)
 *(.rel.fini)
 *(.rel.rodata .rel.rodata.* .rel.gnu.linkonce.r.*)
 *(.rel.data.rel.ro* .rel.gnu.linkonce.d.rel.ro.*)
 *(.rel.data .rel.data.* .rel.gnu.linkonce.d.*)
 *(.rel.tdata .rel.tdata.* .rel.gnu.linkonce.td.*)
 *(.rel.tbss .rel.tbss.* .rel.gnu.linkonce.tb.*)
 *(.rel.ctors)
 *(.rel.dtors)
 *(.rel.got)
 .rel.got       0x00009050        0x8 /cygdrive/C/glibc-oabi-toolchain-arm-generic/arm-unknown-linux-gnu//sys-root/usr/lib/crti.o
 *(.rel.bss .rel.bss.* .rel.gnu.linkonce.b.*)
 .rel.bss       0x00000000        0x0 /cygdrive/C/glibc-oabi-toolchain-arm-generic/arm-unknown-linux-gnu//sys-root/usr/lib/crti.o

.rela.dyn
 *(.rela.init)
 *(.rela.text .rela.text.* .rela.gnu.linkonce.t.*)
 *(.rela.fini)
 *(.rela.rodata .rela.rodata.* .rela.gnu.linkonce.r.*)
 *(.rela.data .rela.data.* .rela.gnu.linkonce.d.*)
 *(.rela.tdata .rela.tdata.* .rela.gnu.linkonce.td.*)
 *(.rela.tbss .rela.tbss.* .rela.gnu.linkonce.tb.*)
 *(.rela.ctors)
 *(.rela.dtors)
 *(.rela.got)
 *(.rela.bss .rela.bss.* .rela.gnu.linkonce.b.*)

.rel.plt        0x00009058      0x2a0
 *(.rel.plt)
 .rel.plt       0x00009058      0x2a0 /cygdrive/C/glibc-oabi-toolchain-arm-generic/arm-unknown-linux-gnu//sys-root/usr/lib/crti.o

.rela.plt
 *(.rela.plt)

.init           0x000092f8       0x14
 *(.init)
 .init          0x000092f8        0x8 /cygdrive/C/glibc-oabi-toolchain-arm-generic/arm-unknown-linux-gnu//sys-root/usr/lib/crti.o
                0x000092f8                _init
 .init          0x00009300        0x4 /usr/bin/../lib/gcc/arm-unknown-linux-gnu/4.3.4/crtbegin.o
 .init          0x00009304        0x4 /usr/bin/../lib/gcc/arm-unknown-linux-gnu/4.3.4/crtend.o
 .init          0x00009308        0x4 /cygdrive/C/glibc-oabi-toolchain-arm-generic/arm-unknown-linux-gnu//sys-root/usr/lib/crtn.o

.plt            0x0000930c      0x404
 *(.plt)
 .plt           0x0000930c      0x404 /cygdrive/C/glibc-oabi-toolchain-arm-generic/arm-unknown-linux-gnu//sys-root/usr/lib/crti.o
                0x00009320                fputs@@GLIBC_2.0
                0x0000932c                abort@@GLIBC_2.0
                0x00009338                sprintf@@GLIBC_2.0
                0x00009344                srand@@GLIBC_2.0
                0x00009350                charset_convert
                0x0000935c                curl_easy_getinfo
                0x00009368                dfb_get_primay_layer
                0x00009374                kbFlush
                0x00009380                curl_easy_setopt
                0x0000938c                lcdGetSize
                0x00009398                printer_open
                0x000093b0                fileExist
                0x000093bc                realloc@@GLIBC_2.0
                0x000093c8                lcdGetSurface
                0x000093d4                curl_global_cleanup
                0x000093e0                localtime@@GLIBC_2.0
                0x000093ec                strtod@@GLIBC_2.0
                0x000093f8                vsnprintf@@GLIBC_2.0
                0x00009404                sysReadSN
                0x00009410                prnInit
                0x0000941c                memset@@GLIBC_2.0
                0x00009428                prnPrintf
                0x00009434                fileSize
                0x00009440                __libc_start_main@@GLIBC_2.0
                0x0000944c                lcdFlip
                0x00009458                PPPCheck
                0x00009464                WnetInit
                0x00009470                printer_get_param
                0x0000947c                curl_easy_init
                0x00009488                usleep@@GLIBC_2.0
                0x00009494                free@@GLIBC_2.0
                0x000094a0                sys_battery_info
                0x000094ac                beep
                0x000094b8                access@@GLIBC_2.0
                0x000094c4                prnStart
                0x000094d0                __ctype_b_loc@@GLIBC_2.3
                0x000094dc                curl_slist_append
                0x000094e8                WnetCheckSim
                0x000094f4                fclose@@GLIBC_2.1
                0x00009500                application_exit
                0x0000950c                fileRead
                0x00009518                curl_slist_free_all
                0x00009524                memcpy@@GLIBC_2.0
                0x00009530                strlen@@GLIBC_2.0
                0x0000953c                fopen@@GLIBC_2.1
                0x00009548                lcdGetFontHeight
                0x00009554                kbGetKey
                0x00009560                strcpy@@GLIBC_2.0
                0x0000956c                printer_close
                0x00009578                dfb_get_directfb
                0x00009584                print_surface
                0x00009590                curl_easy_perform
                0x0000959c                lcdCls
                0x000095a8                atoi@@GLIBC_2.0
                0x000095b4                lcdGetFgWindow
                0x000095c0                curl_easy_cleanup
                0x000095cc                sys_get_status_bar_height
                0x000095d8                sysDelayMs
                0x000095e4                kbGetKeyMs
                0x000095f0                time@@GLIBC_2.0
                0x000095fc                strncat@@GLIBC_2.0
                0x00009608                malloc@@GLIBC_2.0
                0x00009614                lcdSetFont
                0x00009620                lcdSetFgColor
                0x0000962c                prnStatus
                0x00009638                fileOpen
                0x00009644                memmove@@GLIBC_2.0
                0x00009650                printer_get_status
                0x0000965c                dfb_create_font
                0x00009668                lcdSetBgColor
                0x00009674                puts@@GLIBC_2.0
                0x00009680                PPPLogin
                0x0000968c                application_init
                0x00009698                sscanf@@GLIBC_2.0
                0x000096a4                strncmp@@GLIBC_2.0
                0x000096b0                curl_global_init
                0x000096bc                prnClose
                0x000096c8                PPPLogout
                0x000096d4                prnStep
                0x000096e0                tolower@@GLIBC_2.0
                0x000096ec                strcmp@@GLIBC_2.0
                0x000096f8                curl_easy_strerror
                0x00009704                fileClose

.text           0x00009710    0x1bff4
 *(.text .stub .text.* .gnu.linkonce.t.*)
 .text          0x00009710       0x38 /cygdrive/C/glibc-oabi-toolchain-arm-generic/arm-unknown-linux-gnu//sys-root/usr/lib/crt1.o
                0x00009710                _start
 .text          0x00009748       0x24 /cygdrive/C/glibc-oabi-toolchain-arm-generic/arm-unknown-linux-gnu//sys-root/usr/lib/crti.o
 .text          0x0000976c       0xb4 /usr/bin/../lib/gcc/arm-unknown-linux-gnu/4.3.4/crtbegin.o
 .text          0x00009820     0x7350 ./src/games/games.o
                0x0000dd9c                getLotsByDate
                0x0000e8e0                getReports
                0x0000fb38                getTicketsWon
                0x0000a0c8                getTirageType
                0x0000d980                getLotsGagnants
                0x0000b23c                postFiches
                0x0000d464                make_post_fiches
                0x0001067c                getFiches
                0x000099a0                getConfiguration
 .text          0x00010b70      0x9f4 ./src/MCNEW_POS.o
                0x00010cf0                main
 .text          0x00011564      0x9c0 ./src/auth.o
                0x000116e4                postHandleLogin
 .text          0x00011f24     0x6314 ./src/cJSON.o
                0x0001422c                cJSON_PrintUnformatted
                0x00013dc0                cJSON_ParseWithOpts
                0x00017c74                cJSON_IsObject
                0x00016e5c                cJSON_CreateRaw
                0x000141f8                cJSON_Print
                0x00013fd4                cJSON_Parse
                0x00017bc4                cJSON_IsString
                0x00016a9c                cJSON_CreateTrue
                0x000161b8                cJSON_AddNumberToObject
                0x00017abc                cJSON_IsBool
                0x000181d0                cJSON_malloc
                0x00017b6c                cJSON_IsNumber
                0x0001583c                cJSON_GetArraySize
                0x0001651c                cJSON_DetachItemFromArray
                0x00017a64                cJSON_IsTrue
                0x00011f54                cJSON_GetStringValue
                0x00016ef8                cJSON_CreateArray
                0x00016604                cJSON_DetachItemFromObjectCaseSensitive
                0x00017680                cJSON_Minify
                0x00016d8c                cJSON_CreateObjectReference
                0x00016ae4                cJSON_CreateFalse
                0x00016244                cJSON_AddStringToObject
                0x0001603c                cJSON_AddTrueToObject
                0x00016134                cJSON_AddBoolToObject
                0x00017454                cJSON_Duplicate
                0x000169e4                cJSON_ReplaceItemInObject
                0x000163c8                cJSON_AddArrayToObject
                0x00011f24                cJSON_GetErrorPtr
                0x00016a54                cJSON_CreateNull
                0x00016584                cJSON_DeleteItemFromArray
                0x00017b14                cJSON_IsNull
                0x00015fc0                cJSON_AddNullToObject
                0x00016a1c                cJSON_ReplaceItemInObjectCaseSensitive
                0x00015b10                cJSON_HasObjectItem
                0x00015cf8                cJSON_AddItemToArray
                0x00014260                cJSON_PrintBuffered
                0x000179b4                cJSON_IsInvalid
                0x00015f58                cJSON_AddItemReferenceToObject
                0x000166bc                cJSON_InsertItemInArray
                0x00016784                cJSON_ReplaceItemViaPointer
                0x00017c1c                cJSON_IsArray
                0x00015ec8                cJSON_AddItemToObjectCS
                0x000162c8                cJSON_AddRawToObject
                0x000122e4                cJSON_Delete
                0x00015e84                cJSON_AddItemToObject
                0x000168a4                cJSON_ReplaceItemInArray
                0x000170c4                cJSON_CreateFloatArray
                0x00017d24                cJSON_Compare
                0x00016f88                cJSON_CreateIntArray
                0x00016d24                cJSON_CreateStringReference
                0x00017ccc                cJSON_IsRaw
                0x0001732c                cJSON_CreateStringArray
                0x000160b8                cJSON_AddFalseToObject
                0x000165bc                cJSON_DetachItemFromObject
                0x00012194                cJSON_InitHooks
                0x00015ad8                cJSON_GetObjectItemCaseSensitive
                0x00016b2c                cJSON_CreateBool
                0x0001664c                cJSON_DeleteItemFromObject
                0x00016c88                cJSON_CreateString
                0x0001634c                cJSON_AddObjectToObject
                0x00016df4                cJSON_CreateArrayReference
                0x00012780                cJSON_SetNumberHelper
                0x00015954                cJSON_GetArrayItem
                0x00011fa4                cJSON_Version
                0x00018208                cJSON_free
                0x00016b9c                cJSON_CreateNumber
                0x00015aa0                cJSON_GetObjectItem
                0x00016f40                cJSON_CreateObject
                0x00017a0c                cJSON_IsFalse
                0x00015f0c                cJSON_AddItemReferenceToArray
                0x00016444                cJSON_DetachItemViaPointer
                0x00016684                cJSON_DeleteItemFromObjectCaseSensitive
                0x00014380                cJSON_PrintPreallocated
                0x00017200                cJSON_CreateDoubleArray
 .text          0x00018238        0x0 ./src/constants.o
 .text          0x00018238     0x154c ./src/gui.o
                0x00018a60                handleDDateInput
                0x000183b8                renderDDate
                0x00018b34                handleEntryInput
                0x0001873c                renderEntry
 .text          0x00019784     0x53c0 ./src/helpers.o
                0x0001eabc                kb_getkey
                0x0001e1e8                setOptionBouleItem
                0x0001acc0                lcd_draw_rectangle
                0x0001a544                write_to_file
                0x0001e8d4                freeTirageItems
                0x0001c100                lcdmenu_ticket
                0x00019f3c                make_post_request
                0x00019c64                make_get_request
                0x0001caec                bouleItemPrintf
                0x0001bb64                lcdmenu_tirage
                0x0001dbc8                freeItems
                0x0001ab40                drawpicture
                0x0001a750                string_len
                0x0001e090                readServer
                0x0001e6b0                addTirageItem
                0x00019904                check_connection
                0x0001dd94                hasInfoTirageByName
                0x0001a8c0                get_current_y
                0x0001e29c                setPrnY
                0x0001e2e4                printerprintf
                0x0001d0d8                editableList
                0x0001ae24                lcdprintfon
                0x0001b720                lcdprintfex
                0x0001a23c                make_http_request
                0x0001a5c4                read_from_file
                0x0001df78                deleteInfoTirageByIndex
                0x0001e2c4                getPrnY
                0x0001a904                lcd_header
                0x0001e134                removeCharAtIndex
                0x0001b2ac                lcdprintf
                0x0001dc48                deleteInfoTirageByName
                0x0001a8e0                lcdclean
                0x0001de30                addItem
                0x0001e96c                deleteTirageByIndex
                0x0001db9c                Beep
                0x0001a7b4                string_covert
                0x0001b794                lcdmenu
 .text          0x0001eb44     0x1708 ./src/lkd.o
                0x0001f920                addBouleMarriage
                0x0001f5e8                addBouleRevers
                0x0001edd0                getElement
                0x0001eef4                addElement
                0x0001fc58                addBouleL4
                0x0001f3c0                addBouleTriple
                0x00020028                addPwent
                0x0001ed94                destroyList
                0x0001f1a0                addBoulePaire
                0x0001f028                deleteByIndex
                0x0001ecc4                createList
 .text          0x0002024c     0x1008 ./src/modalYesNo.o
                0x000203cc                yesNo
                0x000209f4                askPage
 .text          0x00021254     0x3378 ./src/print.o
                0x00022738                print_rapport
                0x00023468                reprint_fiche
                0x0002157c                print_fiche
                0x000213d4                TestPrinter
 .text          0x000245cc      0x110 /usr/bin/../lib/gcc/arm-unknown-linux-gnu/4.3.4/libgcc.a(_udivsi3.o)
                0x000245cc                __udivsi3
                0x000245cc                __aeabi_uidiv
                0x000246c4                __aeabi_uidivmod
 .text          0x000246dc      0x140 /usr/bin/../lib/gcc/arm-unknown-linux-gnu/4.3.4/libgcc.a(_divsi3.o)
                0x000246dc                __divsi3
                0x00024804                __aeabi_idivmod
                0x000246dc                __aeabi_idiv
 .text          0x0002481c       0xe4 /usr/bin/../lib/gcc/arm-unknown-linux-gnu/4.3.4/libgcc.a(_modsi3.o)
                0x0002481c                __modsi3
 .text          0x00024900        0x4 /usr/bin/../lib/gcc/arm-unknown-linux-gnu/4.3.4/libgcc.a(_dvmd_tls.o)
                0x00024900                __div0
                0x00024900                __aeabi_idiv0
                0x00024900                __aeabi_ldiv0
 .text          0x00024904      0x400 /usr/bin/../lib/gcc/arm-unknown-linux-gnu/4.3.4/libgcc.a(_addsubdf3.o)
                0x00024c84                __floatundidf
                0x00024c18                __floatsidf
                0x00024bf0                __aeabi_ui2d
                0x00024c18                __aeabi_i2d
                0x00024bf0                __floatunsidf
                0x0002490c                __subdf3
                0x00024c98                __floatdidf
                0x00024910                __adddf3
                0x00024c98                __aeabi_l2d
                0x00024c44                __aeabi_f2d
                0x00024c84                __aeabi_ul2d
                0x00024904                __aeabi_drsub
                0x00024c44                __extendsfdf2
                0x00024910                __aeabi_dadd
                0x0002490c                __aeabi_dsub
 .text          0x00024d04      0x52c /usr/bin/../lib/gcc/arm-unknown-linux-gnu/4.3.4/libgcc.a(_muldivdf3.o)
                0x00024d04                __muldf3
                0x0002502c                __divdf3
                0x00024d04                __aeabi_dmul
                0x0002502c                __aeabi_ddiv
 .text          0x00025230      0x128 /usr/bin/../lib/gcc/arm-unknown-linux-gnu/4.3.4/libgcc.a(_cmpdf2.o)
                0x00025230                __gtdf2
                0x00025238                __ltdf2
                0x000252e0                __aeabi_cdcmple
                0x00025230                __gedf2
                0x00025344                __aeabi_dcmpgt
                0x00025238                __ledf2
                0x000252e0                __aeabi_cdcmpeq
                0x000252f4                __aeabi_dcmpeq
                0x0002531c                __aeabi_dcmple
                0x00025330                __aeabi_dcmpge
                0x00025240                __cmpdf2
                0x00025308                __aeabi_dcmplt
                0x00025240                __nedf2
                0x000252c4                __aeabi_cdrcmple
                0x00025240                __eqdf2
 .text          0x00025358       0x5c /usr/bin/../lib/gcc/arm-unknown-linux-gnu/4.3.4/libgcc.a(_fixdfsi.o)
                0x00025358                __fixdfsi
                0x00025358                __aeabi_d2iz
 .text          0x000253b4      0x2ac /usr/bin/../lib/gcc/arm-unknown-linux-gnu/4.3.4/libgcc.a(_addsubsf3.o)
                0x000253c0                __aeabi_fadd
                0x000255b4                __aeabi_l2f
                0x000255a4                __aeabi_ul2f
                0x000253bc                __subsf3
                0x00025584                __floatsisf
                0x000253c0                __addsf3
                0x000253b4                __aeabi_frsub
                0x000255b4                __floatdisf
                0x000253bc                __aeabi_fsub
                0x0002557c                __aeabi_ui2f
                0x00025584                __aeabi_i2f
                0x0002557c                __floatunsisf
                0x000255a4                __floatundisf
 .text          0x00025660       0x70 /cygdrive/C/glibc-oabi-toolchain-arm-generic/arm-unknown-linux-gnu//sys-root/usr/lib/libc_nonshared.a(elf-init.oS)
                0x00025660                __libc_csu_fini
                0x00025664                __libc_csu_init
 .text          0x000256d0       0x34 /usr/bin/../lib/gcc/arm-unknown-linux-gnu/4.3.4/crtend.o
 .text          0x00025704        0x0 /cygdrive/C/glibc-oabi-toolchain-arm-generic/arm-unknown-linux-gnu//sys-root/usr/lib/crtn.o
 *(.gnu.warning)
 *(.glue_7t)
 .glue_7t       0x00025704        0x0 /cygdrive/C/glibc-oabi-toolchain-arm-generic/arm-unknown-linux-gnu//sys-root/usr/lib/crt1.o
 .glue_7t       0x00025704        0x0 /cygdrive/C/glibc-oabi-toolchain-arm-generic/arm-unknown-linux-gnu//sys-root/usr/lib/crti.o
 .glue_7t       0x00025704        0x0 /usr/bin/../lib/gcc/arm-unknown-linux-gnu/4.3.4/crtbegin.o
 .glue_7t       0x00025704        0x0 ./src/games/games.o
 .glue_7t       0x00025704        0x0 ./src/MCNEW_POS.o
 .glue_7t       0x00025704        0x0 ./src/auth.o
 .glue_7t       0x00025704        0x0 ./src/cJSON.o
 .glue_7t       0x00025704        0x0 ./src/constants.o
 .glue_7t       0x00025704        0x0 ./src/gui.o
 .glue_7t       0x00025704        0x0 ./src/helpers.o
 .glue_7t       0x00025704        0x0 ./src/lkd.o
 .glue_7t       0x00025704        0x0 ./src/modalYesNo.o
 .glue_7t       0x00025704        0x0 ./src/print.o
 .glue_7t       0x00025704        0x0 C:\src\NEW8210\seos\lib/libseos.so
 .glue_7t       0x00025704        0x0 C:\src\NEW8210\sdk8210\lib/libcurl.so
 .glue_7t       0x00025704        0x0 C:\src\NEW8210\sdk8210\lib/libz.so
 .glue_7t       0x00025704        0x0 C:\src\NEW8210\sdk8210\lib/libpng.so
 .glue_7t       0x00025704        0x0 C:\src\NEW8210\sdk8210\lib/libpos.so
 .glue_7t       0x00025704        0x0 C:\src\NEW8210\sdk8210\lib/libfusion.so
 .glue_7t       0x00025704        0x0 C:\src\NEW8210\sdk8210\lib/libdirect.so
 .glue_7t       0x00025704        0x0 C:\src\NEW8210\sdk8210\lib/libdirectfb.so
 .glue_7t       0x00025704        0x0 C:\src\NEW8210\sdk8210\lib/libssl.so
 .glue_7t       0x00025704        0x0 C:\src\NEW8210\sdk8210\lib/libiccard.so
 .glue_7t       0x00025704        0x0 C:\src\NEW8210\sdk8210\lib/libnfc.so
 .glue_7t       0x00025704        0x0 C:\src\NEW8210\sdk8210\lib/libped.so
 .glue_7t       0x00025704        0x0 C:\src\NEW8210\sdk8210\lib/libemv.so
 .glue_7t       0x00025704        0x0 C:\src\NEW8210\sdk8210\lib/libcrypto.so
 .glue_7t       0x00025704        0x0 C:\src\NEW8210\fribidi\lib/libfribidi.so
 .glue_7t       0x00025704        0x0 /usr/bin/../lib/gcc/arm-unknown-linux-gnu/4.3.4/libgcc.a(_udivsi3.o)
 .glue_7t       0x00025704        0x0 /usr/bin/../lib/gcc/arm-unknown-linux-gnu/4.3.4/libgcc.a(_divsi3.o)
 .glue_7t       0x00025704        0x0 /usr/bin/../lib/gcc/arm-unknown-linux-gnu/4.3.4/libgcc.a(_modsi3.o)
 .glue_7t       0x00025704        0x0 /usr/bin/../lib/gcc/arm-unknown-linux-gnu/4.3.4/libgcc.a(_dvmd_tls.o)
 .glue_7t       0x00025704        0x0 /usr/bin/../lib/gcc/arm-unknown-linux-gnu/4.3.4/libgcc.a(_addsubdf3.o)
 .glue_7t       0x00025704        0x0 /usr/bin/../lib/gcc/arm-unknown-linux-gnu/4.3.4/libgcc.a(_muldivdf3.o)
 .glue_7t       0x00025704        0x0 /usr/bin/../lib/gcc/arm-unknown-linux-gnu/4.3.4/libgcc.a(_cmpdf2.o)
 .glue_7t       0x00025704        0x0 /usr/bin/../lib/gcc/arm-unknown-linux-gnu/4.3.4/libgcc.a(_fixdfsi.o)
 .glue_7t       0x00025704        0x0 /usr/bin/../lib/gcc/arm-unknown-linux-gnu/4.3.4/libgcc.a(_addsubsf3.o)
 .glue_7t       0x00025704        0x0 /cygdrive/C/glibc-oabi-toolchain-arm-generic/arm-unknown-linux-gnu//sys-root/lib/libgcc_s.so
 .glue_7t       0x00025704        0x0 /cygdrive/C/glibc-oabi-toolchain-arm-generic/arm-unknown-linux-gnu//sys-root/lib/libc.so.6
 .glue_7t       0x00025704        0x0 /cygdrive/C/glibc-oabi-toolchain-arm-generic/arm-unknown-linux-gnu//sys-root/usr/lib/libc_nonshared.a(elf-init.oS)
 .glue_7t       0x00025704        0x0 /cygdrive/C/glibc-oabi-toolchain-arm-generic/arm-unknown-linux-gnu//sys-root/lib/ld-linux.so.2
 .glue_7t       0x00025704        0x0 /cygdrive/C/glibc-oabi-toolchain-arm-generic/arm-unknown-linux-gnu//sys-root/lib/libgcc_s.so
 .glue_7t       0x00025704        0x0 /usr/bin/../lib/gcc/arm-unknown-linux-gnu/4.3.4/crtend.o
 .glue_7t       0x00025704        0x0 /cygdrive/C/glibc-oabi-toolchain-arm-generic/arm-unknown-linux-gnu//sys-root/usr/lib/crtn.o
 *(.glue_7)
 .glue_7        0x00025704        0x0 /cygdrive/C/glibc-oabi-toolchain-arm-generic/arm-unknown-linux-gnu//sys-root/usr/lib/crt1.o
 .glue_7        0x00025704        0x0 /cygdrive/C/glibc-oabi-toolchain-arm-generic/arm-unknown-linux-gnu//sys-root/usr/lib/crti.o
 .glue_7        0x00025704        0x0 /usr/bin/../lib/gcc/arm-unknown-linux-gnu/4.3.4/crtbegin.o
 .glue_7        0x00025704        0x0 ./src/games/games.o
 .glue_7        0x00025704        0x0 ./src/MCNEW_POS.o
 .glue_7        0x00025704        0x0 ./src/auth.o
 .glue_7        0x00025704        0x0 ./src/cJSON.o
 .glue_7        0x00025704        0x0 ./src/constants.o
 .glue_7        0x00025704        0x0 ./src/gui.o
 .glue_7        0x00025704        0x0 ./src/helpers.o
 .glue_7        0x00025704        0x0 ./src/lkd.o
 .glue_7        0x00025704        0x0 ./src/modalYesNo.o
 .glue_7        0x00025704        0x0 ./src/print.o
 .glue_7        0x00025704        0x0 C:\src\NEW8210\seos\lib/libseos.so
 .glue_7        0x00025704        0x0 C:\src\NEW8210\sdk8210\lib/libcurl.so
 .glue_7        0x00025704        0x0 C:\src\NEW8210\sdk8210\lib/libz.so
 .glue_7        0x00025704        0x0 C:\src\NEW8210\sdk8210\lib/libpng.so
 .glue_7        0x00025704        0x0 C:\src\NEW8210\sdk8210\lib/libpos.so
 .glue_7        0x00025704        0x0 C:\src\NEW8210\sdk8210\lib/libfusion.so
 .glue_7        0x00025704        0x0 C:\src\NEW8210\sdk8210\lib/libdirect.so
 .glue_7        0x00025704        0x0 C:\src\NEW8210\sdk8210\lib/libdirectfb.so
 .glue_7        0x00025704        0x0 C:\src\NEW8210\sdk8210\lib/libssl.so
 .glue_7        0x00025704        0x0 C:\src\NEW8210\sdk8210\lib/libiccard.so
 .glue_7        0x00025704        0x0 C:\src\NEW8210\sdk8210\lib/libnfc.so
 .glue_7        0x00025704        0x0 C:\src\NEW8210\sdk8210\lib/libped.so
 .glue_7        0x00025704        0x0 C:\src\NEW8210\sdk8210\lib/libemv.so
 .glue_7        0x00025704        0x0 C:\src\NEW8210\sdk8210\lib/libcrypto.so
 .glue_7        0x00025704        0x0 C:\src\NEW8210\fribidi\lib/libfribidi.so
 .glue_7        0x00025704        0x0 /usr/bin/../lib/gcc/arm-unknown-linux-gnu/4.3.4/libgcc.a(_udivsi3.o)
 .glue_7        0x00025704        0x0 /usr/bin/../lib/gcc/arm-unknown-linux-gnu/4.3.4/libgcc.a(_divsi3.o)
 .glue_7        0x00025704        0x0 /usr/bin/../lib/gcc/arm-unknown-linux-gnu/4.3.4/libgcc.a(_modsi3.o)
 .glue_7        0x00025704        0x0 /usr/bin/../lib/gcc/arm-unknown-linux-gnu/4.3.4/libgcc.a(_dvmd_tls.o)
 .glue_7        0x00025704        0x0 /usr/bin/../lib/gcc/arm-unknown-linux-gnu/4.3.4/libgcc.a(_addsubdf3.o)
 .glue_7        0x00025704        0x0 /usr/bin/../lib/gcc/arm-unknown-linux-gnu/4.3.4/libgcc.a(_muldivdf3.o)
 .glue_7        0x00025704        0x0 /usr/bin/../lib/gcc/arm-unknown-linux-gnu/4.3.4/libgcc.a(_cmpdf2.o)
 .glue_7        0x00025704        0x0 /usr/bin/../lib/gcc/arm-unknown-linux-gnu/4.3.4/libgcc.a(_fixdfsi.o)
 .glue_7        0x00025704        0x0 /usr/bin/../lib/gcc/arm-unknown-linux-gnu/4.3.4/libgcc.a(_addsubsf3.o)
 .glue_7        0x00025704        0x0 /cygdrive/C/glibc-oabi-toolchain-arm-generic/arm-unknown-linux-gnu//sys-root/lib/libgcc_s.so
 .glue_7        0x00025704        0x0 /cygdrive/C/glibc-oabi-toolchain-arm-generic/arm-unknown-linux-gnu//sys-root/lib/libc.so.6
 .glue_7        0x00025704        0x0 /cygdrive/C/glibc-oabi-toolchain-arm-generic/arm-unknown-linux-gnu//sys-root/usr/lib/libc_nonshared.a(elf-init.oS)
 .glue_7        0x00025704        0x0 /cygdrive/C/glibc-oabi-toolchain-arm-generic/arm-unknown-linux-gnu//sys-root/lib/ld-linux.so.2
 .glue_7        0x00025704        0x0 /cygdrive/C/glibc-oabi-toolchain-arm-generic/arm-unknown-linux-gnu//sys-root/lib/libgcc_s.so
 .glue_7        0x00025704        0x0 /usr/bin/../lib/gcc/arm-unknown-linux-gnu/4.3.4/crtend.o
 .glue_7        0x00025704        0x0 /cygdrive/C/glibc-oabi-toolchain-arm-generic/arm-unknown-linux-gnu//sys-root/usr/lib/crtn.o
 *(.vfp11_veneer)
 .vfp11_veneer  0x00025704        0x0 /cygdrive/C/glibc-oabi-toolchain-arm-generic/arm-unknown-linux-gnu//sys-root/usr/lib/crt1.o
 .vfp11_veneer  0x00025704        0x0 /cygdrive/C/glibc-oabi-toolchain-arm-generic/arm-unknown-linux-gnu//sys-root/usr/lib/crti.o
 .vfp11_veneer  0x00025704        0x0 /usr/bin/../lib/gcc/arm-unknown-linux-gnu/4.3.4/crtbegin.o
 .vfp11_veneer  0x00025704        0x0 ./src/games/games.o
 .vfp11_veneer  0x00025704        0x0 ./src/MCNEW_POS.o
 .vfp11_veneer  0x00025704        0x0 ./src/auth.o
 .vfp11_veneer  0x00025704        0x0 ./src/cJSON.o
 .vfp11_veneer  0x00025704        0x0 ./src/constants.o
 .vfp11_veneer  0x00025704        0x0 ./src/gui.o
 .vfp11_veneer  0x00025704        0x0 ./src/helpers.o
 .vfp11_veneer  0x00025704        0x0 ./src/lkd.o
 .vfp11_veneer  0x00025704        0x0 ./src/modalYesNo.o
 .vfp11_veneer  0x00025704        0x0 ./src/print.o
 .vfp11_veneer  0x00025704        0x0 C:\src\NEW8210\seos\lib/libseos.so
 .vfp11_veneer  0x00025704        0x0 C:\src\NEW8210\sdk8210\lib/libcurl.so
 .vfp11_veneer  0x00025704        0x0 C:\src\NEW8210\sdk8210\lib/libz.so
 .vfp11_veneer  0x00025704        0x0 C:\src\NEW8210\sdk8210\lib/libpng.so
 .vfp11_veneer  0x00025704        0x0 C:\src\NEW8210\sdk8210\lib/libpos.so
 .vfp11_veneer  0x00025704        0x0 C:\src\NEW8210\sdk8210\lib/libfusion.so
 .vfp11_veneer  0x00025704        0x0 C:\src\NEW8210\sdk8210\lib/libdirect.so
 .vfp11_veneer  0x00025704        0x0 C:\src\NEW8210\sdk8210\lib/libdirectfb.so
 .vfp11_veneer  0x00025704        0x0 C:\src\NEW8210\sdk8210\lib/libssl.so
 .vfp11_veneer  0x00025704        0x0 C:\src\NEW8210\sdk8210\lib/libiccard.so
 .vfp11_veneer  0x00025704        0x0 C:\src\NEW8210\sdk8210\lib/libnfc.so
 .vfp11_veneer  0x00025704        0x0 C:\src\NEW8210\sdk8210\lib/libped.so
 .vfp11_veneer  0x00025704        0x0 C:\src\NEW8210\sdk8210\lib/libemv.so
 .vfp11_veneer  0x00025704        0x0 C:\src\NEW8210\sdk8210\lib/libcrypto.so
 .vfp11_veneer  0x00025704        0x0 C:\src\NEW8210\fribidi\lib/libfribidi.so
 .vfp11_veneer  0x00025704        0x0 /usr/bin/../lib/gcc/arm-unknown-linux-gnu/4.3.4/libgcc.a(_udivsi3.o)
 .vfp11_veneer  0x00025704        0x0 /usr/bin/../lib/gcc/arm-unknown-linux-gnu/4.3.4/libgcc.a(_divsi3.o)
 .vfp11_veneer  0x00025704        0x0 /usr/bin/../lib/gcc/arm-unknown-linux-gnu/4.3.4/libgcc.a(_modsi3.o)
 .vfp11_veneer  0x00025704        0x0 /usr/bin/../lib/gcc/arm-unknown-linux-gnu/4.3.4/libgcc.a(_dvmd_tls.o)
 .vfp11_veneer  0x00025704        0x0 /usr/bin/../lib/gcc/arm-unknown-linux-gnu/4.3.4/libgcc.a(_addsubdf3.o)
 .vfp11_veneer  0x00025704        0x0 /usr/bin/../lib/gcc/arm-unknown-linux-gnu/4.3.4/libgcc.a(_muldivdf3.o)
 .vfp11_veneer  0x00025704        0x0 /usr/bin/../lib/gcc/arm-unknown-linux-gnu/4.3.4/libgcc.a(_cmpdf2.o)
 .vfp11_veneer  0x00025704        0x0 /usr/bin/../lib/gcc/arm-unknown-linux-gnu/4.3.4/libgcc.a(_fixdfsi.o)
 .vfp11_veneer  0x00025704        0x0 /usr/bin/../lib/gcc/arm-unknown-linux-gnu/4.3.4/libgcc.a(_addsubsf3.o)
 .vfp11_veneer  0x00025704        0x0 /cygdrive/C/glibc-oabi-toolchain-arm-generic/arm-unknown-linux-gnu//sys-root/lib/libgcc_s.so
 .vfp11_veneer  0x00025704        0x0 /cygdrive/C/glibc-oabi-toolchain-arm-generic/arm-unknown-linux-gnu//sys-root/lib/libc.so.6
 .vfp11_veneer  0x00025704        0x0 /cygdrive/C/glibc-oabi-toolchain-arm-generic/arm-unknown-linux-gnu//sys-root/usr/lib/libc_nonshared.a(elf-init.oS)
 .vfp11_veneer  0x00025704        0x0 /cygdrive/C/glibc-oabi-toolchain-arm-generic/arm-unknown-linux-gnu//sys-root/lib/ld-linux.so.2
 .vfp11_veneer  0x00025704        0x0 /cygdrive/C/glibc-oabi-toolchain-arm-generic/arm-unknown-linux-gnu//sys-root/lib/libgcc_s.so
 .vfp11_veneer  0x00025704        0x0 /usr/bin/../lib/gcc/arm-unknown-linux-gnu/4.3.4/crtend.o
 .vfp11_veneer  0x00025704        0x0 /cygdrive/C/glibc-oabi-toolchain-arm-generic/arm-unknown-linux-gnu//sys-root/usr/lib/crtn.o
 *(.v4_bx)
 .v4_bx         0x00025704        0x0 /cygdrive/C/glibc-oabi-toolchain-arm-generic/arm-unknown-linux-gnu//sys-root/usr/lib/crt1.o
 .v4_bx         0x00025704        0x0 /cygdrive/C/glibc-oabi-toolchain-arm-generic/arm-unknown-linux-gnu//sys-root/usr/lib/crti.o
 .v4_bx         0x00025704        0x0 /usr/bin/../lib/gcc/arm-unknown-linux-gnu/4.3.4/crtbegin.o
 .v4_bx         0x00025704        0x0 ./src/games/games.o
 .v4_bx         0x00025704        0x0 ./src/MCNEW_POS.o
 .v4_bx         0x00025704        0x0 ./src/auth.o
 .v4_bx         0x00025704        0x0 ./src/cJSON.o
 .v4_bx         0x00025704        0x0 ./src/constants.o
 .v4_bx         0x00025704        0x0 ./src/gui.o
 .v4_bx         0x00025704        0x0 ./src/helpers.o
 .v4_bx         0x00025704        0x0 ./src/lkd.o
 .v4_bx         0x00025704        0x0 ./src/modalYesNo.o
 .v4_bx         0x00025704        0x0 ./src/print.o
 .v4_bx         0x00025704        0x0 C:\src\NEW8210\seos\lib/libseos.so
 .v4_bx         0x00025704        0x0 C:\src\NEW8210\sdk8210\lib/libcurl.so
 .v4_bx         0x00025704        0x0 C:\src\NEW8210\sdk8210\lib/libz.so
 .v4_bx         0x00025704        0x0 C:\src\NEW8210\sdk8210\lib/libpng.so
 .v4_bx         0x00025704        0x0 C:\src\NEW8210\sdk8210\lib/libpos.so
 .v4_bx         0x00025704        0x0 C:\src\NEW8210\sdk8210\lib/libfusion.so
 .v4_bx         0x00025704        0x0 C:\src\NEW8210\sdk8210\lib/libdirect.so
 .v4_bx         0x00025704        0x0 C:\src\NEW8210\sdk8210\lib/libdirectfb.so
 .v4_bx         0x00025704        0x0 C:\src\NEW8210\sdk8210\lib/libssl.so
 .v4_bx         0x00025704        0x0 C:\src\NEW8210\sdk8210\lib/libiccard.so
 .v4_bx         0x00025704        0x0 C:\src\NEW8210\sdk8210\lib/libnfc.so
 .v4_bx         0x00025704        0x0 C:\src\NEW8210\sdk8210\lib/libped.so
 .v4_bx         0x00025704        0x0 C:\src\NEW8210\sdk8210\lib/libemv.so
 .v4_bx         0x00025704        0x0 C:\src\NEW8210\sdk8210\lib/libcrypto.so
 .v4_bx         0x00025704        0x0 C:\src\NEW8210\fribidi\lib/libfribidi.so
 .v4_bx         0x00025704        0x0 /usr/bin/../lib/gcc/arm-unknown-linux-gnu/4.3.4/libgcc.a(_udivsi3.o)
 .v4_bx         0x00025704        0x0 /usr/bin/../lib/gcc/arm-unknown-linux-gnu/4.3.4/libgcc.a(_divsi3.o)
 .v4_bx         0x00025704        0x0 /usr/bin/../lib/gcc/arm-unknown-linux-gnu/4.3.4/libgcc.a(_modsi3.o)
 .v4_bx         0x00025704        0x0 /usr/bin/../lib/gcc/arm-unknown-linux-gnu/4.3.4/libgcc.a(_dvmd_tls.o)
 .v4_bx         0x00025704        0x0 /usr/bin/../lib/gcc/arm-unknown-linux-gnu/4.3.4/libgcc.a(_addsubdf3.o)
 .v4_bx         0x00025704        0x0 /usr/bin/../lib/gcc/arm-unknown-linux-gnu/4.3.4/libgcc.a(_muldivdf3.o)
 .v4_bx         0x00025704        0x0 /usr/bin/../lib/gcc/arm-unknown-linux-gnu/4.3.4/libgcc.a(_cmpdf2.o)
 .v4_bx         0x00025704        0x0 /usr/bin/../lib/gcc/arm-unknown-linux-gnu/4.3.4/libgcc.a(_fixdfsi.o)
 .v4_bx         0x00025704        0x0 /usr/bin/../lib/gcc/arm-unknown-linux-gnu/4.3.4/libgcc.a(_addsubsf3.o)
 .v4_bx         0x00025704        0x0 /cygdrive/C/glibc-oabi-toolchain-arm-generic/arm-unknown-linux-gnu//sys-root/lib/libgcc_s.so
 .v4_bx         0x00025704        0x0 /cygdrive/C/glibc-oabi-toolchain-arm-generic/arm-unknown-linux-gnu//sys-root/lib/libc.so.6
 .v4_bx         0x00025704        0x0 /cygdrive/C/glibc-oabi-toolchain-arm-generic/arm-unknown-linux-gnu//sys-root/usr/lib/libc_nonshared.a(elf-init.oS)
 .v4_bx         0x00025704        0x0 /cygdrive/C/glibc-oabi-toolchain-arm-generic/arm-unknown-linux-gnu//sys-root/lib/ld-linux.so.2
 .v4_bx         0x00025704        0x0 /cygdrive/C/glibc-oabi-toolchain-arm-generic/arm-unknown-linux-gnu//sys-root/lib/libgcc_s.so
 .v4_bx         0x00025704        0x0 /usr/bin/../lib/gcc/arm-unknown-linux-gnu/4.3.4/crtend.o
 .v4_bx         0x00025704        0x0 /cygdrive/C/glibc-oabi-toolchain-arm-generic/arm-unknown-linux-gnu//sys-root/usr/lib/crtn.o

.fini           0x00025704        0xc
 *(.fini)
 .fini          0x00025704        0x4 /cygdrive/C/glibc-oabi-toolchain-arm-generic/arm-unknown-linux-gnu//sys-root/usr/lib/crti.o
                0x00025704                _fini
 .fini          0x00025708        0x4 /usr/bin/../lib/gcc/arm-unknown-linux-gnu/4.3.4/crtbegin.o
 .fini          0x0002570c        0x4 /cygdrive/C/glibc-oabi-toolchain-arm-generic/arm-unknown-linux-gnu//sys-root/usr/lib/crtn.o
                0x00025710                PROVIDE (__etext, .)
                0x00025710                PROVIDE (_etext, .)
                0x00025710                PROVIDE (etext, .)

.rodata         0x00025710     0x1418
 *(.rodata .rodata.* .gnu.linkonce.r.*)
 .rodata.cst4   0x00025710        0x4 /cygdrive/C/glibc-oabi-toolchain-arm-generic/arm-unknown-linux-gnu//sys-root/usr/lib/crt1.o
                0x00025710                _IO_stdin_used
 .rodata        0x00025714      0x738 ./src/games/games.o
 .rodata        0x00025e4c      0x140 ./src/MCNEW_POS.o
 .rodata        0x00025f8c      0x118 ./src/auth.o
 .rodata        0x000260a4       0xb0 ./src/cJSON.o
 .rodata        0x00026154      0x1d8 ./src/helpers.o
 .rodata        0x0002632c       0xdc ./src/lkd.o
 .rodata        0x00026408       0xc8 ./src/modalYesNo.o
 .rodata        0x000264d0      0x658 ./src/print.o

.rodata1
 *(.rodata1)

.eh_frame_hdr
 *(.eh_frame_hdr)

.eh_frame       0x00026b28        0x4
 *(.eh_frame)
 .eh_frame      0x00026b28        0x4 /usr/bin/../lib/gcc/arm-unknown-linux-gnu/4.3.4/crtend.o

.gcc_except_table
 *(.gcc_except_table .gcc_except_table.*)
                0x00026b2c                . = (ALIGN (0x8000) - ((0x8000 - .) & 0x7fff))
                0x0002eeac                . = (0x8000 DATA_SEGMENT_ALIGN 0x1000)

.eh_frame
 *(.eh_frame)

.gcc_except_table
 *(.gcc_except_table .gcc_except_table.*)

.tdata
 *(.tdata .tdata.* .gnu.linkonce.td.*)

.tbss
 *(.tbss .tbss.* .gnu.linkonce.tb.*)
 *(.tcommon)

.preinit_array  0x0002eeac        0x0
                0x0002eeac                PROVIDE (__preinit_array_start, .)
 *(.preinit_array)
                0x0002eeac                PROVIDE (__preinit_array_end, .)

.init_array     0x0002eeac        0x0
                0x0002eeac                PROVIDE (__init_array_start, .)
 *(SORT(.init_array.*))
 *(.init_array)
                0x0002eeac                PROVIDE (__init_array_end, .)

.fini_array     0x0002eeac        0x0
                0x0002eeac                PROVIDE (__fini_array_start, .)
 *(.fini_array)
 *(SORT(.fini_array.*))
                0x0002eeac                PROVIDE (__fini_array_end, .)

.ctors          0x0002eeac        0x8
 *crtbegin.o(.ctors)
 .ctors         0x0002eeac        0x4 /usr/bin/../lib/gcc/arm-unknown-linux-gnu/4.3.4/crtbegin.o
 *crtbegin?.o(.ctors)
 *(EXCLUDE_FILE(*crtend?.o *crtend.o) .ctors)
 *(SORT(.ctors.*))
 *(.ctors)
 .ctors         0x0002eeb0        0x4 /usr/bin/../lib/gcc/arm-unknown-linux-gnu/4.3.4/crtend.o

.dtors          0x0002eeb4        0x8
 *crtbegin.o(.dtors)
 .dtors         0x0002eeb4        0x4 /usr/bin/../lib/gcc/arm-unknown-linux-gnu/4.3.4/crtbegin.o
 *crtbegin?.o(.dtors)
 *(EXCLUDE_FILE(*crtend?.o *crtend.o) .dtors)
 *(SORT(.dtors.*))
 *(.dtors)
 .dtors         0x0002eeb8        0x4 /usr/bin/../lib/gcc/arm-unknown-linux-gnu/4.3.4/crtend.o
                0x0002eeb8                __DTOR_END__

.jcr            0x0002eebc        0x4
 *(.jcr)
 .jcr           0x0002eebc        0x0 /usr/bin/../lib/gcc/arm-unknown-linux-gnu/4.3.4/crtbegin.o
 .jcr           0x0002eebc        0x4 /usr/bin/../lib/gcc/arm-unknown-linux-gnu/4.3.4/crtend.o

.data.rel.ro
 *(.data.rel.ro.local* .gnu.linkonce.d.rel.ro.local.*)
 *(.data.rel.ro* .gnu.linkonce.d.rel.ro.*)

.dynamic        0x0002eec0      0x140
 *(.dynamic)
 .dynamic       0x0002eec0      0x140 /cygdrive/C/glibc-oabi-toolchain-arm-generic/arm-unknown-linux-gnu//sys-root/usr/lib/crti.o
                0x0002eec0                _DYNAMIC
                0x0002f000                . = (. DATA_SEGMENT_RELRO_END 0x0)

.got            0x0002f000      0x160
 *(.got.plt)
 .got.plt       0x0002f000      0x15c /cygdrive/C/glibc-oabi-toolchain-arm-generic/arm-unknown-linux-gnu//sys-root/usr/lib/crti.o
                0x0002f000                _GLOBAL_OFFSET_TABLE_
 *(.got)
 .got           0x0002f15c        0x4 /cygdrive/C/glibc-oabi-toolchain-arm-generic/arm-unknown-linux-gnu//sys-root/usr/lib/crti.o

.data           0x0002f160       0x50
                0x0002f160                __data_start = .
 *(.data .data.* .gnu.linkonce.d.*)
 .data          0x0002f160        0x4 /cygdrive/C/glibc-oabi-toolchain-arm-generic/arm-unknown-linux-gnu//sys-root/usr/lib/crt1.o
                0x0002f160                data_start
 .data          0x0002f164        0x0 /cygdrive/C/glibc-oabi-toolchain-arm-generic/arm-unknown-linux-gnu//sys-root/usr/lib/crti.o
 .data          0x0002f164        0x8 /usr/bin/../lib/gcc/arm-unknown-linux-gnu/4.3.4/crtbegin.o
                0x0002f168                __dso_handle
 .data          0x0002f16c        0x0 ./src/games/games.o
 .data          0x0002f16c        0x0 ./src/MCNEW_POS.o
 .data          0x0002f16c        0x0 ./src/auth.o
 .data          0x0002f16c        0xc ./src/cJSON.o
 .data          0x0002f178       0x2c ./src/constants.o
                0x0002f17c                colorWhite
                0x0002f194                colorWarning
                0x0002f19c                colorSuccess
                0x0002f188                colorSecondary
                0x0002f1a0                colorGrey
                0x0002f190                colorInfo
                0x0002f18c                colorLight
                0x0002f198                colorDanger
                0x0002f184                colorPrimary
                0x0002f180                colorBlack
                0x0002f178                SIZE_WIDGET
 .data          0x0002f1a4        0x0 ./src/gui.o
 .data          0x0002f1a4        0x8 ./src/helpers.o
                0x0002f1a8                prn_current_y
 .data          0x0002f1ac        0x0 ./src/lkd.o
 .data          0x0002f1ac        0x0 ./src/modalYesNo.o
 .data          0x0002f1ac        0x0 ./src/print.o
 .data          0x0002f1ac        0x0 /usr/bin/../lib/gcc/arm-unknown-linux-gnu/4.3.4/libgcc.a(_udivsi3.o)
 .data          0x0002f1ac        0x0 /usr/bin/../lib/gcc/arm-unknown-linux-gnu/4.3.4/libgcc.a(_divsi3.o)
 .data          0x0002f1ac        0x0 /usr/bin/../lib/gcc/arm-unknown-linux-gnu/4.3.4/libgcc.a(_modsi3.o)
 .data          0x0002f1ac        0x0 /usr/bin/../lib/gcc/arm-unknown-linux-gnu/4.3.4/libgcc.a(_dvmd_tls.o)
 .data          0x0002f1ac        0x0 /usr/bin/../lib/gcc/arm-unknown-linux-gnu/4.3.4/libgcc.a(_addsubdf3.o)
 .data          0x0002f1ac        0x0 /usr/bin/../lib/gcc/arm-unknown-linux-gnu/4.3.4/libgcc.a(_muldivdf3.o)
 .data          0x0002f1ac        0x0 /usr/bin/../lib/gcc/arm-unknown-linux-gnu/4.3.4/libgcc.a(_cmpdf2.o)
 .data          0x0002f1ac        0x0 /usr/bin/../lib/gcc/arm-unknown-linux-gnu/4.3.4/libgcc.a(_fixdfsi.o)
 .data          0x0002f1ac        0x0 /usr/bin/../lib/gcc/arm-unknown-linux-gnu/4.3.4/libgcc.a(_addsubsf3.o)
 .data          0x0002f1ac        0x0 /cygdrive/C/glibc-oabi-toolchain-arm-generic/arm-unknown-linux-gnu//sys-root/usr/lib/libc_nonshared.a(elf-init.oS)
 .data          0x0002f1ac        0x4 /usr/bin/../lib/gcc/arm-unknown-linux-gnu/4.3.4/crtend.o
 .data          0x0002f1b0        0x0 /cygdrive/C/glibc-oabi-toolchain-arm-generic/arm-unknown-linux-gnu//sys-root/usr/lib/crtn.o

.data1
 *(.data1)
                0x0002f1b0                _edata = .
                0x0002f1b0                PROVIDE (edata, .)
                0x0002f1b0                __bss_start = .
                0x0002f1b0                __bss_start__ = .

.bss            0x0002f1b0       0x2c
 *(.dynbss)
 .dynbss        0x00000000        0x0 /cygdrive/C/glibc-oabi-toolchain-arm-generic/arm-unknown-linux-gnu//sys-root/usr/lib/crti.o
 *(.bss .bss.* .gnu.linkonce.b.*)
 .bss           0x0002f1b0        0x0 /cygdrive/C/glibc-oabi-toolchain-arm-generic/arm-unknown-linux-gnu//sys-root/usr/lib/crt1.o
 .bss           0x0002f1b0        0x0 /cygdrive/C/glibc-oabi-toolchain-arm-generic/arm-unknown-linux-gnu//sys-root/usr/lib/crti.o
 .bss           0x0002f1b0        0x8 /usr/bin/../lib/gcc/arm-unknown-linux-gnu/4.3.4/crtbegin.o
 .bss           0x0002f1b8        0x0 ./src/games/games.o
 .bss           0x0002f1b8        0x0 ./src/MCNEW_POS.o
 .bss           0x0002f1b8        0x0 ./src/auth.o
 .bss           0x0002f1b8       0x18 ./src/cJSON.o
 .bss           0x0002f1d0        0x0 ./src/constants.o
 .bss           0x0002f1d0        0x8 ./src/gui.o
 .bss           0x0002f1d8        0x4 ./src/helpers.o
 .bss           0x0002f1dc        0x0 ./src/lkd.o
 .bss           0x0002f1dc        0x0 ./src/modalYesNo.o
 .bss           0x0002f1dc        0x0 ./src/print.o
 .bss           0x0002f1dc        0x0 /usr/bin/../lib/gcc/arm-unknown-linux-gnu/4.3.4/libgcc.a(_udivsi3.o)
 .bss           0x0002f1dc        0x0 /usr/bin/../lib/gcc/arm-unknown-linux-gnu/4.3.4/libgcc.a(_divsi3.o)
 .bss           0x0002f1dc        0x0 /usr/bin/../lib/gcc/arm-unknown-linux-gnu/4.3.4/libgcc.a(_modsi3.o)
 .bss           0x0002f1dc        0x0 /usr/bin/../lib/gcc/arm-unknown-linux-gnu/4.3.4/libgcc.a(_dvmd_tls.o)
 .bss           0x0002f1dc        0x0 /usr/bin/../lib/gcc/arm-unknown-linux-gnu/4.3.4/libgcc.a(_addsubdf3.o)
 .bss           0x0002f1dc        0x0 /usr/bin/../lib/gcc/arm-unknown-linux-gnu/4.3.4/libgcc.a(_muldivdf3.o)
 .bss           0x0002f1dc        0x0 /usr/bin/../lib/gcc/arm-unknown-linux-gnu/4.3.4/libgcc.a(_cmpdf2.o)
 .bss           0x0002f1dc        0x0 /usr/bin/../lib/gcc/arm-unknown-linux-gnu/4.3.4/libgcc.a(_fixdfsi.o)
 .bss           0x0002f1dc        0x0 /usr/bin/../lib/gcc/arm-unknown-linux-gnu/4.3.4/libgcc.a(_addsubsf3.o)
 .bss           0x0002f1dc        0x0 /cygdrive/C/glibc-oabi-toolchain-arm-generic/arm-unknown-linux-gnu//sys-root/usr/lib/libc_nonshared.a(elf-init.oS)
 .bss           0x0002f1dc        0x0 /usr/bin/../lib/gcc/arm-unknown-linux-gnu/4.3.4/crtend.o
 .bss           0x0002f1dc        0x0 /cygdrive/C/glibc-oabi-toolchain-arm-generic/arm-unknown-linux-gnu//sys-root/usr/lib/crtn.o
 *(COMMON)
                0x0002f1dc                . = ALIGN ((. != 0x0)?0x4:0x1)
                0x0002f1dc                _bss_end__ = .
                0x0002f1dc                __bss_end__ = .
                0x0002f1dc                . = ALIGN (0x4)
                0x0002f1dc                . = ALIGN (0x4)
                0x0002f1dc                __end__ = .
                0x0002f1dc                _end = .
                0x0002f1dc                PROVIDE (end, .)
                0x0002f1dc                . = DATA_SEGMENT_END (.)

.stab
 *(.stab)

.stabstr
 *(.stabstr)

.stab.excl
 *(.stab.excl)

.stab.exclstr
 *(.stab.exclstr)

.stab.index
 *(.stab.index)

.stab.indexstr
 *(.stab.indexstr)

.comment        0x00000000      0x200
 *(.comment)
 .comment       0x00000000       0x20 /cygdrive/C/glibc-oabi-toolchain-arm-generic/arm-unknown-linux-gnu//sys-root/usr/lib/crt1.o
 .comment       0x00000020       0x20 /cygdrive/C/glibc-oabi-toolchain-arm-generic/arm-unknown-linux-gnu//sys-root/usr/lib/crti.o
 .comment       0x00000040       0x20 /usr/bin/../lib/gcc/arm-unknown-linux-gnu/4.3.4/crtbegin.o
 .comment       0x00000060       0x20 ./src/games/games.o
 .comment       0x00000080       0x20 ./src/MCNEW_POS.o
 .comment       0x000000a0       0x20 ./src/auth.o
 .comment       0x000000c0       0x20 ./src/cJSON.o
 .comment       0x000000e0       0x20 ./src/constants.o
 .comment       0x00000100       0x20 ./src/gui.o
 .comment       0x00000120       0x20 ./src/helpers.o
 .comment       0x00000140       0x20 ./src/lkd.o
 .comment       0x00000160       0x20 ./src/modalYesNo.o
 .comment       0x00000180       0x20 ./src/print.o
 .comment       0x000001a0       0x20 /cygdrive/C/glibc-oabi-toolchain-arm-generic/arm-unknown-linux-gnu//sys-root/usr/lib/libc_nonshared.a(elf-init.oS)
 .comment       0x000001c0       0x20 /usr/bin/../lib/gcc/arm-unknown-linux-gnu/4.3.4/crtend.o
 .comment       0x000001e0       0x20 /cygdrive/C/glibc-oabi-toolchain-arm-generic/arm-unknown-linux-gnu//sys-root/usr/lib/crtn.o

.debug
 *(.debug)

.line
 *(.line)

.debug_srcinfo
 *(.debug_srcinfo)

.debug_sfnames
 *(.debug_sfnames)

.debug_aranges  0x00000000      0x298
 *(.debug_aranges)
 .debug_aranges
                0x00000000       0x30 /cygdrive/C/glibc-oabi-toolchain-arm-generic/arm-unknown-linux-gnu//sys-root/usr/lib/crti.o
 .debug_aranges
                0x00000030       0x20 ./src/games/games.o
 .debug_aranges
                0x00000050       0x20 ./src/MCNEW_POS.o
 .debug_aranges
                0x00000070       0x20 ./src/auth.o
 .debug_aranges
                0x00000090       0x20 ./src/cJSON.o
 .debug_aranges
                0x000000b0       0x20 ./src/gui.o
 .debug_aranges
                0x000000d0       0x20 ./src/helpers.o
 .debug_aranges
                0x000000f0       0x20 ./src/lkd.o
 .debug_aranges
                0x00000110       0x20 ./src/modalYesNo.o
 .debug_aranges
                0x00000130       0x20 ./src/print.o
 .debug_aranges
                0x00000150       0x20 /usr/bin/../lib/gcc/arm-unknown-linux-gnu/4.3.4/libgcc.a(_udivsi3.o)
 .debug_aranges
                0x00000170       0x20 /usr/bin/../lib/gcc/arm-unknown-linux-gnu/4.3.4/libgcc.a(_divsi3.o)
 .debug_aranges
                0x00000190       0x20 /usr/bin/../lib/gcc/arm-unknown-linux-gnu/4.3.4/libgcc.a(_modsi3.o)
 .debug_aranges
                0x000001b0       0x20 /usr/bin/../lib/gcc/arm-unknown-linux-gnu/4.3.4/libgcc.a(_dvmd_tls.o)
 .debug_aranges
                0x000001d0       0x20 /usr/bin/../lib/gcc/arm-unknown-linux-gnu/4.3.4/libgcc.a(_addsubdf3.o)
 .debug_aranges
                0x000001f0       0x20 /usr/bin/../lib/gcc/arm-unknown-linux-gnu/4.3.4/libgcc.a(_muldivdf3.o)
 .debug_aranges
                0x00000210       0x20 /usr/bin/../lib/gcc/arm-unknown-linux-gnu/4.3.4/libgcc.a(_cmpdf2.o)
 .debug_aranges
                0x00000230       0x20 /usr/bin/../lib/gcc/arm-unknown-linux-gnu/4.3.4/libgcc.a(_fixdfsi.o)
 .debug_aranges
                0x00000250       0x20 /usr/bin/../lib/gcc/arm-unknown-linux-gnu/4.3.4/libgcc.a(_addsubsf3.o)
 .debug_aranges
                0x00000270       0x28 /cygdrive/C/glibc-oabi-toolchain-arm-generic/arm-unknown-linux-gnu//sys-root/usr/lib/crtn.o

.debug_pubnames
                0x00000000      0xd64
 *(.debug_pubnames)
 .debug_pubnames
                0x00000000       0xb2 ./src/games/games.o
 .debug_pubnames
                0x000000b2       0x1b ./src/MCNEW_POS.o
 .debug_pubnames
                0x000000cd       0x26 ./src/auth.o
 .debug_pubnames
                0x000000f3      0x74e ./src/cJSON.o
 .debug_pubnames
                0x00000841       0xc1 ./src/constants.o
 .debug_pubnames
                0x00000902       0x5c ./src/gui.o
 .debug_pubnames
                0x0000095e      0x2be ./src/helpers.o
 .debug_pubnames
                0x00000c1c       0xca ./src/lkd.o
 .debug_pubnames
                0x00000ce6       0x28 ./src/modalYesNo.o
 .debug_pubnames
                0x00000d0e       0x56 ./src/print.o

.debug_info     0x00000000    0x33b5d
 *(.debug_info .gnu.linkonce.wi.*)
 .debug_info    0x00000000       0xb8 /cygdrive/C/glibc-oabi-toolchain-arm-generic/arm-unknown-linux-gnu//sys-root/usr/lib/crti.o
 .debug_info    0x000000b8     0x9a3e ./src/games/games.o
 .debug_info    0x00009af6      0x391 ./src/MCNEW_POS.o
 .debug_info    0x00009e87     0x825d ./src/auth.o
 .debug_info    0x000120e4     0x22e6 ./src/cJSON.o
 .debug_info    0x000143ca      0x1b4 ./src/constants.o
 .debug_info    0x0001457e     0x3095 ./src/gui.o
 .debug_info    0x00017613     0xa8f0 ./src/helpers.o
 .debug_info    0x00021f03      0x76c ./src/lkd.o
 .debug_info    0x0002266f     0x8306 ./src/modalYesNo.o
 .debug_info    0x0002a975     0x88ce ./src/print.o
 .debug_info    0x00033243       0xef /usr/bin/../lib/gcc/arm-unknown-linux-gnu/4.3.4/libgcc.a(_udivsi3.o)
 .debug_info    0x00033332       0xef /usr/bin/../lib/gcc/arm-unknown-linux-gnu/4.3.4/libgcc.a(_divsi3.o)
 .debug_info    0x00033421       0xef /usr/bin/../lib/gcc/arm-unknown-linux-gnu/4.3.4/libgcc.a(_modsi3.o)
 .debug_info    0x00033510       0xef /usr/bin/../lib/gcc/arm-unknown-linux-gnu/4.3.4/libgcc.a(_dvmd_tls.o)
 .debug_info    0x000335ff       0xee /usr/bin/../lib/gcc/arm-unknown-linux-gnu/4.3.4/libgcc.a(_addsubdf3.o)
 .debug_info    0x000336ed       0xee /usr/bin/../lib/gcc/arm-unknown-linux-gnu/4.3.4/libgcc.a(_muldivdf3.o)
 .debug_info    0x000337db       0xee /usr/bin/../lib/gcc/arm-unknown-linux-gnu/4.3.4/libgcc.a(_cmpdf2.o)
 .debug_info    0x000338c9       0xee /usr/bin/../lib/gcc/arm-unknown-linux-gnu/4.3.4/libgcc.a(_fixdfsi.o)
 .debug_info    0x000339b7       0xee /usr/bin/../lib/gcc/arm-unknown-linux-gnu/4.3.4/libgcc.a(_addsubsf3.o)
 .debug_info    0x00033aa5       0xb8 /cygdrive/C/glibc-oabi-toolchain-arm-generic/arm-unknown-linux-gnu//sys-root/usr/lib/crtn.o

.debug_abbrev   0x00000000     0x1387
 *(.debug_abbrev)
 .debug_abbrev  0x00000000       0x12 /cygdrive/C/glibc-oabi-toolchain-arm-generic/arm-unknown-linux-gnu//sys-root/usr/lib/crti.o
 .debug_abbrev  0x00000012      0x2bd ./src/games/games.o
 .debug_abbrev  0x000002cf      0x11a ./src/MCNEW_POS.o
 .debug_abbrev  0x000003e9      0x1d4 ./src/auth.o
 .debug_abbrev  0x000005bd      0x229 ./src/cJSON.o
 .debug_abbrev  0x000007e6       0x89 ./src/constants.o
 .debug_abbrev  0x0000086f      0x1ba ./src/gui.o
 .debug_abbrev  0x00000a29      0x323 ./src/helpers.o
 .debug_abbrev  0x00000d4c      0x13c ./src/lkd.o
 .debug_abbrev  0x00000e88      0x1ec ./src/modalYesNo.o
 .debug_abbrev  0x00001074      0x24d ./src/print.o
 .debug_abbrev  0x000012c1       0x14 /usr/bin/../lib/gcc/arm-unknown-linux-gnu/4.3.4/libgcc.a(_udivsi3.o)
 .debug_abbrev  0x000012d5       0x14 /usr/bin/../lib/gcc/arm-unknown-linux-gnu/4.3.4/libgcc.a(_divsi3.o)
 .debug_abbrev  0x000012e9       0x14 /usr/bin/../lib/gcc/arm-unknown-linux-gnu/4.3.4/libgcc.a(_modsi3.o)
 .debug_abbrev  0x000012fd       0x14 /usr/bin/../lib/gcc/arm-unknown-linux-gnu/4.3.4/libgcc.a(_dvmd_tls.o)
 .debug_abbrev  0x00001311       0x14 /usr/bin/../lib/gcc/arm-unknown-linux-gnu/4.3.4/libgcc.a(_addsubdf3.o)
 .debug_abbrev  0x00001325       0x14 /usr/bin/../lib/gcc/arm-unknown-linux-gnu/4.3.4/libgcc.a(_muldivdf3.o)
 .debug_abbrev  0x00001339       0x14 /usr/bin/../lib/gcc/arm-unknown-linux-gnu/4.3.4/libgcc.a(_cmpdf2.o)
 .debug_abbrev  0x0000134d       0x14 /usr/bin/../lib/gcc/arm-unknown-linux-gnu/4.3.4/libgcc.a(_fixdfsi.o)
 .debug_abbrev  0x00001361       0x14 /usr/bin/../lib/gcc/arm-unknown-linux-gnu/4.3.4/libgcc.a(_addsubsf3.o)
 .debug_abbrev  0x00001375       0x12 /cygdrive/C/glibc-oabi-toolchain-arm-generic/arm-unknown-linux-gnu//sys-root/usr/lib/crtn.o

.debug_line     0x00000000     0x7cc6
 *(.debug_line)
 .debug_line    0x00000000       0xae /cygdrive/C/glibc-oabi-toolchain-arm-generic/arm-unknown-linux-gnu//sys-root/usr/lib/crti.o
 .debug_line    0x000000ae     0x101a ./src/games/games.o
 .debug_line    0x000010c8      0xab4 ./src/MCNEW_POS.o
 .debug_line    0x00001b7c      0xa62 ./src/auth.o
 .debug_line    0x000025de      0xa77 ./src/cJSON.o
 .debug_line    0x00003055      0x62d ./src/constants.o
 .debug_line    0x00003682      0xad6 ./src/gui.o
 .debug_line    0x00004158      0xe8a ./src/helpers.o
 .debug_line    0x00004fe2      0xa97 ./src/lkd.o
 .debug_line    0x00005a79      0xab3 ./src/modalYesNo.o
 .debug_line    0x0000652c      0xcdc ./src/print.o
 .debug_line    0x00007208       0xb9 /usr/bin/../lib/gcc/arm-unknown-linux-gnu/4.3.4/libgcc.a(_udivsi3.o)
 .debug_line    0x000072c1       0xc5 /usr/bin/../lib/gcc/arm-unknown-linux-gnu/4.3.4/libgcc.a(_divsi3.o)
 .debug_line    0x00007386       0xa8 /usr/bin/../lib/gcc/arm-unknown-linux-gnu/4.3.4/libgcc.a(_modsi3.o)
 .debug_line    0x0000742e       0x8d /usr/bin/../lib/gcc/arm-unknown-linux-gnu/4.3.4/libgcc.a(_dvmd_tls.o)
 .debug_line    0x000074bb      0x218 /usr/bin/../lib/gcc/arm-unknown-linux-gnu/4.3.4/libgcc.a(_addsubdf3.o)
 .debug_line    0x000076d3      0x257 /usr/bin/../lib/gcc/arm-unknown-linux-gnu/4.3.4/libgcc.a(_muldivdf3.o)
 .debug_line    0x0000792a      0x11f /usr/bin/../lib/gcc/arm-unknown-linux-gnu/4.3.4/libgcc.a(_cmpdf2.o)
 .debug_line    0x00007a49       0xa2 /usr/bin/../lib/gcc/arm-unknown-linux-gnu/4.3.4/libgcc.a(_fixdfsi.o)
 .debug_line    0x00007aeb      0x143 /usr/bin/../lib/gcc/arm-unknown-linux-gnu/4.3.4/libgcc.a(_addsubsf3.o)
 .debug_line    0x00007c2e       0x98 /cygdrive/C/glibc-oabi-toolchain-arm-generic/arm-unknown-linux-gnu//sys-root/usr/lib/crtn.o

.debug_frame    0x00000000     0x2fdc
 *(.debug_frame)
 .debug_frame   0x00000000      0x4c8 ./src/games/games.o
 .debug_frame   0x000004c8      0x330 ./src/MCNEW_POS.o
 .debug_frame   0x000007f8      0x330 ./src/auth.o
 .debug_frame   0x00000b28      0xd10 ./src/cJSON.o
 .debug_frame   0x00001838      0x390 ./src/gui.o
 .debug_frame   0x00001bc8      0x810 ./src/helpers.o
 .debug_frame   0x000023d8      0x490 ./src/lkd.o
 .debug_frame   0x00002868      0x358 ./src/modalYesNo.o
 .debug_frame   0x00002bc0      0x3a4 ./src/print.o
 .debug_frame   0x00002f64       0x28 /usr/bin/../lib/gcc/arm-unknown-linux-gnu/4.3.4/libgcc.a(_udivsi3.o)
 .debug_frame   0x00002f8c       0x28 /usr/bin/../lib/gcc/arm-unknown-linux-gnu/4.3.4/libgcc.a(_divsi3.o)
 .debug_frame   0x00002fb4       0x28 /usr/bin/../lib/gcc/arm-unknown-linux-gnu/4.3.4/libgcc.a(_modsi3.o)

.debug_str      0x00000000     0xa33f
 *(.debug_str)
 .debug_str     0x00000000     0x6f62 ./src/games/games.o
                               0x7209 (size before relaxing)
 .debug_str     0x00006f62       0x4a ./src/MCNEW_POS.o
                                0x457 (size before relaxing)
 .debug_str     0x00006fac       0x62 ./src/auth.o
                               0x6d58 (size before relaxing)
 .debug_str     0x0000700e      0xb87 ./src/cJSON.o
                                0xd4a (size before relaxing)
 .debug_str     0x00007b95       0x6a ./src/constants.o
                                0x189 (size before relaxing)
 .debug_str     0x00007bff       0x77 ./src/gui.o
                               0x33de (size before relaxing)
 .debug_str     0x00007c76     0x23e5 ./src/helpers.o
                               0x9205 (size before relaxing)
 .debug_str     0x0000a05b       0xc7 ./src/lkd.o
                                0x4ec (size before relaxing)
 .debug_str     0x0000a122       0x51 ./src/modalYesNo.o
                               0x6ced (size before relaxing)
 .debug_str     0x0000a173      0x1cc ./src/print.o
                               0x6ea4 (size before relaxing)

.debug_loc      0x00000000     0x3d08
 *(.debug_loc)
 .debug_loc     0x00000000      0x612 ./src/games/games.o
 .debug_loc     0x00000612      0x41a ./src/MCNEW_POS.o
 .debug_loc     0x00000a2c      0x41a ./src/auth.o
 .debug_loc     0x00000e46     0x1110 ./src/cJSON.o
 .debug_loc     0x00001f56      0x498 ./src/gui.o
 .debug_loc     0x000023ee      0xa56 ./src/helpers.o
 .debug_loc     0x00002e44      0x5e8 ./src/lkd.o
 .debug_loc     0x0000342c      0x444 ./src/modalYesNo.o
 .debug_loc     0x00003870      0x498 ./src/print.o

.debug_macinfo  0x00000000    0xe48de
 *(.debug_macinfo)
 .debug_macinfo
                0x00000000    0x1b27e ./src/games/games.o
 .debug_macinfo
                0x0001b27e    0x1aeba ./src/MCNEW_POS.o
 .debug_macinfo
                0x00036138    0x1a460 ./src/auth.o
 .debug_macinfo
                0x00050598     0x6947 ./src/cJSON.o
 .debug_macinfo
                0x00056edf     0x91f6 ./src/constants.o
 .debug_macinfo
                0x000600d5    0x1a6cd ./src/gui.o
 .debug_macinfo
                0x0007a7a2    0x1a553 ./src/helpers.o
 .debug_macinfo
                0x00094cf5    0x1a53e ./src/lkd.o
 .debug_macinfo
                0x000af233    0x1a743 ./src/modalYesNo.o
 .debug_macinfo
                0x000c9976    0x1af68 ./src/print.o

.debug_weaknames
 *(.debug_weaknames)

.debug_funcnames
 *(.debug_funcnames)

.debug_typenames
 *(.debug_typenames)

.debug_varnames
 *(.debug_varnames)

.debug_pubtypes
 *(.debug_pubtypes)

.debug_ranges   0x00000000       0x48
 *(.debug_ranges)
 .debug_ranges  0x00000000       0x28 /cygdrive/C/glibc-oabi-toolchain-arm-generic/arm-unknown-linux-gnu//sys-root/usr/lib/crti.o
 .debug_ranges  0x00000028       0x20 /cygdrive/C/glibc-oabi-toolchain-arm-generic/arm-unknown-linux-gnu//sys-root/usr/lib/crtn.o

.gnu.attributes
 *(.gnu.attributes)

.note.gnu.arm.ident
 *(.note.gnu.arm.ident)

/DISCARD/
 *(.note.GNU-stack)
 *(.gnu_debuglink)
OUTPUT(MCNEW_POS elf32-littlearm)

.ARM.attributes
                0x00000000       0x10
 .ARM.attributes
                0x00000000       0x10 /cygdrive/C/glibc-oabi-toolchain-arm-generic/arm-unknown-linux-gnu//sys-root/usr/lib/crt1.o
 .ARM.attributes
                0x00000010       0x10 /cygdrive/C/glibc-oabi-toolchain-arm-generic/arm-unknown-linux-gnu//sys-root/usr/lib/crti.o
 .ARM.attributes
                0x00000020       0x10 /usr/bin/../lib/gcc/arm-unknown-linux-gnu/4.3.4/crtbegin.o
 .ARM.attributes
                0x00000030       0x10 ./src/games/games.o
 .ARM.attributes
                0x00000040       0x10 ./src/MCNEW_POS.o
 .ARM.attributes
                0x00000050       0x10 ./src/auth.o
 .ARM.attributes
                0x00000060       0x10 ./src/cJSON.o
 .ARM.attributes
                0x00000070       0x10 ./src/constants.o
 .ARM.attributes
                0x00000080       0x10 ./src/gui.o
 .ARM.attributes
                0x00000090       0x10 ./src/helpers.o
 .ARM.attributes
                0x000000a0       0x10 ./src/lkd.o
 .ARM.attributes
                0x000000b0       0x10 ./src/modalYesNo.o
 .ARM.attributes
                0x000000c0       0x10 ./src/print.o
 .ARM.attributes
                0x000000d0       0x10 /usr/bin/../lib/gcc/arm-unknown-linux-gnu/4.3.4/libgcc.a(_udivsi3.o)
 .ARM.attributes
                0x000000e0       0x10 /usr/bin/../lib/gcc/arm-unknown-linux-gnu/4.3.4/libgcc.a(_divsi3.o)
 .ARM.attributes
                0x000000f0       0x10 /usr/bin/../lib/gcc/arm-unknown-linux-gnu/4.3.4/libgcc.a(_modsi3.o)
 .ARM.attributes
                0x00000100       0x10 /usr/bin/../lib/gcc/arm-unknown-linux-gnu/4.3.4/libgcc.a(_dvmd_tls.o)
 .ARM.attributes
                0x00000110       0x10 /usr/bin/../lib/gcc/arm-unknown-linux-gnu/4.3.4/libgcc.a(_addsubdf3.o)
 .ARM.attributes
                0x00000120       0x10 /usr/bin/../lib/gcc/arm-unknown-linux-gnu/4.3.4/libgcc.a(_muldivdf3.o)
 .ARM.attributes
                0x00000130       0x10 /usr/bin/../lib/gcc/arm-unknown-linux-gnu/4.3.4/libgcc.a(_cmpdf2.o)
 .ARM.attributes
                0x00000140       0x10 /usr/bin/../lib/gcc/arm-unknown-linux-gnu/4.3.4/libgcc.a(_fixdfsi.o)
 .ARM.attributes
                0x00000150       0x10 /usr/bin/../lib/gcc/arm-unknown-linux-gnu/4.3.4/libgcc.a(_addsubsf3.o)
 .ARM.attributes
                0x00000160       0x10 /cygdrive/C/glibc-oabi-toolchain-arm-generic/arm-unknown-linux-gnu//sys-root/usr/lib/libc_nonshared.a(elf-init.oS)
 .ARM.attributes
                0x00000170       0x10 /usr/bin/../lib/gcc/arm-unknown-linux-gnu/4.3.4/crtend.o
 .ARM.attributes
                0x00000180       0x10 /cygdrive/C/glibc-oabi-toolchain-arm-generic/arm-unknown-linux-gnu//sys-root/usr/lib/crtn.o
